192.168.0.110 - - [08/Sep/2012:20:30:27 +0200] "GET /stages/FondInsa.jpg HTTP/1.1" 200 2828 "http://intranet-if.insa-lyon.fr/stages/style_pfe.css" "Mozilla/5.0 (Macintosh; Intel Mac OS X 10.8; rv:17.0) Gecko/17.0 Firefox/17.0"
192.168.0.110 - - [08/Sep/2012:20:30:27 +0200] "GET /stages/bandeauFinal.jpg HTTP/1.1" 200 50390 "http://intranet-if.insa-lyon.fr/SiteWebIF/Intranet-etudiant.php" "Mozilla/5.0 (Macintosh; Intel Mac OS X 10.8; rv:17.0) Gecko/17.0 Firefox/17.0"
192.168.0.110 - - [08/Sep/2012:20:30:30 +0200] "GET /temps/ HTTP/1.1" 200 6835 "http://intranet-if.insa-lyon.fr/SiteWebIF/Intranet-etudiant.php" "Mozilla/5.0 (Macintosh; Intel Mac OS X 10.8; rv:17.0) Gecko/17.0 Firefox/17.0"
192.168.0.110 - - [08/Sep/2012:20:30:30 +0200] "GET /temps/style_emploi_du_temps.css HTTP/1.1" 200 1216 "http://intranet-if.insa-lyon.fr/temps/" "Mozilla/5.0 (Macintosh; Intel Mac OS X 10.8; rv:17.0) Gecko/17.0 Firefox/17.0"
192.168.0.110 - - [08/Sep/2012:20:30:30 +0200] "GET /temps/FondInsa.jpg HTTP/1.1" 200 2828 "http://intranet-if.insa-lyon.fr/temps/style_emploi_du_temps.css" "Mozilla/5.0 (Macintosh; Intel Mac OS X 10.8; rv:17.0) Gecko/17.0 Firefox/17.0"
192.168.0.110 - - [08/Sep/2012:20:30:30 +0200] "GET /temps/InsaIF.ico HTTP/1.1" 200 766 "-" "Mozilla/5.0 (Macintosh; Intel Mac OS X 10.8; rv:17.0) Gecko/17.0 Firefox/17.0"
192.168.0.110 - - [08/Sep/2012:20:30:42 +0200] "GET /temps/3IF37.html HTTP/1.1" 200 17269 "http://intranet-if.insa-lyon.fr/temps/" "Mozilla/5.0 (Macintosh; Intel Mac OS X 10.8; rv:17.0) Gecko/17.0 Firefox/17.0"
192.168.0.110 - - [08/Sep/2012:20:30:43 +0200] "GET /temps/precedent.gif HTTP/1.1" 200 1906 "http://intranet-if.insa-lyon.fr/temps/3IF37.html" "Mozilla/5.0 (Macintosh; Intel Mac OS X 10.8; rv:17.0) Gecko/17.0 Firefox/17.0"
192.168.0.110 - - [08/Sep/2012:20:30:43 +0200] "GET /temps/choix.gif HTTP/1.1" 200 2836 "http://intranet-if.insa-lyon.fr/temps/3IF37.html" "Mozilla/5.0 (Macintosh; Intel Mac OS X 10.8; rv:17.0) Gecko/17.0 Firefox/17.0"
192.168.0.110 - - [08/Sep/2012:20:30:43 +0200] "GET /temps/suivant.gif HTTP/1.1" 200 1634 "http://intranet-if.insa-lyon.fr/temps/3IF37.html" "Mozilla/5.0 (Macintosh; Intel Mac OS X 10.8; rv:17.0) Gecko/17.0 Firefox/17.0"
192.168.0.110 - - [08/Sep/2012:20:31:51 +0200] "GET /temps/3IF38.html HTTP/1.1" 200 21722 "http://intranet-if.insa-lyon.fr/temps/3IF37.html" "Mozilla/5.0 (Macintosh; Intel Mac OS X 10.8; rv:17.0) Gecko/17.0 Firefox/17.0"
192.168.0.65 - - [08/Sep/2012:20:32:32 +0200] "GET /temps/4IF4.ics HTTP/1.1" 200 78500 "-" "DataAccess/1.0 (8J2)"
192.168.0.110 - - [08/Sep/2012:20:32:54 +0200] "GET / HTTP/1.1" 200 216 "-" "Mozilla/5.0 (Macintosh; Intel Mac OS X 10.8; rv:17.0) Gecko/17.0 Firefox/17.0"
192.168.0.110 - - [08/Sep/2012:20:32:54 +0200] "GET /favicon.ico HTTP/1.1" 200 1700 "-" "Mozilla/5.0 (Macintosh; Intel Mac OS X 10.8; rv:17.0) Gecko/17.0 Firefox/17.0"
192.168.0.110 - - [08/Sep/2012:20:33:00 +0200] "GET /SiteWebIF/Intranet-etudiant.php HTTP/1.1" 200 1815 "http://if.insa-lyon.fr/" "Mozilla/5.0 (Macintosh; Intel Mac OS X 10.8; rv:17.0) Gecko/17.0 Firefox/17.0"
192.168.0.110 - - [08/Sep/2012:20:33:09 +0200] "GET /notesif HTTP/1.1" 301 248 "http://intranet-if.insa-lyon.fr/SiteWebIF/Intranet-etudiant.php" "Mozilla/5.0 (Macintosh; Intel Mac OS X 10.8; rv:17.0) Gecko/17.0 Firefox/17.0"
192.168.0.110 - - [08/Sep/2012:20:33:09 +0200] "GET /notesif/ HTTP/1.1" 302 - "http://intranet-if.insa-lyon.fr/SiteWebIF/Intranet-etudiant.php" "Mozilla/5.0 (Macintosh; Intel Mac OS X 10.8; rv:17.0) Gecko/17.0 Firefox/17.0"
192.168.0.110 - - [08/Sep/2012:20:33:22 +0200] "GET /stages/Listestage.php HTTP/1.1" 200 74697 "http://intranet-if.insa-lyon.fr/SiteWebIF/Intranet-etudiant.php" "Mozilla/5.0 (Macintosh; Intel Mac OS X 10.8; rv:17.0) Gecko/17.0 Firefox/17.0"
192.168.0.110 - - [08/Sep/2012:20:33:49 +0200] "GET /stages/descriptif/ABC%20Portage.pdf HTTP/1.1" 200 210562 "http://intranet-if.insa-lyon.fr/stages/Listestage.php" "Mozilla/5.0 (Macintosh; Intel Mac OS X 10.8; rv:17.0) Gecko/17.0 Firefox/17.0"
192.168.0.110 - - [08/Sep/2012:20:34:39 +0200] "GET /stages/descriptif/CHECK%20AND%20TAKE%20Offres%20de%20stage%202011.12.08.pdf HTTP/1.1" 200 173356 "http://intranet-if.insa-lyon.fr/stages/Listestage.php" "Mozilla/5.0 (Macintosh; Intel Mac OS X 10.8; rv:17.0) Gecko/17.0 Firefox/17.0"
192.168.0.110 - - [08/Sep/2012:20:35:33 +0200] "GET /stages/descriptif/EDF%20Clamart%20-%202011%2010%20proposition%20stage%20PRISM-METRIX-GEOMETRIX%202012%20_%20DRIIME.doc HTTP/1.1" 200 1344000 "http://intranet-if.insa-lyon.fr/stages/Listestage.php" "Mozilla/5.0 (Macintosh; Intel Mac OS X 10.8; rv:17.0) Gecko/17.0 Firefox/17.0"
192.168.0.55 - - [08/Sep/2012:20:40:08 +0200] "GET /temps/3IF1.ics HTTP/1.1" 304 - "-" "DataAccess/1.0 (8C148)"
192.168.0.110 - - [08/Sep/2012:20:40:09 +0200] "GET /stages/descriptif/PLAYSOFT%20-%2020111031-%20Mobilite%20-%20Developeur_fr.doc HTTP/1.1" 404 265 "http://intranet-if.insa-lyon.fr/stages/Listestage.php" "Mozilla/5.0 (Macintosh; Intel Mac OS X 10.8; rv:17.0) Gecko/17.0 Firefox/17.0"
192.168.0.110 - - [08/Sep/2012:20:40:11 +0200] "GET /stages/Listestage.php HTTP/1.1" 200 74697 "http://intranet-if.insa-lyon.fr/SiteWebIF/Intranet-etudiant.php" "Mozilla/5.0 (Macintosh; Intel Mac OS X 10.8; rv:17.0) Gecko/17.0 Firefox/17.0"
192.168.0.11 - - [08/Sep/2012:20:40:18 +0200] "GET /notesif HTTP/1.1" 301 248 "-" "Tiny Tiny RSS/1.5.11 (http://tt-rss.org/)"
192.168.0.11 - - [08/Sep/2012:20:40:18 +0200] "GET /notesif/ HTTP/1.1" 302 - "-" "Tiny Tiny RSS/1.5.11 (http://tt-rss.org/)"
192.168.0.11 - - [08/Sep/2012:20:40:19 +0200] "GET /cas/themes/insa/media/favicon.ico;jsessionid=910EECA50E6FC8465E21771A10359BCC.dsi-vm03 HTTP/1.1" 404 284 "-" "Tiny Tiny RSS/1.5.11 (http://tt-rss.org/)"
192.168.0.111 - - [08/Sep/2012:20:51:19 +0200] "GET /temps/3IF1.ics HTTP/1.1" 304 - "-" "DataAccess/1.0 (8C148)"
192.168.0.11 - - [08/Sep/2012:20:56:48 +0200] "GET /notesif HTTP/1.1" 301 248 "-" "Tiny Tiny RSS/1.5.11 (http://tt-rss.org/)"
192.168.0.11 - - [08/Sep/2012:20:56:48 +0200] "GET /notesif/ HTTP/1.1" 302 - "-" "Tiny Tiny RSS/1.5.11 (http://tt-rss.org/)"
192.168.0.11 - - [08/Sep/2012:20:56:48 +0200] "GET /cas/themes/insa/media/favicon.ico;jsessionid=7EDA664EA3628CE38EDFAEBC721BD223.dsi-vm04 HTTP/1.1" 404 284 "-" "Tiny Tiny RSS/1.5.11 (http://tt-rss.org/)"
192.168.0.112 - - [08/Sep/2012:20:58:38 +0200] "GET /SiteWebIF/Intranet-etudiant.php HTTP/1.1" 302 477 "http://if.insa-lyon.fr/" "Mozilla/5.0 (Windows NT 6.1; WOW64; rv:14.0) Gecko/20100101 Firefox/14.0.1"
192.168.0.112 - - [08/Sep/2012:20:58:39 +0200] "GET /SiteWebIF/Intranet-etudiant.php?ticket=ST-345062-ymMQnJleSc1B3bpdXCZv-dsi-vm03 HTTP/1.1" 302 - "http://if.insa-lyon.fr/" "Mozilla/5.0 (Windows NT 6.1; WOW64; rv:14.0) Gecko/20100101 Firefox/14.0.1"
192.168.0.112 - - [08/Sep/2012:20:58:39 +0200] "GET /SiteWebIF/Intranet-etudiant.php HTTP/1.1" 200 3828 "http://if.insa-lyon.fr/" "Mozilla/5.0 (Windows NT 6.1; WOW64; rv:14.0) Gecko/20100101 Firefox/14.0.1"
192.168.0.112 - - [08/Sep/2012:20:58:39 +0200] "GET /stages/style_pfe.css HTTP/1.1" 200 895 "http://intranet-if.insa-lyon.fr/SiteWebIF/Intranet-etudiant.php" "Mozilla/5.0 (Windows NT 6.1; WOW64; rv:14.0) Gecko/20100101 Firefox/14.0.1"
192.168.0.112 - - [08/Sep/2012:20:58:39 +0200] "GET /stages/InsaIF.ico HTTP/1.1" 200 766 "-" "Mozilla/5.0 (Windows NT 6.1; WOW64; rv:14.0) Gecko/20100101 Firefox/14.0.1"
192.168.0.112 - - [08/Sep/2012:20:58:39 +0200] "GET /stages/FondInsa.jpg HTTP/1.1" 200 2828 "http://intranet-if.insa-lyon.fr/stages/style_pfe.css" "Mozilla/5.0 (Windows NT 6.1; WOW64; rv:14.0) Gecko/20100101 Firefox/14.0.1"
192.168.0.112 - - [08/Sep/2012:20:58:39 +0200] "GET /stages/bandeauFinal.jpg HTTP/1.1" 200 50390 "http://intranet-if.insa-lyon.fr/SiteWebIF/Intranet-etudiant.php" "Mozilla/5.0 (Windows NT 6.1; WOW64; rv:14.0) Gecko/20100101 Firefox/14.0.1"
192.168.0.112 - - [08/Sep/2012:20:58:48 +0200] "GET /temps/ HTTP/1.1" 200 6835 "http://intranet-if.insa-lyon.fr/SiteWebIF/Intranet-etudiant.php" "Mozilla/5.0 (Windows NT 6.1; WOW64; rv:14.0) Gecko/20100101 Firefox/14.0.1"
192.168.0.112 - - [08/Sep/2012:20:58:48 +0200] "GET /temps/style_emploi_du_temps.css HTTP/1.1" 200 1216 "http://intranet-if.insa-lyon.fr/temps/" "Mozilla/5.0 (Windows NT 6.1; WOW64; rv:14.0) Gecko/20100101 Firefox/14.0.1"
192.168.0.112 - - [08/Sep/2012:20:58:48 +0200] "GET /temps/InsaIF.ico HTTP/1.1" 200 766 "-" "Mozilla/5.0 (Windows NT 6.1; WOW64; rv:14.0) Gecko/20100101 Firefox/14.0.1"
192.168.0.112 - - [08/Sep/2012:20:58:48 +0200] "GET /temps/FondInsa.jpg HTTP/1.1" 200 2828 "http://intranet-if.insa-lyon.fr/temps/style_emploi_du_temps.css" "Mozilla/5.0 (Windows NT 6.1; WOW64; rv:14.0) Gecko/20100101 Firefox/14.0.1"
192.168.0.112 - - [08/Sep/2012:20:59:02 +0200] "GET /temps/3IF37.html HTTP/1.1" 200 17269 "http://intranet-if.insa-lyon.fr/temps/" "Mozilla/5.0 (Windows NT 6.1; WOW64; rv:14.0) Gecko/20100101 Firefox/14.0.1"
192.168.0.112 - - [08/Sep/2012:20:59:02 +0200] "GET /temps/precedent.gif HTTP/1.1" 200 1906 "http://intranet-if.insa-lyon.fr/temps/3IF37.html" "Mozilla/5.0 (Windows NT 6.1; WOW64; rv:14.0) Gecko/20100101 Firefox/14.0.1"
192.168.0.112 - - [08/Sep/2012:20:59:02 +0200] "GET /temps/choix.gif HTTP/1.1" 200 2836 "http://intranet-if.insa-lyon.fr/temps/3IF37.html" "Mozilla/5.0 (Windows NT 6.1; WOW64; rv:14.0) Gecko/20100101 Firefox/14.0.1"
192.168.0.112 - - [08/Sep/2012:20:59:02 +0200] "GET /temps/suivant.gif HTTP/1.1" 200 1634 "http://intranet-if.insa-lyon.fr/temps/3IF37.html" "Mozilla/5.0 (Windows NT 6.1; WOW64; rv:14.0) Gecko/20100101 Firefox/14.0.1"
192.168.0.112 - - [08/Sep/2012:21:01:19 +0200] "GET /temps/3IF36.html HTTP/1.1" 200 5188 "http://intranet-if.insa-lyon.fr/temps/3IF37.html" "Mozilla/5.0 (Windows NT 6.1; WOW64; rv:14.0) Gecko/20100101 Firefox/14.0.1"
192.168.0.112 - - [08/Sep/2012:21:01:23 +0200] "GET /temps/3IF38.html HTTP/1.1" 200 21722 "http://intranet-if.insa-lyon.fr/temps/3IF37.html" "Mozilla/5.0 (Windows NT 6.1; WOW64; rv:14.0) Gecko/20100101 Firefox/14.0.1"
192.168.0.41 - - [08/Sep/2012:21:01:39 +0200] "GET /temps/GL.ics HTTP/1.1" 304 - "-" "Mozilla/4.0 (compatible; MSIE 6.0; Windows NT 5.1; SV1; .NET CLR 1.1.4322) Zimbra/2.0"
192.168.0.7 - - [08/Sep/2012:21:02:05 +0200] "GET /temps/choix_2fc.html HTTP/1.1" 304 - "-" "Mozilla/5.0 (compatible; Googlebot/2.1; +http://www.google.com/bot.html)"
192.168.0.112 - - [08/Sep/2012:21:02:17 +0200] "GET /temps/3IF39.html HTTP/1.1" 200 22495 "http://intranet-if.insa-lyon.fr/temps/3IF38.html" "Mozilla/5.0 (Windows NT 6.1; WOW64; rv:14.0) Gecko/20100101 Firefox/14.0.1"
192.168.0.7 - - [08/Sep/2012:21:02:25 +0200] "GET /temps/3IF4.ics HTTP/1.1" 200 121209 "-" "Mozilla/5.0 (compatible; Googlebot/2.1; +http://www.google.com/bot.html)"
192.168.0.113 - - [08/Sep/2012:21:02:57 +0200] "GET /SiteWebIF/Intranet-etudiant.php HTTP/1.1" 302 477 "http://if.insa-lyon.fr/" "Mozilla/5.0 (Windows NT 6.1; WOW64; rv:15.0) Gecko/20100101 Firefox/15.0.1"
192.168.0.112 - - [08/Sep/2012:21:03:01 +0200] "GET /temps/INSA.jpg HTTP/1.1" 200 184548 "http://intranet-if.insa-lyon.fr/temps/3IF37.html" "Mozilla/5.0 (Windows NT 6.1; WOW64; rv:14.0) Gecko/20100101 Firefox/14.0.1"
192.168.0.113 - - [08/Sep/2012:21:03:04 +0200] "GET /SiteWebIF/Intranet-etudiant.php?ticket=ST-345077-k2eHRufAtHmrJYIPVzy4-dsi-vm03 HTTP/1.1" 302 - "-" "Mozilla/5.0 (Windows NT 6.1; WOW64; rv:15.0) Gecko/20100101 Firefox/15.0.1"
192.168.0.113 - - [08/Sep/2012:21:03:04 +0200] "GET /SiteWebIF/Intranet-etudiant.php HTTP/1.1" 200 3793 "-" "Mozilla/5.0 (Windows NT 6.1; WOW64; rv:15.0) Gecko/20100101 Firefox/15.0.1"
192.168.0.113 - - [08/Sep/2012:21:03:04 +0200] "GET /stages/style_pfe.css HTTP/1.1" 200 895 "http://intranet-if.insa-lyon.fr/SiteWebIF/Intranet-etudiant.php" "Mozilla/5.0 (Windows NT 6.1; WOW64; rv:15.0) Gecko/20100101 Firefox/15.0.1"
192.168.0.113 - - [08/Sep/2012:21:03:05 +0200] "GET /stages/InsaIF.ico HTTP/1.1" 200 766 "-" "Mozilla/5.0 (Windows NT 6.1; WOW64; rv:15.0) Gecko/20100101 Firefox/15.0.1"
192.168.0.113 - - [08/Sep/2012:21:03:05 +0200] "GET /stages/FondInsa.jpg HTTP/1.1" 200 2828 "http://intranet-if.insa-lyon.fr/stages/style_pfe.css" "Mozilla/5.0 (Windows NT 6.1; WOW64; rv:15.0) Gecko/20100101 Firefox/15.0.1"
192.168.0.113 - - [08/Sep/2012:21:03:05 +0200] "GET /stages/bandeauFinal.jpg HTTP/1.1" 200 50390 "http://intranet-if.insa-lyon.fr/SiteWebIF/Intranet-etudiant.php" "Mozilla/5.0 (Windows NT 6.1; WOW64; rv:15.0) Gecko/20100101 Firefox/15.0.1"
192.168.0.113 - - [08/Sep/2012:21:03:09 +0200] "GET /notesif HTTP/1.1" 301 248 "http://intranet-if.insa-lyon.fr/SiteWebIF/Intranet-etudiant.php" "Mozilla/5.0 (Windows NT 6.1; WOW64; rv:15.0) Gecko/20100101 Firefox/15.0.1"
192.168.0.113 - - [08/Sep/2012:21:03:09 +0200] "GET /notesif/ HTTP/1.1" 302 - "http://intranet-if.insa-lyon.fr/SiteWebIF/Intranet-etudiant.php" "Mozilla/5.0 (Windows NT 6.1; WOW64; rv:15.0) Gecko/20100101 Firefox/15.0.1"
192.168.0.113 - - [08/Sep/2012:21:03:17 +0200] "GET /temps/style_pfe.css HTTP/1.1" 200 895 "http://intranet-if.insa-lyon.fr/temps/SoutenancesPFE.html" "Mozilla/5.0 (Windows NT 6.1; WOW64; rv:15.0) Gecko/20100101 Firefox/15.0.1"
192.168.0.113 - - [08/Sep/2012:21:03:17 +0200] "GET /temps/loupe.gif HTTP/1.1" 200 326 "http://intranet-if.insa-lyon.fr/temps/SoutenancesPFE.html" "Mozilla/5.0 (Windows NT 6.1; WOW64; rv:15.0) Gecko/20100101 Firefox/15.0.1"
192.168.0.113 - - [08/Sep/2012:21:03:17 +0200] "GET /temps/InsaIF.ico HTTP/1.1" 200 766 "-" "Mozilla/5.0 (Windows NT 6.1; WOW64; rv:15.0) Gecko/20100101 Firefox/15.0.1"
192.168.0.113 - - [08/Sep/2012:21:03:17 +0200] "GET /temps/FondInsa.jpg HTTP/1.1" 200 2828 "http://intranet-if.insa-lyon.fr/temps/style_pfe.css" "Mozilla/5.0 (Windows NT 6.1; WOW64; rv:15.0) Gecko/20100101 Firefox/15.0.1"
192.168.0.113 - - [08/Sep/2012:21:03:16 +0200] "GET /temps/SoutenancesPFE.html HTTP/1.1" 200 93333 "http://intranet-if.insa-lyon.fr/SiteWebIF/Intranet-etudiant.php" "Mozilla/5.0 (Windows NT 6.1; WOW64; rv:15.0) Gecko/20100101 Firefox/15.0.1"
192.168.0.112 - - [08/Sep/2012:21:03:20 +0200] "GET /favicon.ico HTTP/1.1" 200 1700 "-" "Mozilla/5.0 (Windows NT 6.1; WOW64; rv:14.0) Gecko/20100101 Firefox/14.0.1"
192.168.0.112 - - [08/Sep/2012:21:04:05 +0200] "GET /temps/index.html HTTP/1.1" 200 6835 "http://intranet-if.insa-lyon.fr/temps/3IF37.html" "Mozilla/5.0 (Windows NT 6.1; WOW64; rv:14.0) Gecko/20100101 Firefox/14.0.1"
192.168.0.113 - - [08/Sep/2012:21:04:19 +0200] "GET /SiteWebIF/Intranet-etudiant.php?ticket=ST-345085-cGoaxSZNMoOq5qrMnlBz-dsi-vm03 HTTP/1.1" 302 - "http://if.insa-lyon.fr/" "Mozilla/5.0 (Windows NT 6.1; WOW64; rv:15.0) Gecko/20100101 Firefox/15.0.1"
192.168.0.113 - - [08/Sep/2012:21:04:19 +0200] "GET /SiteWebIF/Intranet-etudiant.php HTTP/1.1" 200 1815 "http://if.insa-lyon.fr/" "Mozilla/5.0 (Windows NT 6.1; WOW64; rv:15.0) Gecko/20100101 Firefox/15.0.1"
192.168.0.112 - - [08/Sep/2012:21:04:25 +0200] "GET /temps/3IF1.ics HTTP/1.1" 200 121308 "http://intranet-if.insa-lyon.fr/temps/index.html" "Mozilla/5.0 (Windows NT 6.1; WOW64; rv:14.0) Gecko/20100101 Firefox/14.0.1"
192.168.0.112 - - [08/Sep/2012:21:05:13 +0200] "GET /SiteWebIF/Intranet-personnel.php HTTP/1.1" 200 59 "http://if.insa-lyon.fr/" "Mozilla/5.0 (Windows NT 6.1; WOW64; rv:14.0) Gecko/20100101 Firefox/14.0.1"
192.168.0.114 - - [08/Sep/2012:21:06:18 +0200] "GET /temps/3IF1.ics HTTP/1.1" 304 - "-" "DataAccess/1.0 (8C148)"
192.168.0.110 - - [08/Sep/2012:21:08:44 +0200] "GET /SiteWebIF/Intranet-etudiant.php HTTP/1.1" 200 1815 "http://if.insa-lyon.fr/" "Mozilla/5.0 (Macintosh; Intel Mac OS X 10.8; rv:17.0) Gecko/17.0 Firefox/17.0"
192.168.0.112 - - [08/Sep/2012:21:08:45 +0200] "GET /temps/3IF40.html HTTP/1.1" 200 23907 "http://intranet-if.insa-lyon.fr/temps/3IF39.html" "Mozilla/5.0 (Windows NT 6.1; WOW64; rv:14.0) Gecko/20100101 Firefox/14.0.1"
192.168.0.112 - - [08/Sep/2012:21:09:03 +0200] "GET /temps/3IF41.html HTTP/1.1" 200 24037 "http://intranet-if.insa-lyon.fr/temps/3IF40.html" "Mozilla/5.0 (Windows NT 6.1; WOW64; rv:14.0) Gecko/20100101 Firefox/14.0.1"
192.168.0.112 - - [08/Sep/2012:21:09:23 +0200] "GET /temps/3IF42.html HTTP/1.1" 200 22591 "http://intranet-if.insa-lyon.fr/temps/3IF41.html" "Mozilla/5.0 (Windows NT 6.1; WOW64; rv:14.0) Gecko/20100101 Firefox/14.0.1"
192.168.0.112 - - [08/Sep/2012:21:09:41 +0200] "GET /temps/3IF43.html HTTP/1.1" 200 22193 "http://intranet-if.insa-lyon.fr/temps/3IF42.html" "Mozilla/5.0 (Windows NT 6.1; WOW64; rv:14.0) Gecko/20100101 Firefox/14.0.1"
192.168.0.112 - - [08/Sep/2012:21:09:55 +0200] "GET /temps/3IF44.html HTTP/1.1" 200 5207 "http://intranet-if.insa-lyon.fr/temps/3IF43.html" "Mozilla/5.0 (Windows NT 6.1; WOW64; rv:14.0) Gecko/20100101 Firefox/14.0.1"
192.168.0.112 - - [08/Sep/2012:21:10:00 +0200] "GET /temps/3IF45.html HTTP/1.1" 200 23840 "http://intranet-if.insa-lyon.fr/temps/3IF44.html" "Mozilla/5.0 (Windows NT 6.1; WOW64; rv:14.0) Gecko/20100101 Firefox/14.0.1"
192.168.0.112 - - [08/Sep/2012:21:10:41 +0200] "GET /temps/3IF46.html HTTP/1.1" 200 23633 "http://intranet-if.insa-lyon.fr/temps/3IF45.html" "Mozilla/5.0 (Windows NT 6.1; WOW64; rv:14.0) Gecko/20100101 Firefox/14.0.1"
192.168.0.112 - - [08/Sep/2012:21:10:53 +0200] "GET /temps/3IF47.html HTTP/1.1" 200 21091 "http://intranet-if.insa-lyon.fr/temps/3IF46.html" "Mozilla/5.0 (Windows NT 6.1; WOW64; rv:14.0) Gecko/20100101 Firefox/14.0.1"
192.168.0.110 - - [08/Sep/2012:21:11:13 +0200] "GET /temps/3IF1.ics HTTP/1.1" 200 121308 "-" "Mac OS X/10.8.1 (12B19) Calendar/1639"
192.168.0.12 - - [08/Sep/2012:21:11:18 +0200] "GET /notesif/RSS/RSS_3IF.xml HTTP/1.1" 200 95847 "-" "Feedfetcher-Google; (+http://www.google.com/feedfetcher.html; 2 subscribers; feed-id=16425187501328177924)"
192.168.0.110 - - [08/Sep/2012:21:11:40 +0200] "GET /temps/3IF1.ics HTTP/1.1" 200 121308 "-" "Mac OS X/10.8.1 (12B19) CalendarAgent/47"
192.168.0.11 - - [08/Sep/2012:21:12:56 +0200] "GET /notesif HTTP/1.1" 301 248 "-" "Tiny Tiny RSS/1.5.11 (http://tt-rss.org/)"
192.168.0.11 - - [08/Sep/2012:21:12:56 +0200] "GET /notesif/ HTTP/1.1" 302 - "-" "Tiny Tiny RSS/1.5.11 (http://tt-rss.org/)"
192.168.0.11 - - [08/Sep/2012:21:12:57 +0200] "GET /cas/themes/insa/media/favicon.ico;jsessionid=2B063A3723383B766C7CD5ECDE958739.dsi-vm04 HTTP/1.1" 404 284 "-" "Tiny Tiny RSS/1.5.11 (http://tt-rss.org/)"
192.168.0.115 - - [08/Sep/2012:21:18:59 +0200] "GET /temps/ HTTP/1.1" 200 6835 "http://www.google.fr/url?sa=t&rct=j&q=&esrc=s&source=web&cd=1&ved=0CCMQFjAA&url=http%3A%2F%2Fintranet-if.insa-lyon.fr%2Ftemps%2F&ei=FJpLUKqpJM61hAepl4CoCg&usg=AFQjCNEWrHsRdIlhli_31qYl94w-yMCjpw&sig2=yPVF_Hfjn_BlmCM97h9AOg" "Mozilla/5.0 (Windows NT 6.1; WOW64) AppleWebKit/537.1 (KHTML, like Gecko) Chrome/21.0.1180.89 Safari/537.1"
192.168.0.115 - - [08/Sep/2012:21:18:59 +0200] "GET /temps/style_emploi_du_temps.css HTTP/1.1" 200 1216 "http://intranet-if.insa-lyon.fr/temps/" "Mozilla/5.0 (Windows NT 6.1; WOW64) AppleWebKit/537.1 (KHTML, like Gecko) Chrome/21.0.1180.89 Safari/537.1"
192.168.0.115 - - [08/Sep/2012:21:18:59 +0200] "GET /temps/FondInsa.jpg HTTP/1.1" 200 2828 "http://intranet-if.insa-lyon.fr/temps/" "Mozilla/5.0 (Windows NT 6.1; WOW64) AppleWebKit/537.1 (KHTML, like Gecko) Chrome/21.0.1180.89 Safari/537.1"
192.168.0.115 - - [08/Sep/2012:21:18:59 +0200] "GET /temps/InsaIF.ico HTTP/1.1" 200 766 "-" "Mozilla/5.0 (Windows NT 6.1; WOW64) AppleWebKit/537.1 (KHTML, like Gecko) Chrome/21.0.1180.89 Safari/537.1"
192.168.0.115 - - [08/Sep/2012:21:19:13 +0200] "GET /temps/3IF37.html HTTP/1.1" 200 17269 "http://intranet-if.insa-lyon.fr/temps/" "Mozilla/5.0 (Windows NT 6.1; WOW64) AppleWebKit/537.1 (KHTML, like Gecko) Chrome/21.0.1180.89 Safari/537.1"
192.168.0.115 - - [08/Sep/2012:21:19:13 +0200] "GET /temps/precedent.gif HTTP/1.1" 200 1906 "http://intranet-if.insa-lyon.fr/temps/3IF37.html" "Mozilla/5.0 (Windows NT 6.1; WOW64) AppleWebKit/537.1 (KHTML, like Gecko) Chrome/21.0.1180.89 Safari/537.1"
192.168.0.115 - - [08/Sep/2012:21:19:13 +0200] "GET /temps/choix.gif HTTP/1.1" 200 2836 "http://intranet-if.insa-lyon.fr/temps/3IF37.html" "Mozilla/5.0 (Windows NT 6.1; WOW64) AppleWebKit/537.1 (KHTML, like Gecko) Chrome/21.0.1180.89 Safari/537.1"
192.168.0.115 - - [08/Sep/2012:21:19:13 +0200] "GET /temps/suivant.gif HTTP/1.1" 200 1634 "http://intranet-if.insa-lyon.fr/temps/3IF37.html" "Mozilla/5.0 (Windows NT 6.1; WOW64) AppleWebKit/537.1 (KHTML, like Gecko) Chrome/21.0.1180.89 Safari/537.1"
192.168.0.115 - - [08/Sep/2012:21:19:49 +0200] "GET /temps/INSA.jpg HTTP/1.1" 200 184548 "http://intranet-if.insa-lyon.fr/temps/3IF37.html" "Mozilla/5.0 (Windows NT 6.1; WOW64) AppleWebKit/537.1 (KHTML, like Gecko) Chrome/21.0.1180.89 Safari/537.1"
192.168.0.115 - - [08/Sep/2012:21:19:49 +0200] "GET /favicon.ico HTTP/1.1" 200 1700 "-" "Mozilla/5.0 (Windows NT 6.1; WOW64) AppleWebKit/537.1 (KHTML, like Gecko) Chrome/21.0.1180.89 Safari/537.1"
192.168.0.115 - - [08/Sep/2012:21:20:28 +0200] "GET /temps/3IF38.html HTTP/1.1" 200 21722 "http://intranet-if.insa-lyon.fr/temps/3IF37.html" "Mozilla/5.0 (Windows NT 6.1; WOW64) AppleWebKit/537.1 (KHTML, like Gecko) Chrome/21.0.1180.89 Safari/537.1"
192.168.0.108 - - [08/Sep/2012:21:21:18 +0200] "GET /temps/3IF1.ics HTTP/1.1" 304 - "-" "DataAccess/1.0 (8C148)"
192.168.0.32 - - [08/Sep/2012:21:23:34 +0200] "GET /temps/4IF1.ics HTTP/1.1" 200 78480 "-" "Mozilla/4.0 (compatible; MSIE 7.0; Windows NT 6.0)"
192.168.0.7 - - [08/Sep/2012:21:23:52 +0200] "GET /temps/4IF3.ics HTTP/1.1" 200 78494 "-" "Mozilla/5.0 (compatible; Googlebot/2.1; +http://www.google.com/bot.html)"
192.168.0.115 - - [08/Sep/2012:21:26:05 +0200] "GET /temps/5012N.jpg HTTP/1.1" 200 72556 "http://intranet-if.insa-lyon.fr/temps/3IF38.html" "Mozilla/5.0 (Windows NT 6.1; WOW64) AppleWebKit/537.1 (KHTML, like Gecko) Chrome/21.0.1180.89 Safari/537.1"
192.168.0.115 - - [08/Sep/2012:21:26:54 +0200] "GET /temps/3IF39.html HTTP/1.1" 200 22495 "http://intranet-if.insa-lyon.fr/temps/3IF38.html" "Mozilla/5.0 (Windows NT 6.1; WOW64) AppleWebKit/537.1 (KHTML, like Gecko) Chrome/21.0.1180.89 Safari/537.1"
192.168.0.59 - - [08/Sep/2012:21:27:32 +0200] "GET /notesif/RSS/RSS_4IF.xml HTTP/1.1" 200 57760 "http://intranet-if.insa-lyon.fr/notesif/RSS/RSS_4IF.xml" "Blogtrottr/2.0"
192.168.0.116 - - [08/Sep/2012:21:28:33 +0200] "GET /SiteWebIF/Intranet-etudiant.php HTTP/1.1" 302 477 "http://if.insa-lyon.fr/" "Mozilla/5.0 (Macintosh; Intel Mac OS X 10_6_8) AppleWebKit/537.1 (KHTML, like Gecko) Chrome/21.0.1180.89 Safari/537.1"
192.168.0.116 - - [08/Sep/2012:21:28:37 +0200] "GET /SiteWebIF/Intranet-etudiant.php?ticket=ST-345169-bgLTHybE5blPzKSNDqmG-dsi-vm03 HTTP/1.1" 302 - "-" "Mozilla/5.0 (Macintosh; Intel Mac OS X 10_6_8) AppleWebKit/537.1 (KHTML, like Gecko) Chrome/21.0.1180.89 Safari/537.1"
192.168.0.116 - - [08/Sep/2012:21:28:37 +0200] "GET /SiteWebIF/Intranet-etudiant.php HTTP/1.1" 200 3846 "-" "Mozilla/5.0 (Macintosh; Intel Mac OS X 10_6_8) AppleWebKit/537.1 (KHTML, like Gecko) Chrome/21.0.1180.89 Safari/537.1"
192.168.0.116 - - [08/Sep/2012:21:28:40 +0200] "GET /temps/ HTTP/1.1" 304 - "http://intranet-if.insa-lyon.fr/SiteWebIF/Intranet-etudiant.php" "Mozilla/5.0 (Macintosh; Intel Mac OS X 10_6_8) AppleWebKit/537.1 (KHTML, like Gecko) Chrome/21.0.1180.89 Safari/537.1"
192.168.0.116 - - [08/Sep/2012:21:28:44 +0200] "GET /temps/3IF45.html HTTP/1.1" 200 23840 "http://intranet-if.insa-lyon.fr/temps/" "Mozilla/5.0 (Macintosh; Intel Mac OS X 10_6_8) AppleWebKit/537.1 (KHTML, like Gecko) Chrome/21.0.1180.89 Safari/537.1"
192.168.0.116 - - [08/Sep/2012:21:28:49 +0200] "GET /temps/3IF46.html HTTP/1.1" 200 23633 "http://intranet-if.insa-lyon.fr/temps/3IF45.html" "Mozilla/5.0 (Macintosh; Intel Mac OS X 10_6_8) AppleWebKit/537.1 (KHTML, like Gecko) Chrome/21.0.1180.89 Safari/537.1"
192.168.0.11 - - [08/Sep/2012:21:31:37 +0200] "GET /notesif HTTP/1.1" 301 248 "-" "Tiny Tiny RSS/1.5.11 (http://tt-rss.org/)"
192.168.0.11 - - [08/Sep/2012:21:31:37 +0200] "GET /notesif/ HTTP/1.1" 302 - "-" "Tiny Tiny RSS/1.5.11 (http://tt-rss.org/)"
192.168.0.11 - - [08/Sep/2012:21:31:38 +0200] "GET /cas/themes/insa/media/favicon.ico;jsessionid=6B30D8BEF12D34011E7BA5AB578A1D52.dsi-vm04 HTTP/1.1" 404 284 "-" "Tiny Tiny RSS/1.5.11 (http://tt-rss.org/)"
192.168.0.117 - - [08/Sep/2012:21:32:27 +0200] "GET /temps/4IF4.ics HTTP/1.1" 200 78500 "-" "DataAccess/1.0 (8J2)"
192.168.0.58 - - [08/Sep/2012:21:36:18 +0200] "GET /temps/3IF1.ics HTTP/1.1" 304 - "-" "DataAccess/1.0 (8C148)"
192.168.0.7 - - [08/Sep/2012:21:41:21 +0200] "GET /temps/PF.ics HTTP/1.1" 200 11812 "-" "Mozilla/5.0 (compatible; Googlebot/2.1; +http://www.google.com/bot.html)"
192.168.0.115 - - [08/Sep/2012:21:42:42 +0200] "GET /temps/3IF40.html HTTP/1.1" 200 23907 "http://intranet-if.insa-lyon.fr/temps/3IF39.html" "Mozilla/5.0 (Windows NT 6.1; WOW64) AppleWebKit/537.1 (KHTML, like Gecko) Chrome/21.0.1180.89 Safari/537.1"
192.168.0.118 - - [08/Sep/2012:21:46:17 +0200] "GET /temps/ HTTP/1.1" 200 6835 "-" "Mozilla/5.0 (X11; Ubuntu; Linux i686; rv:15.0) Gecko/20100101 Firefox/15.0"
192.168.0.118 - - [08/Sep/2012:21:46:17 +0200] "GET /temps/style_emploi_du_temps.css HTTP/1.1" 200 1216 "http://intranet-if.insa-lyon.fr/temps/" "Mozilla/5.0 (X11; Ubuntu; Linux i686; rv:15.0) Gecko/20100101 Firefox/15.0"
192.168.0.118 - - [08/Sep/2012:21:46:17 +0200] "GET /temps/FondInsa.jpg HTTP/1.1" 200 2828 "http://intranet-if.insa-lyon.fr/temps/style_emploi_du_temps.css" "Mozilla/5.0 (X11; Ubuntu; Linux i686; rv:15.0) Gecko/20100101 Firefox/15.0"
192.168.0.118 - - [08/Sep/2012:21:46:18 +0200] "GET /temps/InsaIF.ico HTTP/1.1" 200 766 "-" "Mozilla/5.0 (X11; Ubuntu; Linux i686; rv:15.0) Gecko/20100101 Firefox/15.0"
192.168.0.118 - - [08/Sep/2012:21:46:19 +0200] "GET /temps/3IF37.html HTTP/1.1" 200 17269 "http://intranet-if.insa-lyon.fr/temps/" "Mozilla/5.0 (X11; Ubuntu; Linux i686; rv:15.0) Gecko/20100101 Firefox/15.0"
192.168.0.118 - - [08/Sep/2012:21:46:19 +0200] "GET /temps/precedent.gif HTTP/1.1" 200 1906 "http://intranet-if.insa-lyon.fr/temps/3IF37.html" "Mozilla/5.0 (X11; Ubuntu; Linux i686; rv:15.0) Gecko/20100101 Firefox/15.0"
192.168.0.118 - - [08/Sep/2012:21:46:19 +0200] "GET /temps/choix.gif HTTP/1.1" 200 2836 "http://intranet-if.insa-lyon.fr/temps/3IF37.html" "Mozilla/5.0 (X11; Ubuntu; Linux i686; rv:15.0) Gecko/20100101 Firefox/15.0"
192.168.0.118 - - [08/Sep/2012:21:46:19 +0200] "GET /temps/suivant.gif HTTP/1.1" 200 1634 "http://intranet-if.insa-lyon.fr/temps/3IF37.html" "Mozilla/5.0 (X11; Ubuntu; Linux i686; rv:15.0) Gecko/20100101 Firefox/15.0"
192.168.0.118 - - [08/Sep/2012:21:46:20 +0200] "GET /temps/3IF38.html HTTP/1.1" 200 21722 "http://intranet-if.insa-lyon.fr/temps/3IF37.html" "Mozilla/5.0 (X11; Ubuntu; Linux i686; rv:15.0) Gecko/20100101 Firefox/15.0"
192.168.0.118 - - [08/Sep/2012:21:46:21 +0200] "GET /temps/3IF39.html HTTP/1.1" 200 22495 "http://intranet-if.insa-lyon.fr/temps/3IF38.html" "Mozilla/5.0 (X11; Ubuntu; Linux i686; rv:15.0) Gecko/20100101 Firefox/15.0"
192.168.0.118 - - [08/Sep/2012:21:46:21 +0200] "GET /temps/3IF40.html HTTP/1.1" 200 23907 "http://intranet-if.insa-lyon.fr/temps/3IF39.html" "Mozilla/5.0 (X11; Ubuntu; Linux i686; rv:15.0) Gecko/20100101 Firefox/15.0"
192.168.0.118 - - [08/Sep/2012:21:46:21 +0200] "GET /temps/3IF40.html HTTP/1.1" 200 23907 "http://intranet-if.insa-lyon.fr/temps/3IF39.html" "Mozilla/5.0 (X11; Ubuntu; Linux i686; rv:15.0) Gecko/20100101 Firefox/15.0"
192.168.0.118 - - [08/Sep/2012:21:46:22 +0200] "GET /temps/3IF41.html HTTP/1.1" 200 24037 "http://intranet-if.insa-lyon.fr/temps/3IF40.html" "Mozilla/5.0 (X11; Ubuntu; Linux i686; rv:15.0) Gecko/20100101 Firefox/15.0"
192.168.0.118 - - [08/Sep/2012:21:46:24 +0200] "GET /temps/3IF42.html HTTP/1.1" 200 22591 "http://intranet-if.insa-lyon.fr/temps/3IF41.html" "Mozilla/5.0 (X11; Ubuntu; Linux i686; rv:15.0) Gecko/20100101 Firefox/15.0"
192.168.0.118 - - [08/Sep/2012:21:46:24 +0200] "GET /temps/3IF43.html HTTP/1.1" 200 22193 "http://intranet-if.insa-lyon.fr/temps/3IF42.html" "Mozilla/5.0 (X11; Ubuntu; Linux i686; rv:15.0) Gecko/20100101 Firefox/15.0"
192.168.0.118 - - [08/Sep/2012:21:46:31 +0200] "GET /temps/index.html HTTP/1.1" 200 6835 "http://intranet-if.insa-lyon.fr/temps/3IF43.html" "Mozilla/5.0 (X11; Ubuntu; Linux i686; rv:15.0) Gecko/20100101 Firefox/15.0"
192.168.0.118 - - [08/Sep/2012:21:46:37 +0200] "GET /temps/4IF41.html HTTP/1.1" 200 17673 "http://intranet-if.insa-lyon.fr/temps/index.html" "Mozilla/5.0 (X11; Ubuntu; Linux i686; rv:15.0) Gecko/20100101 Firefox/15.0"
192.168.0.118 - - [08/Sep/2012:21:46:39 +0200] "GET /temps/4IF42.html HTTP/1.1" 200 18037 "http://intranet-if.insa-lyon.fr/temps/4IF41.html" "Mozilla/5.0 (X11; Ubuntu; Linux i686; rv:15.0) Gecko/20100101 Firefox/15.0"
192.168.0.118 - - [08/Sep/2012:21:46:40 +0200] "GET /temps/4IF43.html HTTP/1.1" 200 17772 "http://intranet-if.insa-lyon.fr/temps/4IF42.html" "Mozilla/5.0 (X11; Ubuntu; Linux i686; rv:15.0) Gecko/20100101 Firefox/15.0"
192.168.0.11 - - [08/Sep/2012:21:49:52 +0200] "GET /notesif HTTP/1.1" 301 248 "-" "Tiny Tiny RSS/1.5.11 (http://tt-rss.org/)"
192.168.0.11 - - [08/Sep/2012:21:49:52 +0200] "GET /notesif/ HTTP/1.1" 302 - "-" "Tiny Tiny RSS/1.5.11 (http://tt-rss.org/)"
192.168.0.11 - - [08/Sep/2012:21:49:52 +0200] "GET /cas/themes/insa/media/favicon.ico;jsessionid=7F43502204EF9681222840C501D14A9A.dsi-vm04 HTTP/1.1" 404 284 "-" "Tiny Tiny RSS/1.5.11 (http://tt-rss.org/)"
192.168.0.11 - - [08/Sep/2012:21:50:04 +0200] "GET /notesif HTTP/1.1" 301 248 "-" "Tiny Tiny RSS/1.5.11 (http://tt-rss.org/)"
192.168.0.11 - - [08/Sep/2012:21:50:04 +0200] "GET /notesif/ HTTP/1.1" 302 - "-" "Tiny Tiny RSS/1.5.11 (http://tt-rss.org/)"
192.168.0.11 - - [08/Sep/2012:21:50:04 +0200] "GET /cas/themes/insa/media/favicon.ico;jsessionid=371C6624392DFE7B7B84D27C96EA74C3.dsi-vm04 HTTP/1.1" 404 284 "-" "Tiny Tiny RSS/1.5.11 (http://tt-rss.org/)"
192.168.0.62 - - [08/Sep/2012:21:51:17 +0200] "GET /temps/3IF1.ics HTTP/1.1" 304 - "-" "DataAccess/1.0 (8C148)"
192.168.0.7 - - [08/Sep/2012:22:02:41 +0200] "GET /temps/4IF42.ics HTTP/1.1" 404 213 "-" "Mozilla/5.0 (compatible; Googlebot/2.1; +http://www.google.com/bot.html)"
192.168.0.11 - - [08/Sep/2012:22:06:11 +0200] "GET /notesif HTTP/1.1" 301 248 "-" "Tiny Tiny RSS/1.5.11 (http://tt-rss.org/)"
192.168.0.11 - - [08/Sep/2012:22:06:11 +0200] "GET /notesif/ HTTP/1.1" 302 - "-" "Tiny Tiny RSS/1.5.11 (http://tt-rss.org/)"
192.168.0.11 - - [08/Sep/2012:22:06:12 +0200] "GET /cas/themes/insa/media/favicon.ico;jsessionid=0FAC7738CA782A39D208112ECA3B39FD.dsi-vm04 HTTP/1.1" 404 284 "-" "Tiny Tiny RSS/1.5.11 (http://tt-rss.org/)"
192.168.0.119 - - [08/Sep/2012:22:06:18 +0200] "GET /temps/3IF1.ics HTTP/1.1" 304 - "-" "DataAccess/1.0 (8C148)"
192.168.0.7 - - [08/Sep/2012:22:08:20 +0200] "GET /temps/EA.ics HTTP/1.1" 200 14137 "-" "Mozilla/5.0 (compatible; Googlebot/2.1; +http://www.google.com/bot.html)"
192.168.0.120 - - [08/Sep/2012:22:09:55 +0200] "GET /notesif HTTP/1.1" 301 248 "-" "Mozilla/5.0 (Windows NT 6.1; WOW64) AppleWebKit/537.1 (KHTML, like Gecko) Chrome/21.0.1180.89 Safari/537.1"
192.168.0.120 - - [08/Sep/2012:22:09:55 +0200] "GET /notesif/ HTTP/1.1" 302 - "-" "Mozilla/5.0 (Windows NT 6.1; WOW64) AppleWebKit/537.1 (KHTML, like Gecko) Chrome/21.0.1180.89 Safari/537.1"
192.168.0.12 - - [08/Sep/2012:22:13:58 +0200] "GET /notesif/RSS/RSS_3IF.xml HTTP/1.1" 200 95847 "-" "Feedfetcher-Google; (+http://www.google.com/feedfetcher.html; 2 subscribers; feed-id=16425187501328177924)"
192.168.0.7 - - [08/Sep/2012:22:16:24 +0200] "GET /temps/4IF2.ics HTTP/1.1" 200 78443 "-" "Mozilla/5.0 (compatible; Googlebot/2.1; +http://www.google.com/bot.html)"
192.168.0.106 - - [08/Sep/2012:22:21:18 +0200] "GET /temps/3IF1.ics HTTP/1.1" 304 - "-" "DataAccess/1.0 (8C148)"
192.168.0.11 - - [08/Sep/2012:22:22:25 +0200] "GET /notesif HTTP/1.1" 301 248 "-" "Tiny Tiny RSS/1.5.11 (http://tt-rss.org/)"
192.168.0.11 - - [08/Sep/2012:22:22:25 +0200] "GET /notesif/ HTTP/1.1" 302 - "-" "Tiny Tiny RSS/1.5.11 (http://tt-rss.org/)"
192.168.0.11 - - [08/Sep/2012:22:22:26 +0200] "GET /cas/themes/insa/media/favicon.ico;jsessionid=F6C7568511390F3D6714706260D883B8.dsi-vm04 HTTP/1.1" 404 284 "-" "Tiny Tiny RSS/1.5.11 (http://tt-rss.org/)"
192.168.0.12 - - [08/Sep/2012:22:23:20 +0200] "GET /notesif/RSS/RSS_4IF.xml HTTP/1.1" 200 57760 "-" "Feedfetcher-Google; (+http://www.google.com/feedfetcher.html; 1 subscribers; feed-id=16457623470660127987)"
192.168.0.7 - - [08/Sep/2012:22:23:39 +0200] "GET /temps/ML.ics HTTP/1.1" 200 11865 "-" "Mozilla/5.0 (compatible; Googlebot/2.1; +http://www.google.com/bot.html)"
192.168.0.117 - - [08/Sep/2012:22:24:46 +0200] "GET /temps/4IF4.ics HTTP/1.1" 200 78500 "-" "DataAccess/1.0 (8J2)"
192.168.0.10 - - [08/Sep/2012:22:28:18 +0200] "GET /notesif/RSS/RSS_4IF.xml HTTP/1.1" 200 57760 "http://intranet-if.insa-lyon.fr/notesif/RSS/RSS_4IF.xml" "Blogtrottr/2.0"
192.168.0.111 - - [08/Sep/2012:22:30:41 +0200] "GET /temps/3IF1.ics HTTP/1.1" 304 - "-" "DataAccess/1.0 (8C148)"
192.168.0.7 - - [08/Sep/2012:22:33:29 +0200] "GET /temps/choix_IM1.html HTTP/1.1" 304 - "-" "Mozilla/5.0 (compatible; Googlebot/2.1; +http://www.google.com/bot.html)"
192.168.0.121 - - [08/Sep/2012:22:38:44 +0200] "GET /temps/ HTTP/1.1" 304 - "-" "Mozilla/5.0 (compatible; MSIE 9.0; Windows NT 6.0; Trident/5.0)"
192.168.0.121 - - [08/Sep/2012:22:38:48 +0200] "GET /temps/3IF47.html HTTP/1.1" 200 21648 "-" "Mozilla/5.0 (compatible; MSIE 9.0; Windows NT 6.0; Trident/5.0)"
192.168.0.121 - - [08/Sep/2012:22:38:48 +0200] "GET /temps/3IF47.html HTTP/1.1" 200 21648 "-" "Mozilla/5.0 (compatible; MSIE 9.0; Windows NT 6.0; Trident/5.0)"
192.168.0.11 - - [08/Sep/2012:22:38:54 +0200] "GET /notesif HTTP/1.1" 301 248 "-" "Tiny Tiny RSS/1.5.11 (http://tt-rss.org/)"
192.168.0.11 - - [08/Sep/2012:22:38:54 +0200] "GET /notesif/ HTTP/1.1" 302 - "-" "Tiny Tiny RSS/1.5.11 (http://tt-rss.org/)"
192.168.0.11 - - [08/Sep/2012:22:38:55 +0200] "GET /cas/themes/insa/media/favicon.ico;jsessionid=4049D33632FA424DE91FAB72775E46B6.dsi-vm03 HTTP/1.1" 404 284 "-" "Tiny Tiny RSS/1.5.11 (http://tt-rss.org/)"
192.168.0.11 - - [08/Sep/2012:22:39:05 +0200] "GET /notesif HTTP/1.1" 301 248 "-" "Tiny Tiny RSS/1.5.11 (http://tt-rss.org/)"
192.168.0.11 - - [08/Sep/2012:22:39:05 +0200] "GET /notesif/ HTTP/1.1" 302 - "-" "Tiny Tiny RSS/1.5.11 (http://tt-rss.org/)"
192.168.0.11 - - [08/Sep/2012:22:39:05 +0200] "GET /cas/themes/insa/media/favicon.ico;jsessionid=6059AB5ECEFDE425EF4E76AFF00CDE90.dsi-vm04 HTTP/1.1" 404 284 "-" "Tiny Tiny RSS/1.5.11 (http://tt-rss.org/)"
192.168.0.45 - - [08/Sep/2012:22:45:49 +0200] "GET /temps/3IF1.ics HTTP/1.1" 200 121307 "-" "DataAccess/1.0 (8C148)"
192.168.0.110 - - [08/Sep/2012:22:55:08 +0200] "GET /temps/3IF1.ics HTTP/1.1" 200 121307 "-" "iOS/5.1.1 (9B208) dataaccessd/1.0"
192.168.0.11 - - [08/Sep/2012:22:55:25 +0200] "GET /notesif HTTP/1.1" 301 248 "-" "Tiny Tiny RSS/1.5.11 (http://tt-rss.org/)"
192.168.0.11 - - [08/Sep/2012:22:55:25 +0200] "GET /notesif/ HTTP/1.1" 302 - "-" "Tiny Tiny RSS/1.5.11 (http://tt-rss.org/)"
192.168.0.11 - - [08/Sep/2012:22:55:26 +0200] "GET /cas/themes/insa/media/favicon.ico;jsessionid=B355D9B05934F13240B5B1E1FCB0AD85.dsi-vm04 HTTP/1.1" 404 284 "-" "Tiny Tiny RSS/1.5.11 (http://tt-rss.org/)"
192.168.0.117 - - [08/Sep/2012:22:59:31 +0200] "GET /temps/4IF4.ics HTTP/1.1" 200 78500 "-" "DataAccess/1.0 (8J2)"
192.168.0.122 - - [08/Sep/2012:23:02:04 +0200] "GET /temps/3IF1.ics HTTP/1.1" 304 - "-" "DataAccess/1.0 (8C148)"
192.168.0.11 - - [08/Sep/2012:23:11:40 +0200] "GET /notesif HTTP/1.1" 301 248 "-" "Tiny Tiny RSS/1.5.11 (http://tt-rss.org/)"
192.168.0.11 - - [08/Sep/2012:23:11:40 +0200] "GET /notesif/ HTTP/1.1" 302 - "-" "Tiny Tiny RSS/1.5.11 (http://tt-rss.org/)"
192.168.0.11 - - [08/Sep/2012:23:11:40 +0200] "GET /cas/themes/insa/media/favicon.ico;jsessionid=9BDF6AA1BDC6377D9EE9D7C8A7B64EF0.dsi-vm04 HTTP/1.1" 404 284 "-" "Tiny Tiny RSS/1.5.11 (http://tt-rss.org/)"
192.168.0.60 - - [08/Sep/2012:23:17:08 +0200] "GET /temps/3IF1.ics HTTP/1.1" 304 - "-" "DataAccess/1.0 (8C148)"
192.168.0.12 - - [08/Sep/2012:23:20:38 +0200] "GET /notesif/RSS/RSS_3IF.xml HTTP/1.1" 200 95847 "-" "Feedfetcher-Google; (+http://www.google.com/feedfetcher.html; 2 subscribers; feed-id=16425187501328177924)"
192.168.0.9 - - [08/Sep/2012:23:25:04 +0200] "GET /temps/4IF3.ics HTTP/1.1" 200 78494 "-" "Mozilla/5.0 (Windows NT 6.1; rv:15.0) Gecko/20120824 Thunderbird/15.0 Lightning/1.7"
192.168.0.11 - - [08/Sep/2012:23:28:31 +0200] "GET /notesif HTTP/1.1" 301 248 "-" "Tiny Tiny RSS/1.5.11 (http://tt-rss.org/)"
192.168.0.11 - - [08/Sep/2012:23:28:31 +0200] "GET /notesif/ HTTP/1.1" 302 - "-" "Tiny Tiny RSS/1.5.11 (http://tt-rss.org/)"
192.168.0.11 - - [08/Sep/2012:23:28:32 +0200] "GET /cas/themes/insa/media/favicon.ico;jsessionid=E4AB03BE91234E905A985E28EFAD6289.dsi-vm03 HTTP/1.1" 404 284 "-" "Tiny Tiny RSS/1.5.11 (http://tt-rss.org/)"
192.168.0.59 - - [08/Sep/2012:23:29:13 +0200] "GET /notesif/RSS/RSS_4IF.xml HTTP/1.1" 200 57760 "http://intranet-if.insa-lyon.fr/notesif/RSS/RSS_4IF.xml" "Blogtrottr/2.0"
192.168.0.7 - - [08/Sep/2012:23:30:21 +0200] "GET /temps/GL.ics HTTP/1.1" 200 10700 "-" "Mozilla/5.0 (compatible; Googlebot/2.1; +http://www.google.com/bot.html)"
192.168.0.123 - - [08/Sep/2012:23:32:08 +0200] "GET /temps/3IF1.ics HTTP/1.1" 304 - "-" "DataAccess/1.0 (8C148)"
192.168.0.124 - - [08/Sep/2012:23:34:20 +0200] "GET /SiteWebIF/Intranet-etudiant.php HTTP/1.1" 302 477 "http://if.insa-lyon.fr/" "Mozilla/5.0 (iPhone; CPU iPhone OS 5_1_1 like Mac OS X) AppleWebKit/534.46 (KHTML, like Gecko) Version/5.1 Mobile/9B206 Safari/7534.48.3"
192.168.0.117 - - [08/Sep/2012:23:34:31 +0200] "GET /temps/4IF4.ics HTTP/1.1" 200 78500 "-" "DataAccess/1.0 (8J2)"
192.168.0.124 - - [08/Sep/2012:23:34:37 +0200] "GET /SiteWebIF/Intranet-etudiant.php?ticket=ST-345550-MkoqbLxFPAxyu50azUau-dsi-vm03 HTTP/1.1" 302 - "-" "Mozilla/5.0 (iPhone; CPU iPhone OS 5_1_1 like Mac OS X) AppleWebKit/534.46 (KHTML, like Gecko) Version/5.1 Mobile/9B206 Safari/7534.48.3"
192.168.0.124 - - [08/Sep/2012:23:34:37 +0200] "GET /SiteWebIF/Intranet-etudiant.php HTTP/1.1" 200 3799 "-" "Mozilla/5.0 (iPhone; CPU iPhone OS 5_1_1 like Mac OS X) AppleWebKit/534.46 (KHTML, like Gecko) Version/5.1 Mobile/9B206 Safari/7534.48.3"
192.168.0.124 - - [08/Sep/2012:23:34:38 +0200] "GET /stages/style_pfe.css HTTP/1.1" 200 895 "http://intranet-if.insa-lyon.fr/SiteWebIF/Intranet-etudiant.php" "Mozilla/5.0 (iPhone; CPU iPhone OS 5_1_1 like Mac OS X) AppleWebKit/534.46 (KHTML, like Gecko) Version/5.1 Mobile/9B206 Safari/7534.48.3"
192.168.0.124 - - [08/Sep/2012:23:34:38 +0200] "GET /stages/FondInsa.jpg HTTP/1.1" 200 2828 "http://intranet-if.insa-lyon.fr/SiteWebIF/Intranet-etudiant.php" "Mozilla/5.0 (iPhone; CPU iPhone OS 5_1_1 like Mac OS X) AppleWebKit/534.46 (KHTML, like Gecko) Version/5.1 Mobile/9B206 Safari/7534.48.3"
192.168.0.124 - - [08/Sep/2012:23:34:38 +0200] "GET /stages/bandeauFinal.jpg HTTP/1.1" 200 50390 "http://intranet-if.insa-lyon.fr/SiteWebIF/Intranet-etudiant.php" "Mozilla/5.0 (iPhone; CPU iPhone OS 5_1_1 like Mac OS X) AppleWebKit/534.46 (KHTML, like Gecko) Version/5.1 Mobile/9B206 Safari/7534.48.3"
192.168.0.124 - - [08/Sep/2012:23:34:45 +0200] "GET /temps/SoutenancesPFE.html HTTP/1.1" 200 93333 "-" "Mozilla/5.0 (iPhone; CPU iPhone OS 5_1_1 like Mac OS X) AppleWebKit/534.46 (KHTML, like Gecko) Version/5.1 Mobile/9B206 Safari/7534.48.3"
192.168.0.124 - - [08/Sep/2012:23:34:45 +0200] "GET /temps/style_pfe.css HTTP/1.1" 200 895 "http://intranet-if.insa-lyon.fr/temps/SoutenancesPFE.html" "Mozilla/5.0 (iPhone; CPU iPhone OS 5_1_1 like Mac OS X) AppleWebKit/534.46 (KHTML, like Gecko) Version/5.1 Mobile/9B206 Safari/7534.48.3"
192.168.0.124 - - [08/Sep/2012:23:34:45 +0200] "GET /temps/loupe.gif HTTP/1.1" 200 326 "http://intranet-if.insa-lyon.fr/temps/SoutenancesPFE.html" "Mozilla/5.0 (iPhone; CPU iPhone OS 5_1_1 like Mac OS X) AppleWebKit/534.46 (KHTML, like Gecko) Version/5.1 Mobile/9B206 Safari/7534.48.3"
192.168.0.124 - - [08/Sep/2012:23:34:46 +0200] "GET /temps/FondInsa.jpg HTTP/1.1" 200 2828 "http://intranet-if.insa-lyon.fr/temps/SoutenancesPFE.html" "Mozilla/5.0 (iPhone; CPU iPhone OS 5_1_1 like Mac OS X) AppleWebKit/534.46 (KHTML, like Gecko) Version/5.1 Mobile/9B206 Safari/7534.48.3"
192.168.0.124 - - [08/Sep/2012:23:34:52 +0200] "GET /notesif HTTP/1.1" 301 248 "http://intranet-if.insa-lyon.fr/SiteWebIF/Intranet-etudiant.php" "Mozilla/5.0 (iPhone; CPU iPhone OS 5_1_1 like Mac OS X) AppleWebKit/534.46 (KHTML, like Gecko) Version/5.1 Mobile/9B206 Safari/7534.48.3"
192.168.0.124 - - [08/Sep/2012:23:34:53 +0200] "GET /notesif/ HTTP/1.1" 302 - "http://intranet-if.insa-lyon.fr/SiteWebIF/Intranet-etudiant.php" "Mozilla/5.0 (iPhone; CPU iPhone OS 5_1_1 like Mac OS X) AppleWebKit/534.46 (KHTML, like Gecko) Version/5.1 Mobile/9B206 Safari/7534.48.3"
192.168.0.11 - - [08/Sep/2012:23:44:24 +0200] "GET /notesif HTTP/1.1" 301 248 "-" "Tiny Tiny RSS/1.5.11 (http://tt-rss.org/)"
192.168.0.11 - - [08/Sep/2012:23:44:24 +0200] "GET /notesif/ HTTP/1.1" 302 - "-" "Tiny Tiny RSS/1.5.11 (http://tt-rss.org/)"
192.168.0.11 - - [08/Sep/2012:23:44:25 +0200] "GET /cas/themes/insa/media/favicon.ico;jsessionid=B164CBC3936AE0C4A8A097682B89B14B.dsi-vm03 HTTP/1.1" 404 284 "-" "Tiny Tiny RSS/1.5.11 (http://tt-rss.org/)"
192.168.0.11 - - [08/Sep/2012:23:44:55 +0200] "GET /notesif HTTP/1.1" 301 248 "-" "Tiny Tiny RSS/1.5.11 (http://tt-rss.org/)"
192.168.0.11 - - [08/Sep/2012:23:44:55 +0200] "GET /notesif/ HTTP/1.1" 302 - "-" "Tiny Tiny RSS/1.5.11 (http://tt-rss.org/)"
192.168.0.11 - - [08/Sep/2012:23:44:56 +0200] "GET /cas/themes/insa/media/favicon.ico;jsessionid=1061C3EF094E3D204C9F76815C191311.dsi-vm04 HTTP/1.1" 404 284 "-" "Tiny Tiny RSS/1.5.11 (http://tt-rss.org/)"
192.168.0.125 - - [08/Sep/2012:23:47:08 +0200] "GET /temps/3IF1.ics HTTP/1.1" 304 - "-" "DataAccess/1.0 (8C148)"
192.168.0.126 - - [08/Sep/2012:23:47:54 +0200] "GET /notesif/ HTTP/1.1" 302 - "-" "Mozilla/5.0 (Windows NT 6.1; rv:14.0) Gecko/20100101 Firefox/14.0.1"
192.168.0.7 - - [08/Sep/2012:23:49:24 +0200] "GET /temps/3IF3.ics HTTP/1.1" 200 121305 "-" "Mozilla/5.0 (compatible; Googlebot/2.1; +http://www.google.com/bot.html)"
192.168.0.7 - - [08/Sep/2012:23:52:30 +0200] "GET /temps/SC.ics HTTP/1.1" 200 14380 "-" "Mozilla/5.0 (compatible; Googlebot/2.1; +http://www.google.com/bot.html)"
192.168.0.9 - - [08/Sep/2012:23:55:05 +0200] "GET /temps/4IF3.ics HTTP/1.1" 304 - "-" "Mozilla/5.0 (Windows NT 6.1; rv:15.0) Gecko/20120824 Thunderbird/15.0 Lightning/1.7"
192.168.0.127 - - [08/Sep/2012:23:58:54 +0200] "GET /robots.txt HTTP/1.1" 404 208 "-" "Mozilla/5.0 (compatible; Baiduspider/2.0; +http://www.baidu.com/search/spider.html)"
192.168.0.11 - - [09/Sep/2012:00:00:52 +0200] "GET /notesif HTTP/1.1" 301 248 "-" "Tiny Tiny RSS/1.5.11 (http://tt-rss.org/)"
192.168.0.11 - - [09/Sep/2012:00:00:52 +0200] "GET /notesif/ HTTP/1.1" 302 - "-" "Tiny Tiny RSS/1.5.11 (http://tt-rss.org/)"
192.168.0.11 - - [09/Sep/2012:00:00:53 +0200] "GET /cas/themes/insa/media/favicon.ico;jsessionid=43FB835479DE723B57CA03F75BF7ED3C.dsi-vm04 HTTP/1.1" 404 284 "-" "Tiny Tiny RSS/1.5.11 (http://tt-rss.org/)"
192.168.0.39 - - [09/Sep/2012:00:02:07 +0200] "GET /temps/3IF1.ics HTTP/1.1" 304 - "-" "DataAccess/1.0 (8C148)"
192.168.0.7 - - [09/Sep/2012:00:05:12 +0200] "GET /micromachine/validation.html HTTP/1.1" 304 - "-" "Mozilla/5.0 (compatible; Googlebot/2.1; +http://www.google.com/bot.html)"
192.168.0.12 - - [09/Sep/2012:00:11:08 +0200] "GET /notesif/RSS/RSS_3IF.xml HTTP/1.1" 200 95847 "-" "Feedfetcher-Google; (+http://www.google.com/feedfetcher.html; 2 subscribers; feed-id=16425187501328177924)"
192.168.0.43 - - [09/Sep/2012:00:17:08 +0200] "GET /temps/3IF1.ics HTTP/1.1" 304 - "-" "DataAccess/1.0 (8C148)"
192.168.0.11 - - [09/Sep/2012:00:17:18 +0200] "GET /notesif HTTP/1.1" 301 248 "-" "Tiny Tiny RSS/1.5.11 (http://tt-rss.org/)"
192.168.0.11 - - [09/Sep/2012:00:17:18 +0200] "GET /notesif/ HTTP/1.1" 302 - "-" "Tiny Tiny RSS/1.5.11 (http://tt-rss.org/)"
192.168.0.11 - - [09/Sep/2012:00:17:18 +0200] "GET /cas/themes/insa/media/favicon.ico;jsessionid=B1A1DBADDC3814E9520978A9909C2286.dsi-vm04 HTTP/1.1" 404 284 "-" "Tiny Tiny RSS/1.5.11 (http://tt-rss.org/)"
192.168.0.7 - - [09/Sep/2012:00:18:37 +0200] "GET /temps/choix_3if.html HTTP/1.1" 200 5441 "-" "Mozilla/5.0 (compatible; Googlebot/2.1; +http://www.google.com/bot.html)"
192.168.0.7 - - [09/Sep/2012:00:21:19 +0200] "GET /temps/MK.ics HTTP/1.1" 200 11362 "-" "Mozilla/5.0 (compatible; Googlebot/2.1; +http://www.google.com/bot.html)"
192.168.0.32 - - [09/Sep/2012:00:23:34 +0200] "GET /temps/4IF1.ics HTTP/1.1" 200 78480 "-" "Mozilla/4.0 (compatible; MSIE 7.0; Windows NT 6.0)"
192.168.0.128 - - [09/Sep/2012:00:24:42 +0200] "GET /temps/ HTTP/1.1" 200 6835 "-" "Mozilla/5.0 (Windows NT 6.1; WOW64; rv:15.0) Gecko/20100101 Firefox/15.0"
192.168.0.128 - - [09/Sep/2012:00:24:42 +0200] "GET /temps/style_emploi_du_temps.css HTTP/1.1" 200 1216 "http://intranet-if.insa-lyon.fr/temps/" "Mozilla/5.0 (Windows NT 6.1; WOW64; rv:15.0) Gecko/20100101 Firefox/15.0"
192.168.0.128 - - [09/Sep/2012:00:24:42 +0200] "GET /temps/InsaIF.ico HTTP/1.1" 200 766 "-" "Mozilla/5.0 (Windows NT 6.1; WOW64; rv:15.0) Gecko/20100101 Firefox/15.0"
192.168.0.128 - - [09/Sep/2012:00:24:42 +0200] "GET /temps/FondInsa.jpg HTTP/1.1" 200 2828 "http://intranet-if.insa-lyon.fr/temps/style_emploi_du_temps.css" "Mozilla/5.0 (Windows NT 6.1; WOW64; rv:15.0) Gecko/20100101 Firefox/15.0"
192.168.0.128 - - [09/Sep/2012:00:24:44 +0200] "GET /temps/precedent.gif HTTP/1.1" 200 1906 "http://intranet-if.insa-lyon.fr/temps/3IF37.html" "Mozilla/5.0 (Windows NT 6.1; WOW64; rv:15.0) Gecko/20100101 Firefox/15.0"
192.168.0.128 - - [09/Sep/2012:00:24:44 +0200] "GET /temps/3IF37.html HTTP/1.1" 200 17269 "http://intranet-if.insa-lyon.fr/temps/" "Mozilla/5.0 (Windows NT 6.1; WOW64; rv:15.0) Gecko/20100101 Firefox/15.0"
192.168.0.128 - - [09/Sep/2012:00:24:44 +0200] "GET /temps/choix.gif HTTP/1.1" 200 2836 "http://intranet-if.insa-lyon.fr/temps/3IF37.html" "Mozilla/5.0 (Windows NT 6.1; WOW64; rv:15.0) Gecko/20100101 Firefox/15.0"
192.168.0.128 - - [09/Sep/2012:00:24:44 +0200] "GET /temps/suivant.gif HTTP/1.1" 200 1634 "http://intranet-if.insa-lyon.fr/temps/3IF37.html" "Mozilla/5.0 (Windows NT 6.1; WOW64; rv:15.0) Gecko/20100101 Firefox/15.0"
192.168.0.128 - - [09/Sep/2012:00:24:55 +0200] "GET /temps/3IF38.html HTTP/1.1" 200 21722 "http://intranet-if.insa-lyon.fr/temps/3IF37.html" "Mozilla/5.0 (Windows NT 6.1; WOW64; rv:15.0) Gecko/20100101 Firefox/15.0"
192.168.0.9 - - [09/Sep/2012:00:25:04 +0200] "GET /temps/4IF3.ics HTTP/1.1" 304 - "-" "Mozilla/5.0 (Windows NT 6.1; rv:15.0) Gecko/20120824 Thunderbird/15.0 Lightning/1.7"
192.168.0.128 - - [09/Sep/2012:00:25:18 +0200] "GET /temps/index.html HTTP/1.1" 200 6835 "http://intranet-if.insa-lyon.fr/temps/3IF38.html" "Mozilla/5.0 (Windows NT 6.1; WOW64; rv:15.0) Gecko/20100101 Firefox/15.0"
192.168.0.128 - - [09/Sep/2012:00:25:26 +0200] "GET /temps/3IF39.html HTTP/1.1" 200 22495 "http://intranet-if.insa-lyon.fr/temps/3IF38.html" "Mozilla/5.0 (Windows NT 6.1; WOW64; rv:15.0) Gecko/20100101 Firefox/15.0"
192.168.0.65 - - [09/Sep/2012:00:28:16 +0200] "GET /temps/4IF4.ics HTTP/1.1" 200 78500 "-" "DataAccess/1.0 (8J2)"
192.168.0.59 - - [09/Sep/2012:00:28:56 +0200] "GET /notesif/RSS/RSS_4IF.xml HTTP/1.1" 200 57760 "http://intranet-if.insa-lyon.fr/notesif/RSS/RSS_4IF.xml" "Blogtrottr/2.0"
192.168.0.7 - - [09/Sep/2012:00:31:59 +0200] "GET /temps/WO.ics HTTP/1.1" 200 6435 "-" "Mozilla/5.0 (compatible; Googlebot/2.1; +http://www.google.com/bot.html)"
192.168.0.7 - - [09/Sep/2012:00:32:06 +0200] "GET /temps/3IF1.ics HTTP/1.1" 200 121307 "-" "Mozilla/5.0 (compatible; Googlebot/2.1; +http://www.google.com/bot.html)"
192.168.0.129 - - [09/Sep/2012:00:32:08 +0200] "GET /temps/3IF1.ics HTTP/1.1" 304 - "-" "DataAccess/1.0 (8C148)"
192.168.0.128 - - [09/Sep/2012:00:32:27 +0200] "GET / HTTP/1.1" 200 216 "-" "Mozilla/5.0 (Windows NT 6.1; WOW64; rv:15.0) Gecko/20100101 Firefox/15.0"
192.168.0.128 - - [09/Sep/2012:00:32:27 +0200] "GET /favicon.ico HTTP/1.1" 200 1700 "-" "Mozilla/5.0 (Windows NT 6.1; WOW64; rv:15.0) Gecko/20100101 Firefox/15.0"
192.168.0.128 - - [09/Sep/2012:00:32:34 +0200] "GET /SiteWebIF/Intranet-etudiant.php HTTP/1.1" 302 477 "http://if.insa-lyon.fr/" "Mozilla/5.0 (Windows NT 6.1; WOW64; rv:15.0) Gecko/20100101 Firefox/15.0"
192.168.0.128 - - [09/Sep/2012:00:32:43 +0200] "GET /SiteWebIF/Intranet-etudiant.php?ticket=ST-22749-YcfYJLiyBawYptOut2IJ-dsi-vm04 HTTP/1.1" 302 - "-" "Mozilla/5.0 (Windows NT 6.1; WOW64; rv:15.0) Gecko/20100101 Firefox/15.0"
192.168.0.128 - - [09/Sep/2012:00:32:44 +0200] "GET /SiteWebIF/Intranet-etudiant.php HTTP/1.1" 200 3809 "-" "Mozilla/5.0 (Windows NT 6.1; WOW64; rv:15.0) Gecko/20100101 Firefox/15.0"
192.168.0.128 - - [09/Sep/2012:00:32:44 +0200] "GET /stages/style_pfe.css HTTP/1.1" 200 895 "http://intranet-if.insa-lyon.fr/SiteWebIF/Intranet-etudiant.php" "Mozilla/5.0 (Windows NT 6.1; WOW64; rv:15.0) Gecko/20100101 Firefox/15.0"
192.168.0.128 - - [09/Sep/2012:00:32:44 +0200] "GET /stages/InsaIF.ico HTTP/1.1" 200 766 "-" "Mozilla/5.0 (Windows NT 6.1; WOW64; rv:15.0) Gecko/20100101 Firefox/15.0"
192.168.0.128 - - [09/Sep/2012:00:32:44 +0200] "GET /stages/FondInsa.jpg HTTP/1.1" 200 2828 "http://intranet-if.insa-lyon.fr/stages/style_pfe.css" "Mozilla/5.0 (Windows NT 6.1; WOW64; rv:15.0) Gecko/20100101 Firefox/15.0"
192.168.0.128 - - [09/Sep/2012:00:32:44 +0200] "GET /stages/bandeauFinal.jpg HTTP/1.1" 200 50390 "http://intranet-if.insa-lyon.fr/SiteWebIF/Intranet-etudiant.php" "Mozilla/5.0 (Windows NT 6.1; WOW64; rv:15.0) Gecko/20100101 Firefox/15.0"
192.168.0.128 - - [09/Sep/2012:00:32:47 +0200] "GET /notesif HTTP/1.1" 301 248 "http://intranet-if.insa-lyon.fr/SiteWebIF/Intranet-etudiant.php" "Mozilla/5.0 (Windows NT 6.1; WOW64; rv:15.0) Gecko/20100101 Firefox/15.0"
192.168.0.128 - - [09/Sep/2012:00:32:47 +0200] "GET /notesif/ HTTP/1.1" 302 - "http://intranet-if.insa-lyon.fr/SiteWebIF/Intranet-etudiant.php" "Mozilla/5.0 (Windows NT 6.1; WOW64; rv:15.0) Gecko/20100101 Firefox/15.0"
