192.168.0.149 - - [09/Sep/2012:05:28:02 +0200] "GET /temps/3IF12.html HTTP/1.1" 200 22861 "http://intranet-if.insa-lyon.fr/temps/3IF13.html" "Mozilla/5.0 (Windows NT 5.1; rv:9.0.1) Gecko/20100101 Firefox/9.0.1"
192.168.0.149 - - [09/Sep/2012:05:28:03 +0200] "GET /temps/3IF11.html HTTP/1.1" 200 22727 "http://intranet-if.insa-lyon.fr/temps/3IF12.html" "Mozilla/5.0 (Windows NT 5.1; rv:9.0.1) Gecko/20100101 Firefox/9.0.1"
192.168.0.149 - - [09/Sep/2012:05:28:04 +0200] "GET /temps/3IF10.html HTTP/1.1" 200 23296 "http://intranet-if.insa-lyon.fr/temps/3IF11.html" "Mozilla/5.0 (Windows NT 5.1; rv:9.0.1) Gecko/20100101 Firefox/9.0.1"
192.168.0.149 - - [09/Sep/2012:05:28:04 +0200] "GET /temps/3IF9.html HTTP/1.1" 200 5196 "http://intranet-if.insa-lyon.fr/temps/3IF10.html" "Mozilla/5.0 (Windows NT 5.1; rv:9.0.1) Gecko/20100101 Firefox/9.0.1"
192.168.0.149 - - [09/Sep/2012:05:28:05 +0200] "GET /temps/3IF8.html HTTP/1.1" 200 21781 "http://intranet-if.insa-lyon.fr/temps/3IF9.html" "Mozilla/5.0 (Windows NT 5.1; rv:9.0.1) Gecko/20100101 Firefox/9.0.1"
192.168.0.149 - - [09/Sep/2012:05:28:06 +0200] "GET /temps/3IF7.html HTTP/1.1" 200 21809 "http://intranet-if.insa-lyon.fr/temps/3IF8.html" "Mozilla/5.0 (Windows NT 5.1; rv:9.0.1) Gecko/20100101 Firefox/9.0.1"
192.168.0.149 - - [09/Sep/2012:05:28:06 +0200] "GET /temps/3IF7.html HTTP/1.1" 200 21809 "http://intranet-if.insa-lyon.fr/temps/3IF8.html" "Mozilla/5.0 (Windows NT 5.1; rv:9.0.1) Gecko/20100101 Firefox/9.0.1"
192.168.0.149 - - [09/Sep/2012:05:28:07 +0200] "GET /temps/3IF7.html HTTP/1.1" 200 21809 "http://intranet-if.insa-lyon.fr/temps/3IF8.html" "Mozilla/5.0 (Windows NT 5.1; rv:9.0.1) Gecko/20100101 Firefox/9.0.1"
192.168.0.149 - - [09/Sep/2012:05:28:07 +0200] "GET /temps/3IF7.html HTTP/1.1" 200 21809 "http://intranet-if.insa-lyon.fr/temps/3IF8.html" "Mozilla/5.0 (Windows NT 5.1; rv:9.0.1) Gecko/20100101 Firefox/9.0.1"
192.168.0.149 - - [09/Sep/2012:05:28:07 +0200] "GET /temps/3IF7.html HTTP/1.1" 200 21809 "http://intranet-if.insa-lyon.fr/temps/3IF8.html" "Mozilla/5.0 (Windows NT 5.1; rv:9.0.1) Gecko/20100101 Firefox/9.0.1"
192.168.0.149 - - [09/Sep/2012:05:28:08 +0200] "GET /temps/3IF6.html HTTP/1.1" 200 22777 "http://intranet-if.insa-lyon.fr/temps/3IF7.html" "Mozilla/5.0 (Windows NT 5.1; rv:9.0.1) Gecko/20100101 Firefox/9.0.1"
192.168.0.149 - - [09/Sep/2012:05:28:08 +0200] "GET /temps/3IF5.html HTTP/1.1" 200 21934 "http://intranet-if.insa-lyon.fr/temps/3IF6.html" "Mozilla/5.0 (Windows NT 5.1; rv:9.0.1) Gecko/20100101 Firefox/9.0.1"
192.168.0.149 - - [09/Sep/2012:05:28:10 +0200] "GET /temps/3IF4.html HTTP/1.1" 200 18511 "http://intranet-if.insa-lyon.fr/temps/3IF5.html" "Mozilla/5.0 (Windows NT 5.1; rv:9.0.1) Gecko/20100101 Firefox/9.0.1"
192.168.0.149 - - [09/Sep/2012:05:28:13 +0200] "GET /temps HTTP/1.1" 301 246 "-" "Mozilla/5.0 (Windows NT 5.1; rv:9.0.1) Gecko/20100101 Firefox/9.0.1"
192.168.0.149 - - [09/Sep/2012:05:28:13 +0200] "GET /temps/ HTTP/1.1" 200 6835 "-" "Mozilla/5.0 (Windows NT 5.1; rv:9.0.1) Gecko/20100101 Firefox/9.0.1"
192.168.0.149 - - [09/Sep/2012:05:28:15 +0200] "GET /temps/3IF37.html HTTP/1.1" 200 17269 "http://intranet-if.insa-lyon.fr/temps/" "Mozilla/5.0 (Windows NT 5.1; rv:9.0.1) Gecko/20100101 Firefox/9.0.1"
192.168.0.149 - - [09/Sep/2012:05:28:17 +0200] "GET /favicon.ico HTTP/1.1" 200 1700 "-" "Mozilla/5.0 (Windows NT 5.1; rv:9.0.1) Gecko/20100101 Firefox/9.0.1"
192.168.0.7 - - [09/Sep/2012:05:28:20 +0200] "GET /temps/PF.ics HTTP/1.1" 200 11812 "-" "Mozilla/5.0 (compatible; Googlebot/2.1; +http://www.google.com/bot.html)"
192.168.0.149 - - [09/Sep/2012:05:28:31 +0200] "GET /temps/3IF1.html HTTP/1.1" 200 5211 "http://intranet-if.insa-lyon.fr/temps/" "Mozilla/5.0 (Windows NT 5.1; rv:9.0.1) Gecko/20100101 Firefox/9.0.1"
192.168.0.149 - - [09/Sep/2012:05:28:37 +0200] "GET /temps/3IF52.html HTTP/1.1" 200 5193 "http://intranet-if.insa-lyon.fr/temps/3IF1.html" "Mozilla/5.0 (Windows NT 5.1; rv:9.0.1) Gecko/20100101 Firefox/9.0.1"
192.168.0.149 - - [09/Sep/2012:05:28:40 +0200] "GET /temps/3IF51.html HTTP/1.1" 200 24012 "http://intranet-if.insa-lyon.fr/temps/3IF52.html" "Mozilla/5.0 (Windows NT 5.1; rv:9.0.1) Gecko/20100101 Firefox/9.0.1"
192.168.0.149 - - [09/Sep/2012:05:28:40 +0200] "GET /temps/3IF50.html HTTP/1.1" 200 21757 "http://intranet-if.insa-lyon.fr/temps/3IF51.html" "Mozilla/5.0 (Windows NT 5.1; rv:9.0.1) Gecko/20100101 Firefox/9.0.1"
192.168.0.149 - - [09/Sep/2012:05:28:41 +0200] "GET /temps/3IF49.html HTTP/1.1" 200 22437 "http://intranet-if.insa-lyon.fr/temps/3IF50.html" "Mozilla/5.0 (Windows NT 5.1; rv:9.0.1) Gecko/20100101 Firefox/9.0.1"
192.168.0.149 - - [09/Sep/2012:05:28:43 +0200] "GET /temps/3IF48.html HTTP/1.1" 200 23144 "http://intranet-if.insa-lyon.fr/temps/3IF49.html" "Mozilla/5.0 (Windows NT 5.1; rv:9.0.1) Gecko/20100101 Firefox/9.0.1"
192.168.0.149 - - [09/Sep/2012:05:28:44 +0200] "GET /temps/3IF47.html HTTP/1.1" 200 21648 "http://intranet-if.insa-lyon.fr/temps/3IF48.html" "Mozilla/5.0 (Windows NT 5.1; rv:9.0.1) Gecko/20100101 Firefox/9.0.1"
192.168.0.149 - - [09/Sep/2012:05:28:44 +0200] "GET /temps/3IF46.html HTTP/1.1" 200 23633 "http://intranet-if.insa-lyon.fr/temps/3IF47.html" "Mozilla/5.0 (Windows NT 5.1; rv:9.0.1) Gecko/20100101 Firefox/9.0.1"
192.168.0.149 - - [09/Sep/2012:05:28:45 +0200] "GET /temps/3IF45.html HTTP/1.1" 200 23840 "http://intranet-if.insa-lyon.fr/temps/3IF46.html" "Mozilla/5.0 (Windows NT 5.1; rv:9.0.1) Gecko/20100101 Firefox/9.0.1"
192.168.0.149 - - [09/Sep/2012:05:28:46 +0200] "GET /temps/3IF44.html HTTP/1.1" 200 5207 "http://intranet-if.insa-lyon.fr/temps/3IF45.html" "Mozilla/5.0 (Windows NT 5.1; rv:9.0.1) Gecko/20100101 Firefox/9.0.1"
192.168.0.149 - - [09/Sep/2012:05:28:46 +0200] "GET /temps/3IF44.html HTTP/1.1" 200 5207 "http://intranet-if.insa-lyon.fr/temps/3IF45.html" "Mozilla/5.0 (Windows NT 5.1; rv:9.0.1) Gecko/20100101 Firefox/9.0.1"
192.168.0.149 - - [09/Sep/2012:05:28:47 +0200] "GET /temps/3IF43.html HTTP/1.1" 200 22193 "http://intranet-if.insa-lyon.fr/temps/3IF44.html" "Mozilla/5.0 (Windows NT 5.1; rv:9.0.1) Gecko/20100101 Firefox/9.0.1"
192.168.0.149 - - [09/Sep/2012:05:28:47 +0200] "GET /temps/3IF42.html HTTP/1.1" 200 22591 "http://intranet-if.insa-lyon.fr/temps/3IF43.html" "Mozilla/5.0 (Windows NT 5.1; rv:9.0.1) Gecko/20100101 Firefox/9.0.1"
192.168.0.149 - - [09/Sep/2012:05:28:48 +0200] "GET /temps/3IF42.html HTTP/1.1" 200 22591 "http://intranet-if.insa-lyon.fr/temps/3IF43.html" "Mozilla/5.0 (Windows NT 5.1; rv:9.0.1) Gecko/20100101 Firefox/9.0.1"
192.168.0.149 - - [09/Sep/2012:05:28:48 +0200] "GET /temps/3IF42.html HTTP/1.1" 200 22591 "http://intranet-if.insa-lyon.fr/temps/3IF43.html" "Mozilla/5.0 (Windows NT 5.1; rv:9.0.1) Gecko/20100101 Firefox/9.0.1"
192.168.0.149 - - [09/Sep/2012:05:28:49 +0200] "GET /temps/3IF41.html HTTP/1.1" 200 24047 "http://intranet-if.insa-lyon.fr/temps/3IF42.html" "Mozilla/5.0 (Windows NT 5.1; rv:9.0.1) Gecko/20100101 Firefox/9.0.1"
192.168.0.149 - - [09/Sep/2012:05:28:50 +0200] "GET /temps/3IF40.html HTTP/1.1" 200 23907 "http://intranet-if.insa-lyon.fr/temps/3IF41.html" "Mozilla/5.0 (Windows NT 5.1; rv:9.0.1) Gecko/20100101 Firefox/9.0.1"
192.168.0.149 - - [09/Sep/2012:05:28:51 +0200] "GET /temps/3IF39.html HTTP/1.1" 200 22495 "http://intranet-if.insa-lyon.fr/temps/3IF40.html" "Mozilla/5.0 (Windows NT 5.1; rv:9.0.1) Gecko/20100101 Firefox/9.0.1"
192.168.0.149 - - [09/Sep/2012:05:28:52 +0200] "GET /temps/3IF38.html HTTP/1.1" 200 21722 "http://intranet-if.insa-lyon.fr/temps/3IF39.html" "Mozilla/5.0 (Windows NT 5.1; rv:9.0.1) Gecko/20100101 Firefox/9.0.1"
192.168.0.149 - - [09/Sep/2012:05:28:53 +0200] "GET /temps/3IF36.html HTTP/1.1" 200 5188 "http://intranet-if.insa-lyon.fr/temps/3IF37.html" "Mozilla/5.0 (Windows NT 5.1; rv:9.0.1) Gecko/20100101 Firefox/9.0.1"
192.168.0.45 - - [09/Sep/2012:05:29:12 +0200] "GET /temps/3IF1.ics HTTP/1.1" 304 - "-" "DataAccess/1.0 (8C148)"
192.168.0.150 - - [09/Sep/2012:05:29:18 +0200] "GET /temps/suivant.gif HTTP/1.1" 200 1634 "-" "facebookexternalhit/1.0 (+http://www.facebook.com/externalhit_uatext.php)"
192.168.0.151 - - [09/Sep/2012:05:29:18 +0200] "GET /temps/choix.gif HTTP/1.1" 200 2836 "-" "facebookexternalhit/1.0 (+http://www.facebook.com/externalhit_uatext.php)"
192.168.0.152 - - [09/Sep/2012:05:29:18 +0200] "GET /temps/precedent.gif HTTP/1.1" 200 1906 "-" "facebookexternalhit/1.0 (+http://www.facebook.com/externalhit_uatext.php)"
192.168.0.149 - - [09/Sep/2012:05:29:24 +0200] "GET / HTTP/1.1" 200 216 "-" "Mozilla/5.0 (Windows NT 5.1; rv:9.0.1) Gecko/20100101 Firefox/9.0.1"
192.168.0.149 - - [09/Sep/2012:05:30:21 +0200] "GET /SiteWebIF/Intranet-etudiant.php HTTP/1.1" 302 477 "http://if.insa-lyon.fr/" "Mozilla/5.0 (Windows NT 5.1; rv:9.0.1) Gecko/20100101 Firefox/9.0.1"
192.168.0.149 - - [09/Sep/2012:05:30:40 +0200] "GET /SiteWebIF/Intranet-etudiant.php?ticket=ST-22933-V6nxXYbktTLIgLFvY0Bw-dsi-vm04 HTTP/1.1" 302 - "-" "Mozilla/5.0 (Windows NT 5.1; rv:9.0.1) Gecko/20100101 Firefox/9.0.1"
192.168.0.149 - - [09/Sep/2012:05:30:40 +0200] "GET /SiteWebIF/Intranet-etudiant.php HTTP/1.1" 200 3795 "-" "Mozilla/5.0 (Windows NT 5.1; rv:9.0.1) Gecko/20100101 Firefox/9.0.1"
192.168.0.149 - - [09/Sep/2012:05:30:40 +0200] "GET /stages/style_pfe.css HTTP/1.1" 200 895 "http://intranet-if.insa-lyon.fr/SiteWebIF/Intranet-etudiant.php" "Mozilla/5.0 (Windows NT 5.1; rv:9.0.1) Gecko/20100101 Firefox/9.0.1"
192.168.0.149 - - [09/Sep/2012:05:30:40 +0200] "GET /stages/InsaIF.ico HTTP/1.1" 200 766 "-" "Mozilla/5.0 (Windows NT 5.1; rv:9.0.1) Gecko/20100101 Firefox/9.0.1"
192.168.0.149 - - [09/Sep/2012:05:30:40 +0200] "GET /stages/FondInsa.jpg HTTP/1.1" 200 2828 "http://intranet-if.insa-lyon.fr/stages/style_pfe.css" "Mozilla/5.0 (Windows NT 5.1; rv:9.0.1) Gecko/20100101 Firefox/9.0.1"
192.168.0.149 - - [09/Sep/2012:05:30:40 +0200] "GET /stages/bandeauFinal.jpg HTTP/1.1" 200 50390 "http://intranet-if.insa-lyon.fr/SiteWebIF/Intranet-etudiant.php" "Mozilla/5.0 (Windows NT 5.1; rv:9.0.1) Gecko/20100101 Firefox/9.0.1"
192.168.0.59 - - [09/Sep/2012:05:31:25 +0200] "GET /notesif/RSS/RSS_4IF.xml HTTP/1.1" 200 57760 "http://intranet-if.insa-lyon.fr/notesif/RSS/RSS_4IF.xml" "Blogtrottr/2.0"
192.168.0.11 - - [09/Sep/2012:05:34:00 +0200] "GET /notesif HTTP/1.1" 301 248 "-" "Tiny Tiny RSS/1.5.11 (http://tt-rss.org/)"
192.168.0.11 - - [09/Sep/2012:05:34:00 +0200] "GET /notesif/ HTTP/1.1" 302 - "-" "Tiny Tiny RSS/1.5.11 (http://tt-rss.org/)"
192.168.0.11 - - [09/Sep/2012:05:34:00 +0200] "GET /cas/themes/insa/media/favicon.ico;jsessionid=7FA5EB8034E44C869C81C1A381159746.dsi-vm04 HTTP/1.1" 404 284 "-" "Tiny Tiny RSS/1.5.11 (http://tt-rss.org/)"
192.168.0.123 - - [09/Sep/2012:05:44:13 +0200] "GET /temps/3IF1.ics HTTP/1.1" 304 - "-" "DataAccess/1.0 (8C148)"
192.168.0.11 - - [09/Sep/2012:05:50:24 +0200] "GET /notesif HTTP/1.1" 301 248 "-" "Tiny Tiny RSS/1.5.11 (http://tt-rss.org/)"
192.168.0.11 - - [09/Sep/2012:05:50:24 +0200] "GET /notesif/ HTTP/1.1" 302 - "-" "Tiny Tiny RSS/1.5.11 (http://tt-rss.org/)"
192.168.0.11 - - [09/Sep/2012:05:50:25 +0200] "GET /cas/themes/insa/media/favicon.ico;jsessionid=B3F5407E7C19CFC48DAE12B97E535FAD.dsi-vm04 HTTP/1.1" 404 284 "-" "Tiny Tiny RSS/1.5.11 (http://tt-rss.org/)"
192.168.0.108 - - [09/Sep/2012:05:59:13 +0200] "GET /temps/3IF1.ics HTTP/1.1" 304 - "-" "DataAccess/1.0 (8C148)"
192.168.0.153 - - [09/Sep/2012:06:02:35 +0200] "GET /temps/3IF37.html HTTP/1.1" 206 17269 "-" "facebookexternalhit/1.1 (+http://www.facebook.com/externalhit_uatext.php)"
192.168.0.153 - - [09/Sep/2012:06:02:36 +0200] "GET /temps/precedent.gif HTTP/1.1" 200 1906 "-" "facebookplatform/1.0 (+http://developers.facebook.com)"
192.168.0.7 - - [09/Sep/2012:06:05:58 +0200] "GET /temps/3IF3.ics HTTP/1.1" 200 121305 "-" "Mozilla/5.0 (compatible; Googlebot/2.1; +http://www.google.com/bot.html)"
192.168.0.11 - - [09/Sep/2012:06:07:05 +0200] "GET /notesif HTTP/1.1" 301 248 "-" "Tiny Tiny RSS/1.5.11 (http://tt-rss.org/)"
192.168.0.11 - - [09/Sep/2012:06:07:05 +0200] "GET /notesif/ HTTP/1.1" 302 - "-" "Tiny Tiny RSS/1.5.11 (http://tt-rss.org/)"
192.168.0.11 - - [09/Sep/2012:06:07:05 +0200] "GET /cas/themes/insa/media/favicon.ico;jsessionid=FC2F1C3FC3D3F5B5FCD96D1B32BF30F9.dsi-vm04 HTTP/1.1" 404 284 "-" "Tiny Tiny RSS/1.5.11 (http://tt-rss.org/)"
192.168.0.12 - - [09/Sep/2012:06:11:28 +0200] "GET /notesif/RSS/RSS_3IF.xml HTTP/1.1" 200 95847 "-" "Feedfetcher-Google; (+http://www.google.com/feedfetcher.html; 2 subscribers; feed-id=16425187501328177924)"
192.168.0.76 - - [09/Sep/2012:06:14:13 +0200] "GET /temps/3IF1.ics HTTP/1.1" 304 - "-" "DataAccess/1.0 (8C148)"
192.168.0.154 - - [09/Sep/2012:06:14:23 +0200] "GET /SiteWebIF/Intranet-etudiant.php HTTP/1.1" 302 477 "-" "Mozilla/5.0 (Windows NT 6.1; WOW64; rv:16.0) Gecko/20100101 Firefox/16.0"
192.168.0.154 - - [09/Sep/2012:06:14:50 +0200] "GET /SiteWebIF/Intranet-etudiant.php?ticket=ST-22945-a0W6YqQ5aQvFFckujszL-dsi-vm04 HTTP/1.1" 302 - "-" "Mozilla/5.0 (Windows NT 6.1; WOW64; rv:16.0) Gecko/20100101 Firefox/16.0"
192.168.0.154 - - [09/Sep/2012:06:14:50 +0200] "GET /SiteWebIF/Intranet-etudiant.php HTTP/1.1" 200 3803 "-" "Mozilla/5.0 (Windows NT 6.1; WOW64; rv:16.0) Gecko/20100101 Firefox/16.0"
192.168.0.154 - - [09/Sep/2012:06:14:50 +0200] "GET /stages/style_pfe.css HTTP/1.1" 200 895 "http://intranet-if.insa-lyon.fr/SiteWebIF/Intranet-etudiant.php" "Mozilla/5.0 (Windows NT 6.1; WOW64; rv:16.0) Gecko/20100101 Firefox/16.0"
192.168.0.154 - - [09/Sep/2012:06:14:50 +0200] "GET /stages/FondInsa.jpg HTTP/1.1" 200 2828 "http://intranet-if.insa-lyon.fr/stages/style_pfe.css" "Mozilla/5.0 (Windows NT 6.1; WOW64; rv:16.0) Gecko/20100101 Firefox/16.0"
192.168.0.154 - - [09/Sep/2012:06:14:50 +0200] "GET /stages/bandeauFinal.jpg HTTP/1.1" 200 50390 "http://intranet-if.insa-lyon.fr/SiteWebIF/Intranet-etudiant.php" "Mozilla/5.0 (Windows NT 6.1; WOW64; rv:16.0) Gecko/20100101 Firefox/16.0"
192.168.0.154 - - [09/Sep/2012:06:21:00 +0200] "GET /stages/ListePFE.php HTTP/1.1" 200 82 "http://intranet-if.insa-lyon.fr/SiteWebIF/Intranet-etudiant.php" "Mozilla/5.0 (Windows NT 6.1; WOW64; rv:16.0) Gecko/20100101 Firefox/16.0"
192.168.0.154 - - [09/Sep/2012:06:21:06 +0200] "GET /temps/loupe.gif HTTP/1.1" 200 326 "http://intranet-if.insa-lyon.fr/temps/SoutenancesPFE.html" "Mozilla/5.0 (Windows NT 6.1; WOW64; rv:16.0) Gecko/20100101 Firefox/16.0"
192.168.0.154 - - [09/Sep/2012:06:21:06 +0200] "GET /temps/style_pfe.css HTTP/1.1" 200 895 "http://intranet-if.insa-lyon.fr/temps/SoutenancesPFE.html" "Mozilla/5.0 (Windows NT 6.1; WOW64; rv:16.0) Gecko/20100101 Firefox/16.0"
192.168.0.154 - - [09/Sep/2012:06:21:06 +0200] "GET /temps/SoutenancesPFE.html HTTP/1.1" 200 93333 "http://intranet-if.insa-lyon.fr/SiteWebIF/Intranet-etudiant.php" "Mozilla/5.0 (Windows NT 6.1; WOW64; rv:16.0) Gecko/20100101 Firefox/16.0"
192.168.0.154 - - [09/Sep/2012:06:21:06 +0200] "GET /temps/FondInsa.jpg HTTP/1.1" 200 2828 "http://intranet-if.insa-lyon.fr/temps/style_pfe.css" "Mozilla/5.0 (Windows NT 6.1; WOW64; rv:16.0) Gecko/20100101 Firefox/16.0"
192.168.0.65 - - [09/Sep/2012:06:21:37 +0200] "GET /temps/4IF4.ics HTTP/1.1" 200 78500 "-" "DataAccess/1.0 (8J2)"
192.168.0.154 - - [09/Sep/2012:06:22:19 +0200] "GET /temps/ HTTP/1.1" 200 6835 "http://intranet-if.insa-lyon.fr/SiteWebIF/Intranet-etudiant.php" "Mozilla/5.0 (Windows NT 6.1; WOW64; rv:16.0) Gecko/20100101 Firefox/16.0"
192.168.0.154 - - [09/Sep/2012:06:22:19 +0200] "GET /temps/style_emploi_du_temps.css HTTP/1.1" 200 1216 "http://intranet-if.insa-lyon.fr/temps/" "Mozilla/5.0 (Windows NT 6.1; WOW64; rv:16.0) Gecko/20100101 Firefox/16.0"
192.168.0.154 - - [09/Sep/2012:06:22:42 +0200] "GET /temps/3IF37.html HTTP/1.1" 200 17269 "http://intranet-if.insa-lyon.fr/temps/" "Mozilla/5.0 (Windows NT 6.1; WOW64; rv:16.0) Gecko/20100101 Firefox/16.0"
192.168.0.154 - - [09/Sep/2012:06:22:42 +0200] "GET /temps/precedent.gif HTTP/1.1" 200 1906 "http://intranet-if.insa-lyon.fr/temps/3IF37.html" "Mozilla/5.0 (Windows NT 6.1; WOW64; rv:16.0) Gecko/20100101 Firefox/16.0"
192.168.0.154 - - [09/Sep/2012:06:22:42 +0200] "GET /temps/choix.gif HTTP/1.1" 200 2836 "http://intranet-if.insa-lyon.fr/temps/3IF37.html" "Mozilla/5.0 (Windows NT 6.1; WOW64; rv:16.0) Gecko/20100101 Firefox/16.0"
192.168.0.154 - - [09/Sep/2012:06:22:42 +0200] "GET /temps/suivant.gif HTTP/1.1" 200 1634 "http://intranet-if.insa-lyon.fr/temps/3IF37.html" "Mozilla/5.0 (Windows NT 6.1; WOW64; rv:16.0) Gecko/20100101 Firefox/16.0"
192.168.0.11 - - [09/Sep/2012:06:23:25 +0200] "GET /notesif HTTP/1.1" 301 248 "-" "Tiny Tiny RSS/1.5.11 (http://tt-rss.org/)"
192.168.0.11 - - [09/Sep/2012:06:23:25 +0200] "GET /notesif/ HTTP/1.1" 302 - "-" "Tiny Tiny RSS/1.5.11 (http://tt-rss.org/)"
192.168.0.11 - - [09/Sep/2012:06:23:26 +0200] "GET /cas/themes/insa/media/favicon.ico;jsessionid=956C9F794E20413E5CAAEF06A7C2A7BC.dsi-vm04 HTTP/1.1" 404 284 "-" "Tiny Tiny RSS/1.5.11 (http://tt-rss.org/)"
192.168.0.32 - - [09/Sep/2012:06:23:34 +0200] "GET /temps/4IF1.ics HTTP/1.1" 200 78480 "-" "Mozilla/4.0 (compatible; MSIE 7.0; Windows NT 6.0)"
192.168.0.154 - - [09/Sep/2012:06:23:51 +0200] "GET /notesif HTTP/1.1" 301 248 "http://intranet-if.insa-lyon.fr/SiteWebIF/Intranet-etudiant.php" "Mozilla/5.0 (Windows NT 6.1; WOW64; rv:16.0) Gecko/20100101 Firefox/16.0"
192.168.0.154 - - [09/Sep/2012:06:23:51 +0200] "GET /notesif/ HTTP/1.1" 302 - "http://intranet-if.insa-lyon.fr/SiteWebIF/Intranet-etudiant.php" "Mozilla/5.0 (Windows NT 6.1; WOW64; rv:16.0) Gecko/20100101 Firefox/16.0"
192.168.0.99 - - [09/Sep/2012:06:29:16 +0200] "GET /temps/3IF1.ics HTTP/1.1" 304 - "-" "DataAccess/1.0 (8C148)"
192.168.0.10 - - [09/Sep/2012:06:32:05 +0200] "GET /notesif/RSS/RSS_4IF.xml HTTP/1.1" 200 57760 "http://intranet-if.insa-lyon.fr/notesif/RSS/RSS_4IF.xml" "Blogtrottr/2.0"
192.168.0.11 - - [09/Sep/2012:06:39:45 +0200] "GET /notesif HTTP/1.1" 301 248 "-" "Tiny Tiny RSS/1.5.11 (http://tt-rss.org/)"
192.168.0.11 - - [09/Sep/2012:06:39:45 +0200] "GET /notesif/ HTTP/1.1" 302 - "-" "Tiny Tiny RSS/1.5.11 (http://tt-rss.org/)"
192.168.0.11 - - [09/Sep/2012:06:39:46 +0200] "GET /cas/themes/insa/media/favicon.ico;jsessionid=FC7CE42DF8A6E3ADA8AB0B3214D120CF.dsi-vm04 HTTP/1.1" 404 284 "-" "Tiny Tiny RSS/1.5.11 (http://tt-rss.org/)"
192.168.0.76 - - [09/Sep/2012:06:44:13 +0200] "GET /temps/3IF1.ics HTTP/1.1" 304 - "-" "DataAccess/1.0 (8C148)"
192.168.0.7 - - [09/Sep/2012:06:49:58 +0200] "GET /temps/SC.ics HTTP/1.1" 200 14380 "-" "Mozilla/5.0 (compatible; Googlebot/2.1; +http://www.google.com/bot.html)"
192.168.0.11 - - [09/Sep/2012:06:56:06 +0200] "GET /notesif HTTP/1.1" 301 248 "-" "Tiny Tiny RSS/1.5.11 (http://tt-rss.org/)"
192.168.0.11 - - [09/Sep/2012:06:56:06 +0200] "GET /notesif/ HTTP/1.1" 302 - "-" "Tiny Tiny RSS/1.5.11 (http://tt-rss.org/)"
192.168.0.11 - - [09/Sep/2012:06:56:07 +0200] "GET /cas/themes/insa/media/favicon.ico;jsessionid=1E53905E5E55B6AEB8F106B6E84ED404.dsi-vm04 HTTP/1.1" 404 284 "-" "Tiny Tiny RSS/1.5.11 (http://tt-rss.org/)"
192.168.0.7 - - [09/Sep/2012:06:57:27 +0200] "GET /temps/MK.ics HTTP/1.1" 200 11362 "-" "Mozilla/5.0 (compatible; Googlebot/2.1; +http://www.google.com/bot.html)"
192.168.0.155 - - [09/Sep/2012:06:59:12 +0200] "GET /temps/3IF1.ics HTTP/1.1" 304 - "-" "DataAccess/1.0 (8C148)"
192.168.0.7 - - [09/Sep/2012:06:59:19 +0200] "GET /temps/GL.ics HTTP/1.1" 200 10700 "-" "Mozilla/5.0 (compatible; Googlebot/2.1; +http://www.google.com/bot.html)"
192.168.0.12 - - [09/Sep/2012:07:04:38 +0200] "GET /notesif/RSS/RSS_3IF.xml HTTP/1.1" 200 95847 "-" "Feedfetcher-Google; (+http://www.google.com/feedfetcher.html; 2 subscribers; feed-id=16425187501328177924)"
192.168.0.12 - - [09/Sep/2012:07:11:51 +0200] "GET /notesif/RSS/RSS_4IF.xml HTTP/1.1" 200 57760 "-" "Feedfetcher-Google; (+http://www.google.com/feedfetcher.html; 1 subscribers; feed-id=16457623470660127987)"
192.168.0.76 - - [09/Sep/2012:07:14:12 +0200] "GET /temps/3IF1.ics HTTP/1.1" 304 - "-" "DataAccess/1.0 (8C148)"
192.168.0.11 - - [09/Sep/2012:07:14:50 +0200] "GET /notesif HTTP/1.1" 301 248 "-" "Tiny Tiny RSS/1.5.11 (http://tt-rss.org/)"
192.168.0.11 - - [09/Sep/2012:07:14:50 +0200] "GET /notesif/ HTTP/1.1" 302 - "-" "Tiny Tiny RSS/1.5.11 (http://tt-rss.org/)"
192.168.0.11 - - [09/Sep/2012:07:14:51 +0200] "GET /cas/themes/insa/media/favicon.ico;jsessionid=E8FD0570E1EFC8CD517D659A7D4CAB67.dsi-vm04 HTTP/1.1" 404 284 "-" "Tiny Tiny RSS/1.5.11 (http://tt-rss.org/)"
192.168.0.11 - - [09/Sep/2012:07:14:52 +0200] "GET /notesif HTTP/1.1" 301 248 "-" "Tiny Tiny RSS/1.5.11 (http://tt-rss.org/)"
192.168.0.11 - - [09/Sep/2012:07:14:52 +0200] "GET /notesif/ HTTP/1.1" 302 - "-" "Tiny Tiny RSS/1.5.11 (http://tt-rss.org/)"
192.168.0.11 - - [09/Sep/2012:07:14:53 +0200] "GET /cas/themes/insa/media/favicon.ico;jsessionid=B26E95B534475C9CD97EC47FCB802661.dsi-vm03 HTTP/1.1" 404 284 "-" "Tiny Tiny RSS/1.5.11 (http://tt-rss.org/)"
192.168.0.65 - - [09/Sep/2012:07:16:51 +0200] "GET /temps/4IF4.ics HTTP/1.1" 200 78500 "-" "DataAccess/1.0 (8J2)"
192.168.0.156 - - [09/Sep/2012:07:17:29 +0200] "GET /robots.txt HTTP/1.1" 404 208 "-" "Mozilla/5.0 (Windows NT 5.1; rv:6.0.2) Gecko/20100101 Firefox/6.0.2"
192.168.0.157 - - [09/Sep/2012:07:22:34 +0200] "GET /temps/5IF40.html HTTP/1.1" 304 - "-" "Mozilla/4.0 (compatible;)"
192.168.0.76 - - [09/Sep/2012:07:29:13 +0200] "GET /temps/3IF1.ics HTTP/1.1" 304 - "-" "DataAccess/1.0 (8C148)"
192.168.0.7 - - [09/Sep/2012:07:30:22 +0200] "GET /temps/WO.ics HTTP/1.1" 200 6435 "-" "Mozilla/5.0 (compatible; Googlebot/2.1; +http://www.google.com/bot.html)"
192.168.0.11 - - [09/Sep/2012:07:30:55 +0200] "GET /notesif HTTP/1.1" 301 248 "-" "Tiny Tiny RSS/1.5.11 (http://tt-rss.org/)"
192.168.0.11 - - [09/Sep/2012:07:30:55 +0200] "GET /notesif/ HTTP/1.1" 302 - "-" "Tiny Tiny RSS/1.5.11 (http://tt-rss.org/)"
192.168.0.11 - - [09/Sep/2012:07:30:56 +0200] "GET /cas/themes/insa/media/favicon.ico;jsessionid=1AB61377088ED4B5EE1D5FDA4CDB5632.dsi-vm04 HTTP/1.1" 404 284 "-" "Tiny Tiny RSS/1.5.11 (http://tt-rss.org/)"
192.168.0.59 - - [09/Sep/2012:07:32:25 +0200] "GET /notesif/RSS/RSS_4IF.xml HTTP/1.1" 200 57760 "http://intranet-if.insa-lyon.fr/notesif/RSS/RSS_4IF.xml" "Blogtrottr/2.0"
192.168.0.123 - - [09/Sep/2012:07:44:12 +0200] "GET /temps/3IF1.ics HTTP/1.1" 304 - "-" "DataAccess/1.0 (8C148)"
192.168.0.11 - - [09/Sep/2012:07:47:19 +0200] "GET /notesif HTTP/1.1" 301 248 "-" "Tiny Tiny RSS/1.5.11 (http://tt-rss.org/)"
192.168.0.11 - - [09/Sep/2012:07:47:20 +0200] "GET /notesif/ HTTP/1.1" 302 - "-" "Tiny Tiny RSS/1.5.11 (http://tt-rss.org/)"
192.168.0.11 - - [09/Sep/2012:07:47:20 +0200] "GET /cas/themes/insa/media/favicon.ico;jsessionid=9F6399B56E37010C3D9500DE66A7BF64.dsi-vm04 HTTP/1.1" 404 284 "-" "Tiny Tiny RSS/1.5.11 (http://tt-rss.org/)"
192.168.0.7 - - [09/Sep/2012:07:54:33 +0200] "GET /temps/4IF44.html HTTP/1.1" 200 5207 "-" "Mozilla/5.0 (compatible; Googlebot/2.1; +http://www.google.com/bot.html)"
192.168.0.99 - - [09/Sep/2012:07:59:13 +0200] "GET /temps/3IF1.ics HTTP/1.1" 304 - "-" "DataAccess/1.0 (8C148)"
192.168.0.12 - - [09/Sep/2012:08:01:58 +0200] "GET /notesif/RSS/RSS_3IF.xml HTTP/1.1" 200 95847 "-" "Feedfetcher-Google; (+http://www.google.com/feedfetcher.html; 2 subscribers; feed-id=16425187501328177924)"
192.168.0.7 - - [09/Sep/2012:08:03:25 +0200] "GET /temps/choix_3if.html HTTP/1.1" 200 5441 "-" "Mozilla/5.0 (compatible; Googlebot/2.1; +http://www.google.com/bot.html)"
192.168.0.11 - - [09/Sep/2012:08:03:25 +0200] "GET /notesif HTTP/1.1" 301 248 "-" "Tiny Tiny RSS/1.5.11 (http://tt-rss.org/)"
192.168.0.11 - - [09/Sep/2012:08:03:26 +0200] "GET /notesif/ HTTP/1.1" 302 - "-" "Tiny Tiny RSS/1.5.11 (http://tt-rss.org/)"
192.168.0.11 - - [09/Sep/2012:08:03:26 +0200] "GET /cas/themes/insa/media/favicon.ico;jsessionid=BD6DC83B605709311E7E900672E6CDB3.dsi-vm04 HTTP/1.1" 404 284 "-" "Tiny Tiny RSS/1.5.11 (http://tt-rss.org/)"
192.168.0.11 - - [09/Sep/2012:08:03:53 +0200] "GET /notesif HTTP/1.1" 301 248 "-" "Tiny Tiny RSS/1.5.11 (http://tt-rss.org/)"
192.168.0.11 - - [09/Sep/2012:08:03:53 +0200] "GET /notesif/ HTTP/1.1" 302 - "-" "Tiny Tiny RSS/1.5.11 (http://tt-rss.org/)"
192.168.0.11 - - [09/Sep/2012:08:03:53 +0200] "GET /cas/themes/insa/media/favicon.ico;jsessionid=3586307326D411E44EE367522819193E.dsi-vm04 HTTP/1.1" 404 284 "-" "Tiny Tiny RSS/1.5.11 (http://tt-rss.org/)"
192.168.0.100 - - [09/Sep/2012:08:04:16 +0200] "GET /temps/3IF1.ics HTTP/1.1" 200 121307 "-" "Mozilla/5.0 (Windows NT 6.1; WOW64) AppleWebKit/536.11 (KHTML, like Gecko) Chrome/20.0.1132.57 Safari/536.11"
192.168.0.7 - - [09/Sep/2012:08:08:48 +0200] "GET /temps/SB.ics HTTP/1.1" 200 17396 "-" "Mozilla/5.0 (compatible; Googlebot/2.1; +http://www.google.com/bot.html)"
192.168.0.65 - - [09/Sep/2012:08:12:09 +0200] "GET /temps/4IF4.ics HTTP/1.1" 200 78500 "-" "DataAccess/1.0 (8J2)"
192.168.0.119 - - [09/Sep/2012:08:14:13 +0200] "GET /temps/3IF1.ics HTTP/1.1" 304 - "-" "DataAccess/1.0 (8C148)"
192.168.0.11 - - [09/Sep/2012:08:21:55 +0200] "GET /notesif HTTP/1.1" 301 248 "-" "Tiny Tiny RSS/1.5.11 (http://tt-rss.org/)"
192.168.0.11 - - [09/Sep/2012:08:21:55 +0200] "GET /notesif/ HTTP/1.1" 302 - "-" "Tiny Tiny RSS/1.5.11 (http://tt-rss.org/)"
192.168.0.11 - - [09/Sep/2012:08:21:55 +0200] "GET /cas/themes/insa/media/favicon.ico;jsessionid=CADF131B14F736444727B123EAB16C2C.dsi-vm03 HTTP/1.1" 404 284 "-" "Tiny Tiny RSS/1.5.11 (http://tt-rss.org/)"
192.168.0.38 - - [09/Sep/2012:08:23:51 +0200] "GET /temps/3IF1.ics HTTP/1.1" 304 - "-" "DataAccess/1.0 (8C148)"
192.168.0.7 - - [09/Sep/2012:08:29:42 +0200] "GET /temps/3IF1.ics HTTP/1.1" 200 121307 "-" "Mozilla/5.0 (compatible; Googlebot/2.1; +http://www.google.com/bot.html)"
192.168.0.10 - - [09/Sep/2012:08:30:32 +0200] "GET /notesif/RSS/RSS_4IF.xml HTTP/1.1" 200 57760 "http://intranet-if.insa-lyon.fr/notesif/RSS/RSS_4IF.xml" "Blogtrottr/2.0"
192.168.0.100 - - [09/Sep/2012:08:31:18 +0200] "GET /temps/5012N.jpg HTTP/1.1" 200 72556 "http://intranet-if.insa-lyon.fr/temps/3IF38.html" "Mozilla/5.0 (Windows NT 6.1; WOW64) AppleWebKit/536.11 (KHTML, like Gecko) Chrome/20.0.1132.57 Safari/536.11"
192.168.0.7 - - [09/Sep/2012:08:32:23 +0200] "GET /temps/5IF.ic HTTP/1.1" 404 210 "-" "Mozilla/5.0 (compatible; Googlebot/2.1; +http://www.google.com/bot.html)"
192.168.0.7 - - [09/Sep/2012:08:37:45 +0200] "GET /Sourrouille/Jls-fr/Jls-details.htm HTTP/1.1" 404 232 "-" "Mozilla/5.0 (compatible; Googlebot/2.1; +http://www.google.com/bot.html)"
192.168.0.11 - - [09/Sep/2012:08:38:15 +0200] "GET /notesif HTTP/1.1" 301 248 "-" "Tiny Tiny RSS/1.5.11 (http://tt-rss.org/)"
192.168.0.11 - - [09/Sep/2012:08:38:15 +0200] "GET /notesif/ HTTP/1.1" 302 - "-" "Tiny Tiny RSS/1.5.11 (http://tt-rss.org/)"
192.168.0.11 - - [09/Sep/2012:08:38:15 +0200] "GET /cas/themes/insa/media/favicon.ico;jsessionid=33105CEC3C7EFD75ABBA2B6F9F70A5E1.dsi-vm04 HTTP/1.1" 404 284 "-" "Tiny Tiny RSS/1.5.11 (http://tt-rss.org/)"
192.168.0.62 - - [09/Sep/2012:08:38:19 +0200] "GET /temps/3IF1.ics HTTP/1.1" 304 - "-" "DataAccess/1.0 (8C148)"
192.168.0.7 - - [09/Sep/2012:08:44:59 +0200] "GET /temps/3IF2.ics HTTP/1.1" 200 121750 "-" "Mozilla/5.0 (compatible; Googlebot/2.1; +http://www.google.com/bot.html)"
192.168.0.158 - - [09/Sep/2012:08:49:24 +0200] "GET /SiteWebIF/Intranet-etudiant.php HTTP/1.1" 302 477 "http://if.insa-lyon.fr/" "Mozilla/5.0 (Windows NT 6.1; WOW64) AppleWebKit/537.1 (KHTML, like Gecko) Chrome/21.0.1180.89 Safari/537.1"
192.168.0.158 - - [09/Sep/2012:08:49:37 +0200] "GET /SiteWebIF/Intranet-etudiant.php?ticket=ST-23169-XUgemXSXBNbfsHI2kUS2-dsi-vm04 HTTP/1.1" 302 - "-" "Mozilla/5.0 (Windows NT 6.1; WOW64) AppleWebKit/537.1 (KHTML, like Gecko) Chrome/21.0.1180.89 Safari/537.1"
192.168.0.158 - - [09/Sep/2012:08:49:37 +0200] "GET /SiteWebIF/Intranet-etudiant.php HTTP/1.1" 200 3828 "-" "Mozilla/5.0 (Windows NT 6.1; WOW64) AppleWebKit/537.1 (KHTML, like Gecko) Chrome/21.0.1180.89 Safari/537.1"
192.168.0.158 - - [09/Sep/2012:08:49:37 +0200] "GET /stages/style_pfe.css HTTP/1.1" 200 895 "http://intranet-if.insa-lyon.fr/SiteWebIF/Intranet-etudiant.php" "Mozilla/5.0 (Windows NT 6.1; WOW64) AppleWebKit/537.1 (KHTML, like Gecko) Chrome/21.0.1180.89 Safari/537.1"
192.168.0.158 - - [09/Sep/2012:08:49:37 +0200] "GET /stages/FondInsa.jpg HTTP/1.1" 200 2828 "http://intranet-if.insa-lyon.fr/SiteWebIF/Intranet-etudiant.php" "Mozilla/5.0 (Windows NT 6.1; WOW64) AppleWebKit/537.1 (KHTML, like Gecko) Chrome/21.0.1180.89 Safari/537.1"
192.168.0.158 - - [09/Sep/2012:08:49:37 +0200] "GET /stages/bandeauFinal.jpg HTTP/1.1" 200 50390 "http://intranet-if.insa-lyon.fr/SiteWebIF/Intranet-etudiant.php" "Mozilla/5.0 (Windows NT 6.1; WOW64) AppleWebKit/537.1 (KHTML, like Gecko) Chrome/21.0.1180.89 Safari/537.1"
192.168.0.158 - - [09/Sep/2012:08:49:38 +0200] "GET /stages/InsaIF.ico HTTP/1.1" 200 766 "-" "Mozilla/5.0 (Windows NT 6.1; WOW64) AppleWebKit/537.1 (KHTML, like Gecko) Chrome/21.0.1180.89 Safari/537.1"
192.168.0.158 - - [09/Sep/2012:08:50:42 +0200] "GET /temps/ HTTP/1.1" 200 6835 "http://intranet-if.insa-lyon.fr/SiteWebIF/Intranet-etudiant.php" "Mozilla/5.0 (Windows NT 6.1; WOW64) AppleWebKit/537.1 (KHTML, like Gecko) Chrome/21.0.1180.89 Safari/537.1"
192.168.0.158 - - [09/Sep/2012:08:50:42 +0200] "GET /temps/style_emploi_du_temps.css HTTP/1.1" 200 1216 "http://intranet-if.insa-lyon.fr/temps/" "Mozilla/5.0 (Windows NT 6.1; WOW64) AppleWebKit/537.1 (KHTML, like Gecko) Chrome/21.0.1180.89 Safari/537.1"
192.168.0.158 - - [09/Sep/2012:08:50:42 +0200] "GET /temps/FondInsa.jpg HTTP/1.1" 200 2828 "http://intranet-if.insa-lyon.fr/temps/" "Mozilla/5.0 (Windows NT 6.1; WOW64) AppleWebKit/537.1 (KHTML, like Gecko) Chrome/21.0.1180.89 Safari/537.1"
192.168.0.158 - - [09/Sep/2012:08:50:42 +0200] "GET /temps/InsaIF.ico HTTP/1.1" 200 766 "-" "Mozilla/5.0 (Windows NT 6.1; WOW64) AppleWebKit/537.1 (KHTML, like Gecko) Chrome/21.0.1180.89 Safari/537.1"
192.168.0.158 - - [09/Sep/2012:08:51:32 +0200] "GET /temps/3IF37.html HTTP/1.1" 200 17269 "http://intranet-if.insa-lyon.fr/temps/" "Mozilla/5.0 (Windows NT 6.1; WOW64) AppleWebKit/537.1 (KHTML, like Gecko) Chrome/21.0.1180.89 Safari/537.1"
192.168.0.158 - - [09/Sep/2012:08:51:32 +0200] "GET /temps/precedent.gif HTTP/1.1" 200 1906 "http://intranet-if.insa-lyon.fr/temps/3IF37.html" "Mozilla/5.0 (Windows NT 6.1; WOW64) AppleWebKit/537.1 (KHTML, like Gecko) Chrome/21.0.1180.89 Safari/537.1"
192.168.0.158 - - [09/Sep/2012:08:51:32 +0200] "GET /temps/choix.gif HTTP/1.1" 200 2836 "http://intranet-if.insa-lyon.fr/temps/3IF37.html" "Mozilla/5.0 (Windows NT 6.1; WOW64) AppleWebKit/537.1 (KHTML, like Gecko) Chrome/21.0.1180.89 Safari/537.1"
192.168.0.158 - - [09/Sep/2012:08:51:32 +0200] "GET /temps/suivant.gif HTTP/1.1" 200 1634 "http://intranet-if.insa-lyon.fr/temps/3IF37.html" "Mozilla/5.0 (Windows NT 6.1; WOW64) AppleWebKit/537.1 (KHTML, like Gecko) Chrome/21.0.1180.89 Safari/537.1"
192.168.0.158 - - [09/Sep/2012:08:51:45 +0200] "GET /temps/3IF38.html HTTP/1.1" 200 21722 "http://intranet-if.insa-lyon.fr/temps/3IF37.html" "Mozilla/5.0 (Windows NT 6.1; WOW64) AppleWebKit/537.1 (KHTML, like Gecko) Chrome/21.0.1180.89 Safari/537.1"
192.168.0.41 - - [09/Sep/2012:08:51:58 +0200] "GET /temps/ML.ics HTTP/1.1" 304 - "-" "Mozilla/4.0 (compatible; MSIE 6.0; Windows NT 5.1; SV1; .NET CLR 1.1.4322) Zimbra/2.0"
192.168.0.158 - - [09/Sep/2012:08:52:10 +0200] "GET /temps/3IF39.html HTTP/1.1" 200 22495 "http://intranet-if.insa-lyon.fr/temps/3IF38.html" "Mozilla/5.0 (Windows NT 6.1; WOW64) AppleWebKit/537.1 (KHTML, like Gecko) Chrome/21.0.1180.89 Safari/537.1"
192.168.0.158 - - [09/Sep/2012:08:52:32 +0200] "GET /temps/3IF40.html HTTP/1.1" 200 23907 "http://intranet-if.insa-lyon.fr/temps/3IF39.html" "Mozilla/5.0 (Windows NT 6.1; WOW64) AppleWebKit/537.1 (KHTML, like Gecko) Chrome/21.0.1180.89 Safari/537.1"
192.168.0.100 - - [09/Sep/2012:08:52:34 +0200] "GET /temps/3IF42.html HTTP/1.1" 200 22591 "http://intranet-if.insa-lyon.fr/temps/3IF41.html" "Mozilla/5.0 (Windows NT 6.1; WOW64) AppleWebKit/536.11 (KHTML, like Gecko) Chrome/20.0.1132.57 Safari/536.11"
192.168.0.158 - - [09/Sep/2012:08:52:47 +0200] "GET /temps/3IF41.html HTTP/1.1" 200 24047 "http://intranet-if.insa-lyon.fr/temps/3IF40.html" "Mozilla/5.0 (Windows NT 6.1; WOW64) AppleWebKit/537.1 (KHTML, like Gecko) Chrome/21.0.1180.89 Safari/537.1"
192.168.0.7 - - [09/Sep/2012:08:52:49 +0200] "GET /temps/4IF1.ics HTTP/1.1" 200 78480 "-" "Mozilla/5.0 (compatible; Googlebot/2.1; +http://www.google.com/bot.html)"
192.168.0.100 - - [09/Sep/2012:08:52:57 +0200] "GET /temps/3IF43.html HTTP/1.1" 200 22193 "http://intranet-if.insa-lyon.fr/temps/3IF42.html" "Mozilla/5.0 (Windows NT 6.1; WOW64) AppleWebKit/536.11 (KHTML, like Gecko) Chrome/20.0.1132.57 Safari/536.11"
192.168.0.158 - - [09/Sep/2012:08:53:03 +0200] "GET /temps/3IF42.html HTTP/1.1" 200 22591 "http://intranet-if.insa-lyon.fr/temps/3IF41.html" "Mozilla/5.0 (Windows NT 6.1; WOW64) AppleWebKit/537.1 (KHTML, like Gecko) Chrome/21.0.1180.89 Safari/537.1"
192.168.0.158 - - [09/Sep/2012:08:53:15 +0200] "GET /temps/3IF43.html HTTP/1.1" 200 22193 "http://intranet-if.insa-lyon.fr/temps/3IF42.html" "Mozilla/5.0 (Windows NT 6.1; WOW64) AppleWebKit/537.1 (KHTML, like Gecko) Chrome/21.0.1180.89 Safari/537.1"
192.168.0.148 - - [09/Sep/2012:08:53:16 +0200] "GET /temps/3IF1.ics HTTP/1.1" 304 - "-" "DataAccess/1.0 (8C148)"
192.168.0.158 - - [09/Sep/2012:08:53:29 +0200] "GET /temps/3IF44.html HTTP/1.1" 200 5207 "http://intranet-if.insa-lyon.fr/temps/3IF43.html" "Mozilla/5.0 (Windows NT 6.1; WOW64) AppleWebKit/537.1 (KHTML, like Gecko) Chrome/21.0.1180.89 Safari/537.1"
192.168.0.158 - - [09/Sep/2012:08:53:31 +0200] "GET /temps/3IF45.html HTTP/1.1" 200 23840 "http://intranet-if.insa-lyon.fr/temps/3IF44.html" "Mozilla/5.0 (Windows NT 6.1; WOW64) AppleWebKit/537.1 (KHTML, like Gecko) Chrome/21.0.1180.89 Safari/537.1"
192.168.0.100 - - [09/Sep/2012:08:53:33 +0200] "GET /temps/3IF44.html HTTP/1.1" 200 5207 "http://intranet-if.insa-lyon.fr/temps/3IF43.html" "Mozilla/5.0 (Windows NT 6.1; WOW64) AppleWebKit/536.11 (KHTML, like Gecko) Chrome/20.0.1132.57 Safari/536.11"
192.168.0.100 - - [09/Sep/2012:08:53:39 +0200] "GET /temps/3IF45.html HTTP/1.1" 200 23840 "http://intranet-if.insa-lyon.fr/temps/3IF44.html" "Mozilla/5.0 (Windows NT 6.1; WOW64) AppleWebKit/536.11 (KHTML, like Gecko) Chrome/20.0.1132.57 Safari/536.11"
192.168.0.158 - - [09/Sep/2012:08:53:46 +0200] "GET /temps/3IF46.html HTTP/1.1" 200 23633 "http://intranet-if.insa-lyon.fr/temps/3IF45.html" "Mozilla/5.0 (Windows NT 6.1; WOW64) AppleWebKit/537.1 (KHTML, like Gecko) Chrome/21.0.1180.89 Safari/537.1"
192.168.0.158 - - [09/Sep/2012:08:53:54 +0200] "GET /temps/3IF47.html HTTP/1.1" 200 21648 "http://intranet-if.insa-lyon.fr/temps/3IF46.html" "Mozilla/5.0 (Windows NT 6.1; WOW64) AppleWebKit/537.1 (KHTML, like Gecko) Chrome/21.0.1180.89 Safari/537.1"
192.168.0.158 - - [09/Sep/2012:08:54:10 +0200] "GET /temps/3IF48.html HTTP/1.1" 200 23144 "http://intranet-if.insa-lyon.fr/temps/3IF47.html" "Mozilla/5.0 (Windows NT 6.1; WOW64) AppleWebKit/537.1 (KHTML, like Gecko) Chrome/21.0.1180.89 Safari/537.1"
192.168.0.158 - - [09/Sep/2012:08:54:22 +0200] "GET /temps/3IF49.html HTTP/1.1" 200 22437 "http://intranet-if.insa-lyon.fr/temps/3IF48.html" "Mozilla/5.0 (Windows NT 6.1; WOW64) AppleWebKit/537.1 (KHTML, like Gecko) Chrome/21.0.1180.89 Safari/537.1"
192.168.0.158 - - [09/Sep/2012:08:54:36 +0200] "GET /temps/3IF50.html HTTP/1.1" 200 21757 "http://intranet-if.insa-lyon.fr/temps/3IF49.html" "Mozilla/5.0 (Windows NT 6.1; WOW64) AppleWebKit/537.1 (KHTML, like Gecko) Chrome/21.0.1180.89 Safari/537.1"
192.168.0.11 - - [09/Sep/2012:08:54:43 +0200] "GET /notesif HTTP/1.1" 301 248 "-" "Tiny Tiny RSS/1.5.11 (http://tt-rss.org/)"
192.168.0.11 - - [09/Sep/2012:08:54:43 +0200] "GET /notesif/ HTTP/1.1" 302 - "-" "Tiny Tiny RSS/1.5.11 (http://tt-rss.org/)"
192.168.0.158 - - [09/Sep/2012:08:54:43 +0200] "GET /temps/3IF51.html HTTP/1.1" 200 24012 "http://intranet-if.insa-lyon.fr/temps/3IF50.html" "Mozilla/5.0 (Windows NT 6.1; WOW64) AppleWebKit/537.1 (KHTML, like Gecko) Chrome/21.0.1180.89 Safari/537.1"
192.168.0.11 - - [09/Sep/2012:08:54:43 +0200] "GET /cas/themes/insa/media/favicon.ico;jsessionid=E797ACC845B7B0AD3047F9BB1B25A757.dsi-vm03 HTTP/1.1" 404 284 "-" "Tiny Tiny RSS/1.5.11 (http://tt-rss.org/)"
192.168.0.158 - - [09/Sep/2012:08:54:54 +0200] "GET /temps/3IF52.html HTTP/1.1" 200 5193 "http://intranet-if.insa-lyon.fr/temps/3IF51.html" "Mozilla/5.0 (Windows NT 6.1; WOW64) AppleWebKit/537.1 (KHTML, like Gecko) Chrome/21.0.1180.89 Safari/537.1"
192.168.0.158 - - [09/Sep/2012:08:54:57 +0200] "GET /temps/3IF1.html HTTP/1.1" 200 5211 "http://intranet-if.insa-lyon.fr/temps/3IF52.html" "Mozilla/5.0 (Windows NT 6.1; WOW64) AppleWebKit/537.1 (KHTML, like Gecko) Chrome/21.0.1180.89 Safari/537.1"
192.168.0.158 - - [09/Sep/2012:08:54:58 +0200] "GET /temps/3IF2.html HTTP/1.1" 200 23153 "http://intranet-if.insa-lyon.fr/temps/3IF1.html" "Mozilla/5.0 (Windows NT 6.1; WOW64) AppleWebKit/537.1 (KHTML, like Gecko) Chrome/21.0.1180.89 Safari/537.1"
192.168.0.158 - - [09/Sep/2012:08:55:24 +0200] "GET /temps/index.html HTTP/1.1" 200 6835 "http://intranet-if.insa-lyon.fr/temps/3IF2.html" "Mozilla/5.0 (Windows NT 6.1; WOW64) AppleWebKit/537.1 (KHTML, like Gecko) Chrome/21.0.1180.89 Safari/537.1"
192.168.0.100 - - [09/Sep/2012:08:56:25 +0200] "GET /temps/3IF46.html HTTP/1.1" 200 23633 "http://intranet-if.insa-lyon.fr/temps/3IF45.html" "Mozilla/5.0 (Windows NT 6.1; WOW64) AppleWebKit/536.11 (KHTML, like Gecko) Chrome/20.0.1132.57 Safari/536.11"
192.168.0.100 - - [09/Sep/2012:08:56:37 +0200] "GET /temps/3IF47.html HTTP/1.1" 200 21648 "http://intranet-if.insa-lyon.fr/temps/3IF46.html" "Mozilla/5.0 (Windows NT 6.1; WOW64) AppleWebKit/536.11 (KHTML, like Gecko) Chrome/20.0.1132.57 Safari/536.11"
192.168.0.100 - - [09/Sep/2012:08:56:44 +0200] "GET /temps/3IF48.html HTTP/1.1" 200 23144 "http://intranet-if.insa-lyon.fr/temps/3IF47.html" "Mozilla/5.0 (Windows NT 6.1; WOW64) AppleWebKit/536.11 (KHTML, like Gecko) Chrome/20.0.1132.57 Safari/536.11"
192.168.0.100 - - [09/Sep/2012:08:57:01 +0200] "GET /temps/3IF49.html HTTP/1.1" 200 22437 "http://intranet-if.insa-lyon.fr/temps/3IF48.html" "Mozilla/5.0 (Windows NT 6.1; WOW64) AppleWebKit/536.11 (KHTML, like Gecko) Chrome/20.0.1132.57 Safari/536.11"
192.168.0.159 - - [09/Sep/2012:08:57:39 +0200] "GET /SiteWebIF/Intranet-etudiant.php HTTP/1.1" 302 477 "http://if.insa-lyon.fr/" "Mozilla/5.0 (Windows NT 6.1; rv:12.0) Gecko/20100101 Firefox/12.0"
192.168.0.159 - - [09/Sep/2012:08:58:00 +0200] "GET /SiteWebIF/Intranet-etudiant.php?ticket=ST-23191-F5A6kOT1y2v139AUusg3-dsi-vm04 HTTP/1.1" 302 - "-" "Mozilla/5.0 (Windows NT 6.1; rv:12.0) Gecko/20100101 Firefox/12.0"
192.168.0.159 - - [09/Sep/2012:08:58:00 +0200] "GET /SiteWebIF/Intranet-etudiant.php HTTP/1.1" 200 3783 "-" "Mozilla/5.0 (Windows NT 6.1; rv:12.0) Gecko/20100101 Firefox/12.0"
192.168.0.159 - - [09/Sep/2012:08:58:00 +0200] "GET /stages/InsaIF.ico HTTP/1.1" 200 766 "-" "Mozilla/5.0 (Windows NT 6.1; rv:12.0) Gecko/20100101 Firefox/12.0"
192.168.0.159 - - [09/Sep/2012:08:58:00 +0200] "GET /stages/style_pfe.css HTTP/1.1" 200 895 "http://intranet-if.insa-lyon.fr/SiteWebIF/Intranet-etudiant.php" "Mozilla/5.0 (Windows NT 6.1; rv:12.0) Gecko/20100101 Firefox/12.0"
192.168.0.159 - - [09/Sep/2012:08:58:01 +0200] "GET /stages/FondInsa.jpg HTTP/1.1" 200 2828 "http://intranet-if.insa-lyon.fr/stages/style_pfe.css" "Mozilla/5.0 (Windows NT 6.1; rv:12.0) Gecko/20100101 Firefox/12.0"
192.168.0.159 - - [09/Sep/2012:08:58:00 +0200] "GET /stages/bandeauFinal.jpg HTTP/1.1" 200 50390 "http://intranet-if.insa-lyon.fr/SiteWebIF/Intranet-etudiant.php" "Mozilla/5.0 (Windows NT 6.1; rv:12.0) Gecko/20100101 Firefox/12.0"
192.168.0.159 - - [09/Sep/2012:08:58:03 +0200] "GET /notesif HTTP/1.1" 301 248 "http://intranet-if.insa-lyon.fr/SiteWebIF/Intranet-etudiant.php" "Mozilla/5.0 (Windows NT 6.1; rv:12.0) Gecko/20100101 Firefox/12.0"
192.168.0.159 - - [09/Sep/2012:08:58:03 +0200] "GET /notesif/ HTTP/1.1" 302 - "http://intranet-if.insa-lyon.fr/SiteWebIF/Intranet-etudiant.php" "Mozilla/5.0 (Windows NT 6.1; rv:12.0) Gecko/20100101 Firefox/12.0"
192.168.0.100 - - [09/Sep/2012:08:59:11 +0200] "GET /temps/3IF50.html HTTP/1.1" 200 21757 "http://intranet-if.insa-lyon.fr/temps/3IF49.html" "Mozilla/5.0 (Windows NT 6.1; WOW64) AppleWebKit/536.11 (KHTML, like Gecko) Chrome/20.0.1132.57 Safari/536.11"
192.168.0.100 - - [09/Sep/2012:08:59:18 +0200] "GET /temps/3IF51.html HTTP/1.1" 200 24012 "http://intranet-if.insa-lyon.fr/temps/3IF50.html" "Mozilla/5.0 (Windows NT 6.1; WOW64) AppleWebKit/536.11 (KHTML, like Gecko) Chrome/20.0.1132.57 Safari/536.11"
192.168.0.100 - - [09/Sep/2012:08:59:54 +0200] "GET /temps/3IF52.html HTTP/1.1" 200 5193 "http://intranet-if.insa-lyon.fr/temps/3IF51.html" "Mozilla/5.0 (Windows NT 6.1; WOW64) AppleWebKit/536.11 (KHTML, like Gecko) Chrome/20.0.1132.57 Safari/536.11"
192.168.0.100 - - [09/Sep/2012:08:59:57 +0200] "GET /temps/3IF1.html HTTP/1.1" 200 5211 "http://intranet-if.insa-lyon.fr/temps/3IF52.html" "Mozilla/5.0 (Windows NT 6.1; WOW64) AppleWebKit/536.11 (KHTML, like Gecko) Chrome/20.0.1132.57 Safari/536.11"
192.168.0.100 - - [09/Sep/2012:08:59:58 +0200] "GET /temps/3IF2.html HTTP/1.1" 200 23153 "http://intranet-if.insa-lyon.fr/temps/3IF1.html" "Mozilla/5.0 (Windows NT 6.1; WOW64) AppleWebKit/536.11 (KHTML, like Gecko) Chrome/20.0.1132.57 Safari/536.11"
192.168.0.65 - - [09/Sep/2012:09:04:47 +0200] "GET /temps/4IF4.ics HTTP/1.1" 200 78500 "-" "DataAccess/1.0 (8J2)"
192.168.0.100 - - [09/Sep/2012:09:05:00 +0200] "GET /temps/3IF3.html HTTP/1.1" 200 21548 "http://intranet-if.insa-lyon.fr/temps/3IF2.html" "Mozilla/5.0 (Windows NT 6.1; WOW64) AppleWebKit/536.11 (KHTML, like Gecko) Chrome/20.0.1132.57 Safari/536.11"
192.168.0.160 - - [09/Sep/2012:09:05:14 +0200] "GET /robots.txt HTTP/1.1" 404 208 "-" "Mozilla/5.0 (compatible; bingbot/2.0; +http://www.bing.com/bingbot.htm)"
192.168.0.160 - - [09/Sep/2012:09:06:02 +0200] "GET /temps/3IF42.html HTTP/1.1" 200 22591 "-" "Mozilla/5.0 (compatible; bingbot/2.0; +http://www.bing.com/bingbot.htm)"
192.168.0.160 - - [09/Sep/2012:09:06:02 +0200] "GET /temps/3IF41.html HTTP/1.1" 200 24047 "-" "Mozilla/5.0 (compatible; bingbot/2.0; +http://www.bing.com/bingbot.htm)"
192.168.0.160 - - [09/Sep/2012:09:06:08 +0200] "GET /temps/4IF1.html HTTP/1.1" 200 5211 "-" "Mozilla/5.0 (compatible; bingbot/2.0; +http://www.bing.com/bingbot.htm)"
192.168.0.161 - - [09/Sep/2012:09:06:11 +0200] "GET /temps/4IF47.html HTTP/1.1" 200 16572 "-" "Mozilla/5.0 (compatible; bingbot/2.0; +http://www.bing.com/bingbot.htm)"
192.168.0.161 - - [09/Sep/2012:09:06:11 +0200] "GET /temps/3IF40.html HTTP/1.1" 200 23907 "-" "Mozilla/5.0 (compatible; bingbot/2.0; +http://www.bing.com/bingbot.htm)"
192.168.0.162 - - [09/Sep/2012:09:06:31 +0200] "GET /temps/ HTTP/1.1" 200 6835 "-" "Mozilla/5.0 (compatible; bingbot/2.0; +http://www.bing.com/bingbot.htm)"
192.168.0.100 - - [09/Sep/2012:09:06:57 +0200] "GET /temps/3IF4.html HTTP/1.1" 200 18511 "http://intranet-if.insa-lyon.fr/temps/3IF3.html" "Mozilla/5.0 (Windows NT 6.1; WOW64) AppleWebKit/536.11 (KHTML, like Gecko) Chrome/20.0.1132.57 Safari/536.11"
192.168.0.100 - - [09/Sep/2012:09:07:14 +0200] "GET /temps/3IF5.html HTTP/1.1" 200 21934 "http://intranet-if.insa-lyon.fr/temps/3IF4.html" "Mozilla/5.0 (Windows NT 6.1; WOW64) AppleWebKit/536.11 (KHTML, like Gecko) Chrome/20.0.1132.57 Safari/536.11"
192.168.0.163 - - [09/Sep/2012:09:07:26 +0200] "GET /micromachine/ HTTP/1.1" 200 5719 "-" "Mozilla/5.0 (compatible; bingbot/2.0; +http://www.bing.com/bingbot.htm)"
192.168.0.100 - - [09/Sep/2012:09:07:47 +0200] "GET /temps/3IF6.html HTTP/1.1" 200 22777 "http://intranet-if.insa-lyon.fr/temps/3IF5.html" "Mozilla/5.0 (Windows NT 6.1; WOW64) AppleWebKit/536.11 (KHTML, like Gecko) Chrome/20.0.1132.57 Safari/536.11"
192.168.0.100 - - [09/Sep/2012:09:07:56 +0200] "GET /temps/3IF7.html HTTP/1.1" 200 21809 "http://intranet-if.insa-lyon.fr/temps/3IF6.html" "Mozilla/5.0 (Windows NT 6.1; WOW64) AppleWebKit/536.11 (KHTML, like Gecko) Chrome/20.0.1132.57 Safari/536.11"
192.168.0.100 - - [09/Sep/2012:09:08:05 +0200] "GET /temps/3IF8.html HTTP/1.1" 200 21781 "http://intranet-if.insa-lyon.fr/temps/3IF7.html" "Mozilla/5.0 (Windows NT 6.1; WOW64) AppleWebKit/536.11 (KHTML, like Gecko) Chrome/20.0.1132.57 Safari/536.11"
192.168.0.7 - - [09/Sep/2012:09:08:06 +0200] "GET /temps/4IF4.ics HTTP/1.1" 200 78500 "-" "Mozilla/5.0 (compatible; Googlebot/2.1; +http://www.google.com/bot.html)"
192.168.0.93 - - [09/Sep/2012:09:08:16 +0200] "GET /temps/3IF1.ics HTTP/1.1" 304 - "-" "DataAccess/1.0 (8C148)"
192.168.0.100 - - [09/Sep/2012:09:09:09 +0200] "GET /temps/3IF9.html HTTP/1.1" 200 5196 "http://intranet-if.insa-lyon.fr/temps/3IF8.html" "Mozilla/5.0 (Windows NT 6.1; WOW64) AppleWebKit/536.11 (KHTML, like Gecko) Chrome/20.0.1132.57 Safari/536.11"
192.168.0.100 - - [09/Sep/2012:09:09:12 +0200] "GET /temps/3IF10.html HTTP/1.1" 200 23296 "http://intranet-if.insa-lyon.fr/temps/3IF9.html" "Mozilla/5.0 (Windows NT 6.1; WOW64) AppleWebKit/536.11 (KHTML, like Gecko) Chrome/20.0.1132.57 Safari/536.11"
192.168.0.12 - - [09/Sep/2012:09:10:38 +0200] "GET /notesif/RSS/RSS_3IF.xml HTTP/1.1" 200 95847 "-" "Feedfetcher-Google; (+http://www.google.com/feedfetcher.html; 2 subscribers; feed-id=16425187501328177924)"
192.168.0.158 - - [09/Sep/2012:09:10:56 +0200] "GET /permanences HTTP/1.1" 301 252 "http://intranet-if.insa-lyon.fr/SiteWebIF/Intranet-etudiant.php" "Mozilla/5.0 (Windows NT 6.1; WOW64) AppleWebKit/537.1 (KHTML, like Gecko) Chrome/21.0.1180.89 Safari/537.1"
192.168.0.158 - - [09/Sep/2012:09:10:56 +0200] "GET /permanences/ HTTP/1.1" 200 4985 "http://intranet-if.insa-lyon.fr/SiteWebIF/Intranet-etudiant.php" "Mozilla/5.0 (Windows NT 6.1; WOW64) AppleWebKit/537.1 (KHTML, like Gecko) Chrome/21.0.1180.89 Safari/537.1"
192.168.0.158 - - [09/Sep/2012:09:10:56 +0200] "GET /favicon.ico HTTP/1.1" 200 1700 "-" "Mozilla/5.0 (Windows NT 6.1; WOW64) AppleWebKit/537.1 (KHTML, like Gecko) Chrome/21.0.1180.89 Safari/537.1"
192.168.0.11 - - [09/Sep/2012:09:10:57 +0200] "GET /notesif HTTP/1.1" 301 248 "-" "Tiny Tiny RSS/1.5.11 (http://tt-rss.org/)"
192.168.0.11 - - [09/Sep/2012:09:10:57 +0200] "GET /notesif/ HTTP/1.1" 302 - "-" "Tiny Tiny RSS/1.5.11 (http://tt-rss.org/)"
192.168.0.11 - - [09/Sep/2012:09:10:58 +0200] "GET /cas/themes/insa/media/favicon.ico;jsessionid=554E93E6B72A74CCA9C17756BC7F039E.dsi-vm03 HTTP/1.1" 404 284 "-" "Tiny Tiny RSS/1.5.11 (http://tt-rss.org/)"
192.168.0.158 - - [09/Sep/2012:09:11:08 +0200] "GET /notesif HTTP/1.1" 301 248 "http://intranet-if.insa-lyon.fr/SiteWebIF/Intranet-etudiant.php" "Mozilla/5.0 (Windows NT 6.1; WOW64) AppleWebKit/537.1 (KHTML, like Gecko) Chrome/21.0.1180.89 Safari/537.1"
192.168.0.158 - - [09/Sep/2012:09:11:08 +0200] "GET /notesif/ HTTP/1.1" 302 - "http://intranet-if.insa-lyon.fr/SiteWebIF/Intranet-etudiant.php" "Mozilla/5.0 (Windows NT 6.1; WOW64) AppleWebKit/537.1 (KHTML, like Gecko) Chrome/21.0.1180.89 Safari/537.1"
192.168.0.100 - - [09/Sep/2012:09:11:18 +0200] "GET /temps/3IF11.html HTTP/1.1" 200 22727 "http://intranet-if.insa-lyon.fr/temps/3IF10.html" "Mozilla/5.0 (Windows NT 6.1; WOW64) AppleWebKit/536.11 (KHTML, like Gecko) Chrome/20.0.1132.57 Safari/536.11"
192.168.0.158 - - [09/Sep/2012:09:11:19 +0200] "GET /stages/Listestage.php HTTP/1.1" 200 74705 "http://intranet-if.insa-lyon.fr/SiteWebIF/Intranet-etudiant.php" "Mozilla/5.0 (Windows NT 6.1; WOW64) AppleWebKit/537.1 (KHTML, like Gecko) Chrome/21.0.1180.89 Safari/537.1"
192.168.0.100 - - [09/Sep/2012:09:12:34 +0200] "GET /temps/3IF12.html HTTP/1.1" 200 22861 "http://intranet-if.insa-lyon.fr/temps/3IF11.html" "Mozilla/5.0 (Windows NT 6.1; WOW64) AppleWebKit/536.11 (KHTML, like Gecko) Chrome/20.0.1132.57 Safari/536.11"
192.168.0.164 - - [09/Sep/2012:09:12:47 +0200] "GET /temps/4IF1.ics HTTP/1.1" 200 78480 "-" "-"
192.168.0.100 - - [09/Sep/2012:09:13:12 +0200] "GET /temps/3IF13.html HTTP/1.1" 200 23048 "http://intranet-if.insa-lyon.fr/temps/3IF12.html" "Mozilla/5.0 (Windows NT 6.1; WOW64) AppleWebKit/536.11 (KHTML, like Gecko) Chrome/20.0.1132.57 Safari/536.11"
192.168.0.158 - - [09/Sep/2012:09:13:13 +0200] "GET /stages/ListePFE.php HTTP/1.1" 200 350383 "http://intranet-if.insa-lyon.fr/SiteWebIF/Intranet-etudiant.php" "Mozilla/5.0 (Windows NT 6.1; WOW64) AppleWebKit/537.1 (KHTML, like Gecko) Chrome/21.0.1180.89 Safari/537.1"
192.168.0.100 - - [09/Sep/2012:09:13:37 +0200] "GET /temps/3IF14.html HTTP/1.1" 200 20260 "http://intranet-if.insa-lyon.fr/temps/3IF13.html" "Mozilla/5.0 (Windows NT 6.1; WOW64) AppleWebKit/536.11 (KHTML, like Gecko) Chrome/20.0.1132.57 Safari/536.11"
192.168.0.100 - - [09/Sep/2012:09:13:46 +0200] "GET /temps/3IF15.html HTTP/1.1" 200 24605 "http://intranet-if.insa-lyon.fr/temps/3IF14.html" "Mozilla/5.0 (Windows NT 6.1; WOW64) AppleWebKit/536.11 (KHTML, like Gecko) Chrome/20.0.1132.57 Safari/536.11"
192.168.0.100 - - [09/Sep/2012:09:13:54 +0200] "GET /temps/3IF16.html HTTP/1.1" 200 24198 "http://intranet-if.insa-lyon.fr/temps/3IF15.html" "Mozilla/5.0 (Windows NT 6.1; WOW64) AppleWebKit/536.11 (KHTML, like Gecko) Chrome/20.0.1132.57 Safari/536.11"
192.168.0.158 - - [09/Sep/2012:09:14:25 +0200] "GET /temps/style_pfe.css HTTP/1.1" 200 895 "http://intranet-if.insa-lyon.fr/temps/SoutenancesPFE.html" "Mozilla/5.0 (Windows NT 6.1; WOW64) AppleWebKit/537.1 (KHTML, like Gecko) Chrome/21.0.1180.89 Safari/537.1"
192.168.0.158 - - [09/Sep/2012:09:14:25 +0200] "GET /temps/loupe.gif HTTP/1.1" 200 326 "http://intranet-if.insa-lyon.fr/temps/SoutenancesPFE.html" "Mozilla/5.0 (Windows NT 6.1; WOW64) AppleWebKit/537.1 (KHTML, like Gecko) Chrome/21.0.1180.89 Safari/537.1"
192.168.0.158 - - [09/Sep/2012:09:14:25 +0200] "GET /temps/SoutenancesPFE.html HTTP/1.1" 200 93333 "http://intranet-if.insa-lyon.fr/SiteWebIF/Intranet-etudiant.php" "Mozilla/5.0 (Windows NT 6.1; WOW64) AppleWebKit/537.1 (KHTML, like Gecko) Chrome/21.0.1180.89 Safari/537.1"
192.168.0.100 - - [09/Sep/2012:09:14:44 +0200] "GET /temps/3IF17.html HTTP/1.1" 200 5189 "http://intranet-if.insa-lyon.fr/temps/3IF16.html" "Mozilla/5.0 (Windows NT 6.1; WOW64) AppleWebKit/536.11 (KHTML, like Gecko) Chrome/20.0.1132.57 Safari/536.11"
