192.168.0.67 - - [08/Sep/2012:15:18:41 +0200] "GET /temps/3IF1.ics HTTP/1.1" 304 - "-" "DataAccess/1.0 (8C148)"
192.168.0.11 - - [08/Sep/2012:15:21:21 +0200] "GET /notesif HTTP/1.1" 301 248 "-" "Tiny Tiny RSS/1.5.11 (http://tt-rss.org/)"
192.168.0.11 - - [08/Sep/2012:15:21:21 +0200] "GET /notesif/ HTTP/1.1" 302 - "-" "Tiny Tiny RSS/1.5.11 (http://tt-rss.org/)"
192.168.0.11 - - [08/Sep/2012:15:21:21 +0200] "GET /cas/themes/insa/media/favicon.ico;jsessionid=F2287F8CE73F146C3DFD4FC863475715.dsi-vm03 HTTP/1.1" 404 284 "-" "Tiny Tiny RSS/1.5.11 (http://tt-rss.org/)"
192.168.0.66 - - [08/Sep/2012:15:23:09 +0200] "GET /temps/3IF38.html HTTP/1.1" 200 21722 "http://intranet-if.insa-lyon.fr/temps/3IF37.html" "Mozilla/5.0 (Windows NT 6.1; rv:15.0) Gecko/20100101 Firefox/15.0.1"
192.168.0.32 - - [08/Sep/2012:15:23:34 +0200] "GET /temps/4IF1.ics HTTP/1.1" 200 78480 "-" "Mozilla/4.0 (compatible; MSIE 7.0; Windows NT 6.0)"
192.168.0.66 - - [08/Sep/2012:15:23:50 +0200] "GET /temps/3IF39.html HTTP/1.1" 200 22495 "http://intranet-if.insa-lyon.fr/temps/3IF38.html" "Mozilla/5.0 (Windows NT 6.1; rv:15.0) Gecko/20100101 Firefox/15.0.1"
192.168.0.33 - - [08/Sep/2012:15:23:54 +0200] "GET /notesif/RSS/RSS_4IF.xml HTTP/1.1" 200 57760 "http://intranet-if.insa-lyon.fr/notesif/RSS/RSS_4IF.xml" "Blogtrottr/2.0"
192.168.0.66 - - [08/Sep/2012:15:24:02 +0200] "GET /temps/3IF40.html HTTP/1.1" 200 23907 "http://intranet-if.insa-lyon.fr/temps/3IF39.html" "Mozilla/5.0 (Windows NT 6.1; rv:15.0) Gecko/20100101 Firefox/15.0.1"
192.168.0.66 - - [08/Sep/2012:15:24:39 +0200] "GET /temps/INSA.jpg HTTP/1.1" 200 184548 "http://intranet-if.insa-lyon.fr/temps/3IF37.html" "Mozilla/5.0 (Windows NT 6.1; rv:15.0) Gecko/20100101 Firefox/15.0.1"
192.168.0.68 - - [08/Sep/2012:15:25:29 +0200] "GET /SiteWebIF/Intranet-etudiant.php HTTP/1.1" 302 477 "-" "Mozilla/5.0 (Windows NT 6.1; WOW64; rv:14.0) Gecko/20100101 Firefox/14.0.1"
192.168.0.68 - - [08/Sep/2012:15:25:34 +0200] "GET /SiteWebIF/Intranet-etudiant.php?ticket=ST-343300-cjh3feN0WaHM5spIIeTQ-dsi-vm03 HTTP/1.1" 302 - "-" "Mozilla/5.0 (Windows NT 6.1; WOW64; rv:14.0) Gecko/20100101 Firefox/14.0.1"
192.168.0.68 - - [08/Sep/2012:15:25:35 +0200] "GET /SiteWebIF/Intranet-etudiant.php HTTP/1.1" 200 3793 "-" "Mozilla/5.0 (Windows NT 6.1; WOW64; rv:14.0) Gecko/20100101 Firefox/14.0.1"
192.168.0.68 - - [08/Sep/2012:15:25:38 +0200] "GET /notesif/ HTTP/1.1" 302 - "http://intranet-if.insa-lyon.fr/SiteWebIF/Intranet-etudiant.php" "Mozilla/5.0 (Windows NT 6.1; WOW64; rv:14.0) Gecko/20100101 Firefox/14.0.1"
192.168.0.68 - - [08/Sep/2012:15:25:43 +0200] "GET /temps/ HTTP/1.1" 200 6835 "http://intranet-if.insa-lyon.fr/SiteWebIF/Intranet-etudiant.php" "Mozilla/5.0 (Windows NT 6.1; WOW64; rv:14.0) Gecko/20100101 Firefox/14.0.1"
192.168.0.68 - - [08/Sep/2012:15:25:43 +0200] "GET /temps/InsaIF.ico HTTP/1.1" 304 - "-" "Mozilla/5.0 (Windows NT 6.1; WOW64; rv:14.0) Gecko/20100101 Firefox/14.0.1"
192.168.0.68 - - [08/Sep/2012:15:25:46 +0200] "GET /temps/4IF37.html HTTP/1.1" 200 5197 "http://intranet-if.insa-lyon.fr/temps/" "Mozilla/5.0 (Windows NT 6.1; WOW64; rv:14.0) Gecko/20100101 Firefox/14.0.1"
192.168.0.68 - - [08/Sep/2012:15:25:48 +0200] "GET /temps/4IF38.html HTTP/1.1" 200 15555 "http://intranet-if.insa-lyon.fr/temps/4IF37.html" "Mozilla/5.0 (Windows NT 6.1; WOW64; rv:14.0) Gecko/20100101 Firefox/14.0.1"
192.168.0.69 - - [08/Sep/2012:15:26:19 +0200] "GET /SiteWebIF/Intranet-personnel.php HTTP/1.1" 302 478 "http://if.insa-lyon.fr/" "Mozilla/5.0 (Windows NT 5.1; rv:10.0.2) Gecko/20100101 Firefox/10.0.2"
192.168.0.69 - - [08/Sep/2012:15:26:20 +0200] "GET /SiteWebIF/Intranet-personnel.php?ticket=ST-343304-nCCSPVLi91zqB04K2wKh-dsi-vm03 HTTP/1.1" 302 - "http://if.insa-lyon.fr/" "Mozilla/5.0 (Windows NT 5.1; rv:10.0.2) Gecko/20100101 Firefox/10.0.2"
192.168.0.69 - - [08/Sep/2012:15:26:21 +0200] "GET /SiteWebIF/Intranet-personnel.php HTTP/1.1" 200 5093 "http://if.insa-lyon.fr/" "Mozilla/5.0 (Windows NT 5.1; rv:10.0.2) Gecko/20100101 Firefox/10.0.2"
192.168.0.69 - - [08/Sep/2012:15:26:22 +0200] "GET /stages/bandeauFinal.jpg HTTP/1.1" 304 - "http://intranet-if.insa-lyon.fr/SiteWebIF/Intranet-personnel.php" "Mozilla/5.0 (Windows NT 5.1; rv:10.0.2) Gecko/20100101 Firefox/10.0.2"
192.168.0.69 - - [08/Sep/2012:15:26:22 +0200] "GET /stages/FondInsa.jpg HTTP/1.1" 304 - "http://intranet-if.insa-lyon.fr/stages/style_pfe.css" "Mozilla/5.0 (Windows NT 5.1; rv:10.0.2) Gecko/20100101 Firefox/10.0.2"
192.168.0.69 - - [08/Sep/2012:15:26:29 +0200] "GET /temps/style_pfe.css HTTP/1.1" 200 895 "http://intranet-if.insa-lyon.fr/temps/SoutenancesPFE.html" "Mozilla/5.0 (Windows NT 5.1; rv:10.0.2) Gecko/20100101 Firefox/10.0.2"
192.168.0.69 - - [08/Sep/2012:15:26:29 +0200] "GET /temps/loupe.gif HTTP/1.1" 200 326 "http://intranet-if.insa-lyon.fr/temps/SoutenancesPFE.html" "Mozilla/5.0 (Windows NT 5.1; rv:10.0.2) Gecko/20100101 Firefox/10.0.2"
192.168.0.69 - - [08/Sep/2012:15:26:29 +0200] "GET /temps/InsaIF.ico HTTP/1.1" 200 766 "-" "Mozilla/5.0 (Windows NT 5.1; rv:10.0.2) Gecko/20100101 Firefox/10.0.2"
192.168.0.69 - - [08/Sep/2012:15:26:28 +0200] "GET /temps/SoutenancesPFE.html HTTP/1.1" 200 93333 "http://intranet-if.insa-lyon.fr/SiteWebIF/Intranet-personnel.php" "Mozilla/5.0 (Windows NT 5.1; rv:10.0.2) Gecko/20100101 Firefox/10.0.2"
192.168.0.69 - - [08/Sep/2012:15:26:32 +0200] "GET /temps/FondInsa.jpg HTTP/1.1" 200 2828 "http://intranet-if.insa-lyon.fr/temps/style_pfe.css" "Mozilla/5.0 (Windows NT 5.1; rv:10.0.2) Gecko/20100101 Firefox/10.0.2"
192.168.0.70 - - [08/Sep/2012:15:28:52 +0200] "GET /SiteWebIF/Intranet-etudiant.php HTTP/1.1" 302 477 "http://if.insa-lyon.fr/" "Mozilla/5.0 (Windows NT 6.1; WOW64; rv:15.0) Gecko/20100101 Firefox/15.0.1"
192.168.0.70 - - [08/Sep/2012:15:28:52 +0200] "GET /SiteWebIF/Intranet-etudiant.php?ticket=ST-343326-yjqfchbnCRUkUIxhFi9B-dsi-vm03 HTTP/1.1" 302 - "http://if.insa-lyon.fr/" "Mozilla/5.0 (Windows NT 6.1; WOW64; rv:15.0) Gecko/20100101 Firefox/15.0.1"
192.168.0.70 - - [08/Sep/2012:15:28:52 +0200] "GET /SiteWebIF/Intranet-etudiant.php HTTP/1.1" 200 3778 "http://if.insa-lyon.fr/" "Mozilla/5.0 (Windows NT 6.1; WOW64; rv:15.0) Gecko/20100101 Firefox/15.0.1"
192.168.0.70 - - [08/Sep/2012:15:28:54 +0200] "GET /notesif/ HTTP/1.1" 302 - "http://intranet-if.insa-lyon.fr/SiteWebIF/Intranet-etudiant.php" "Mozilla/5.0 (Windows NT 6.1; WOW64; rv:15.0) Gecko/20100101 Firefox/15.0.1"
192.168.0.7 - - [08/Sep/2012:15:32:26 +0200] "GET /temps/GL.ics HTTP/1.1" 200 10700 "-" "Mozilla/5.0 (compatible; Googlebot/2.1; +http://www.google.com/bot.html)"
192.168.0.12 - - [08/Sep/2012:15:32:48 +0200] "GET /notesif/RSS/RSS_3IF.xml HTTP/1.1" 200 95847 "-" "Feedfetcher-Google; (+http://www.google.com/feedfetcher.html; 2 subscribers; feed-id=16425187501328177924)"
192.168.0.47 - - [08/Sep/2012:15:32:49 +0200] "GET /temps/3IF1.ics HTTP/1.1" 304 - "-" "DataAccess/1.0 (8C148)"
192.168.0.22 - - [08/Sep/2012:15:38:29 +0200] "GET /temps/GO.ics HTTP/1.1" 200 10471 "-" "iCal/1395.7 CFNetwork/454.12.4 Darwin/10.8.0 (i386) (MacBookPro5%2C2)"
192.168.0.11 - - [08/Sep/2012:15:40:13 +0200] "GET /notesif HTTP/1.1" 301 248 "-" "Tiny Tiny RSS/1.5.11 (http://tt-rss.org/)"
192.168.0.11 - - [08/Sep/2012:15:40:13 +0200] "GET /notesif/ HTTP/1.1" 302 - "-" "Tiny Tiny RSS/1.5.11 (http://tt-rss.org/)"
192.168.0.11 - - [08/Sep/2012:15:40:13 +0200] "GET /notesif HTTP/1.1" 301 248 "-" "Tiny Tiny RSS/1.5.11 (http://tt-rss.org/)"
192.168.0.11 - - [08/Sep/2012:15:40:13 +0200] "GET /notesif/ HTTP/1.1" 302 - "-" "Tiny Tiny RSS/1.5.11 (http://tt-rss.org/)"
192.168.0.11 - - [08/Sep/2012:15:40:14 +0200] "GET /cas/themes/insa/media/favicon.ico;jsessionid=FD745F1AFA9EF6845CEE9065078A0BD6.dsi-vm03 HTTP/1.1" 404 284 "-" "Tiny Tiny RSS/1.5.11 (http://tt-rss.org/)"
192.168.0.11 - - [08/Sep/2012:15:40:14 +0200] "GET /cas/themes/insa/media/favicon.ico;jsessionid=8E7D4265BF712E4D5EAE3BC4969BC76F.dsi-vm03 HTTP/1.1" 404 284 "-" "Tiny Tiny RSS/1.5.11 (http://tt-rss.org/)"
192.168.0.7 - - [08/Sep/2012:15:40:43 +0200] "GET /temps/PF.ics HTTP/1.1" 200 11812 "-" "Mozilla/5.0 (compatible; Googlebot/2.1; +http://www.google.com/bot.html)"
192.168.0.71 - - [08/Sep/2012:15:40:46 +0200] "GET /temps/ HTTP/1.1" 304 - "-" "Mozilla/5.0 (Windows NT 6.1; WOW64) AppleWebKit/537.1 (KHTML, like Gecko) Chrome/21.0.1180.89 Safari/537.1"
192.168.0.71 - - [08/Sep/2012:15:41:57 +0200] "GET /temps/3IF37.html HTTP/1.1" 304 - "http://intranet-if.insa-lyon.fr/temps/" "Mozilla/5.0 (Windows NT 6.1; WOW64) AppleWebKit/537.1 (KHTML, like Gecko) Chrome/21.0.1180.89 Safari/537.1"
192.168.0.71 - - [08/Sep/2012:15:44:54 +0200] "GET /temps/3IF38.html HTTP/1.1" 304 - "http://intranet-if.insa-lyon.fr/temps/3IF37.html" "Mozilla/5.0 (Windows NT 6.1; WOW64) AppleWebKit/537.1 (KHTML, like Gecko) Chrome/21.0.1180.89 Safari/537.1"
192.168.0.62 - - [08/Sep/2012:15:47:53 +0200] "GET /temps/3IF1.ics HTTP/1.1" 304 - "-" "DataAccess/1.0 (8C148)"
192.168.0.7 - - [08/Sep/2012:15:49:39 +0200] "GET /temps/ML.ics HTTP/1.1" 200 11865 "-" "Mozilla/5.0 (compatible; Googlebot/2.1; +http://www.google.com/bot.html)"
192.168.0.72 - - [08/Sep/2012:15:50:51 +0200] "GET /temps/4IF2.ics HTTP/1.1" 200 78443 "-" "-"
192.168.0.73 - - [08/Sep/2012:15:51:44 +0200] "GET /temps/3IF1.ics HTTP/1.1" 200 121308 "-" "Python-urllib/2.6"
192.168.0.9 - - [08/Sep/2012:15:55:05 +0200] "GET /temps/4IF3.ics HTTP/1.1" 200 78494 "-" "Mozilla/5.0 (Windows NT 6.1; rv:15.0) Gecko/20120824 Thunderbird/15.0 Lightning/1.7"
192.168.0.11 - - [08/Sep/2012:15:56:04 +0200] "GET /notesif HTTP/1.1" 301 248 "-" "Tiny Tiny RSS/1.5.11 (http://tt-rss.org/)"
192.168.0.11 - - [08/Sep/2012:15:56:05 +0200] "GET /notesif/ HTTP/1.1" 302 - "-" "Tiny Tiny RSS/1.5.11 (http://tt-rss.org/)"
192.168.0.11 - - [08/Sep/2012:15:56:05 +0200] "GET /cas/themes/insa/media/favicon.ico;jsessionid=15592D2D3C182C5F1BA6424F5FA21363.dsi-vm03 HTTP/1.1" 404 284 "-" "Tiny Tiny RSS/1.5.11 (http://tt-rss.org/)"
192.168.0.74 - - [08/Sep/2012:15:58:29 +0200] "GET /SiteWebIF/Intranet-etudiant.php HTTP/1.1" 302 477 "http://if.insa-lyon.fr/" "Mozilla/5.0 (Windows NT 6.1) AppleWebKit/537.1 (KHTML, like Gecko) Chrome/21.0.1180.83 Safari/537.1"
192.168.0.74 - - [08/Sep/2012:15:58:30 +0200] "GET /SiteWebIF/Intranet-etudiant.php?ticket=ST-20674-BOAHc9sYNZR0Y5Mulovr-dsi-vm04 HTTP/1.1" 302 - "http://if.insa-lyon.fr/" "Mozilla/5.0 (Windows NT 6.1) AppleWebKit/537.1 (KHTML, like Gecko) Chrome/21.0.1180.83 Safari/537.1"
192.168.0.74 - - [08/Sep/2012:15:58:30 +0200] "GET /SiteWebIF/Intranet-etudiant.php HTTP/1.1" 200 3798 "http://if.insa-lyon.fr/" "Mozilla/5.0 (Windows NT 6.1) AppleWebKit/537.1 (KHTML, like Gecko) Chrome/21.0.1180.83 Safari/537.1"
192.168.0.74 - - [08/Sep/2012:15:58:33 +0200] "GET /notesif HTTP/1.1" 301 248 "http://intranet-if.insa-lyon.fr/SiteWebIF/Intranet-etudiant.php" "Mozilla/5.0 (Windows NT 6.1) AppleWebKit/537.1 (KHTML, like Gecko) Chrome/21.0.1180.83 Safari/537.1"
192.168.0.74 - - [08/Sep/2012:15:58:34 +0200] "GET /notesif/ HTTP/1.1" 302 - "http://intranet-if.insa-lyon.fr/SiteWebIF/Intranet-etudiant.php" "Mozilla/5.0 (Windows NT 6.1) AppleWebKit/537.1 (KHTML, like Gecko) Chrome/21.0.1180.83 Safari/537.1"
192.168.0.75 - - [08/Sep/2012:15:59:06 +0200] "GET /temps/ HTTP/1.1" 200 6835 "http://www.google.fr/url?sa=t&rct=j&q=&esrc=s&source=web&cd=1&cad=rja&ved=0CCMQFjAA&url=http%3A%2F%2Fintranet-if.insa-lyon.fr%2Ftemps%2F&ei=JU9LUIPaKYaq0QXvn4CACw&usg=AFQjCNEWrHsRdIlhli_31qYl94w-yMCjpw" "Mozilla/5.0 (Windows NT 6.1; WOW64; rv:15.0) Gecko/20100101 Firefox/15.0.1"
192.168.0.75 - - [08/Sep/2012:15:59:06 +0200] "GET /temps/style_emploi_du_temps.css HTTP/1.1" 200 1216 "http://intranet-if.insa-lyon.fr/temps/" "Mozilla/5.0 (Windows NT 6.1; WOW64; rv:15.0) Gecko/20100101 Firefox/15.0.1"
192.168.0.75 - - [08/Sep/2012:15:59:06 +0200] "GET /temps/InsaIF.ico HTTP/1.1" 200 766 "-" "Mozilla/5.0 (Windows NT 6.1; WOW64; rv:15.0) Gecko/20100101 Firefox/15.0.1"
192.168.0.75 - - [08/Sep/2012:15:59:06 +0200] "GET /temps/FondInsa.jpg HTTP/1.1" 200 2828 "http://intranet-if.insa-lyon.fr/temps/style_emploi_du_temps.css" "Mozilla/5.0 (Windows NT 6.1; WOW64; rv:15.0) Gecko/20100101 Firefox/15.0.1"
192.168.0.75 - - [08/Sep/2012:15:59:13 +0200] "GET /temps/3IF37.html HTTP/1.1" 200 17269 "http://intranet-if.insa-lyon.fr/temps/" "Mozilla/5.0 (Windows NT 6.1; WOW64; rv:15.0) Gecko/20100101 Firefox/15.0.1"
192.168.0.75 - - [08/Sep/2012:15:59:13 +0200] "GET /temps/precedent.gif HTTP/1.1" 200 1906 "http://intranet-if.insa-lyon.fr/temps/3IF37.html" "Mozilla/5.0 (Windows NT 6.1; WOW64; rv:15.0) Gecko/20100101 Firefox/15.0.1"
192.168.0.75 - - [08/Sep/2012:15:59:13 +0200] "GET /temps/choix.gif HTTP/1.1" 200 2836 "http://intranet-if.insa-lyon.fr/temps/3IF37.html" "Mozilla/5.0 (Windows NT 6.1; WOW64; rv:15.0) Gecko/20100101 Firefox/15.0.1"
192.168.0.75 - - [08/Sep/2012:15:59:13 +0200] "GET /temps/suivant.gif HTTP/1.1" 200 1634 "http://intranet-if.insa-lyon.fr/temps/3IF37.html" "Mozilla/5.0 (Windows NT 6.1; WOW64; rv:15.0) Gecko/20100101 Firefox/15.0.1"
192.168.0.76 - - [08/Sep/2012:16:02:53 +0200] "GET /temps/3IF1.ics HTTP/1.1" 304 - "-" "DataAccess/1.0 (8C148)"
192.168.0.65 - - [08/Sep/2012:16:06:19 +0200] "GET /temps/4IF4.ics HTTP/1.1" 200 78500 "-" "DataAccess/1.0 (8J2)"
192.168.0.75 - - [08/Sep/2012:16:09:13 +0200] "GET / HTTP/1.1" 200 216 "-" "Mozilla/5.0 (Windows NT 6.1; WOW64; rv:15.0) Gecko/20100101 Firefox/15.0.1"
192.168.0.75 - - [08/Sep/2012:16:09:13 +0200] "GET /favicon.ico HTTP/1.1" 200 1700 "-" "Mozilla/5.0 (Windows NT 6.1; WOW64; rv:15.0) Gecko/20100101 Firefox/15.0.1"
192.168.0.77 - - [08/Sep/2012:16:09:41 +0200] "GET /temps/3IF41.html HTTP/1.1" 200 24037 "-" "Mozilla/5.0 (Windows NT 6.1; rv:14.0) Gecko/20100101 Firefox/14.0.1"
192.168.0.77 - - [08/Sep/2012:16:09:42 +0200] "GET /temps/precedent.gif HTTP/1.1" 200 1906 "http://intranet-if.insa-lyon.fr/temps/3IF41.html" "Mozilla/5.0 (Windows NT 6.1; rv:14.0) Gecko/20100101 Firefox/14.0.1"
192.168.0.77 - - [08/Sep/2012:16:09:42 +0200] "GET /temps/suivant.gif HTTP/1.1" 200 1634 "http://intranet-if.insa-lyon.fr/temps/3IF41.html" "Mozilla/5.0 (Windows NT 6.1; rv:14.0) Gecko/20100101 Firefox/14.0.1"
192.168.0.77 - - [08/Sep/2012:16:09:42 +0200] "GET /temps/choix.gif HTTP/1.1" 200 2836 "http://intranet-if.insa-lyon.fr/temps/3IF41.html" "Mozilla/5.0 (Windows NT 6.1; rv:14.0) Gecko/20100101 Firefox/14.0.1"
192.168.0.77 - - [08/Sep/2012:16:09:42 +0200] "GET /temps/style_emploi_du_temps.css HTTP/1.1" 200 1216 "http://intranet-if.insa-lyon.fr/temps/3IF41.html" "Mozilla/5.0 (Windows NT 6.1; rv:14.0) Gecko/20100101 Firefox/14.0.1"
192.168.0.77 - - [08/Sep/2012:16:09:42 +0200] "GET /temps/FondInsa.jpg HTTP/1.1" 200 2828 "http://intranet-if.insa-lyon.fr/temps/style_emploi_du_temps.css" "Mozilla/5.0 (Windows NT 6.1; rv:14.0) Gecko/20100101 Firefox/14.0.1"
192.168.0.77 - - [08/Sep/2012:16:09:42 +0200] "GET /temps/InsaIF.ico HTTP/1.1" 200 766 "-" "Mozilla/5.0 (Windows NT 6.1; rv:14.0) Gecko/20100101 Firefox/14.0.1"
192.168.0.77 - - [08/Sep/2012:16:09:51 +0200] "GET /temps/3IF40.html HTTP/1.1" 200 23907 "http://intranet-if.insa-lyon.fr/temps/3IF41.html" "Mozilla/5.0 (Windows NT 6.1; rv:14.0) Gecko/20100101 Firefox/14.0.1"
192.168.0.77 - - [08/Sep/2012:16:10:10 +0200] "GET /temps/3IF40.html HTTP/1.1" 200 23907 "-" "Mozilla/5.0 (Windows NT 6.1) AppleWebKit/537.1 (KHTML, like Gecko) Chrome/21.0.1180.83 Safari/537.1"
192.168.0.77 - - [08/Sep/2012:16:10:11 +0200] "GET /temps/style_emploi_du_temps.css HTTP/1.1" 200 1216 "http://intranet-if.insa-lyon.fr/temps/3IF40.html" "Mozilla/5.0 (Windows NT 6.1) AppleWebKit/537.1 (KHTML, like Gecko) Chrome/21.0.1180.83 Safari/537.1"
192.168.0.77 - - [08/Sep/2012:16:10:11 +0200] "GET /temps/FondInsa.jpg HTTP/1.1" 200 2828 "http://intranet-if.insa-lyon.fr/temps/3IF40.html" "Mozilla/5.0 (Windows NT 6.1) AppleWebKit/537.1 (KHTML, like Gecko) Chrome/21.0.1180.83 Safari/537.1"
192.168.0.77 - - [08/Sep/2012:16:10:11 +0200] "GET /temps/choix.gif HTTP/1.1" 200 2836 "http://intranet-if.insa-lyon.fr/temps/3IF40.html" "Mozilla/5.0 (Windows NT 6.1) AppleWebKit/537.1 (KHTML, like Gecko) Chrome/21.0.1180.83 Safari/537.1"
192.168.0.77 - - [08/Sep/2012:16:10:11 +0200] "GET /temps/precedent.gif HTTP/1.1" 200 1906 "http://intranet-if.insa-lyon.fr/temps/3IF40.html" "Mozilla/5.0 (Windows NT 6.1) AppleWebKit/537.1 (KHTML, like Gecko) Chrome/21.0.1180.83 Safari/537.1"
192.168.0.77 - - [08/Sep/2012:16:10:11 +0200] "GET /temps/suivant.gif HTTP/1.1" 200 1634 "http://intranet-if.insa-lyon.fr/temps/3IF40.html" "Mozilla/5.0 (Windows NT 6.1) AppleWebKit/537.1 (KHTML, like Gecko) Chrome/21.0.1180.83 Safari/537.1"
192.168.0.77 - - [08/Sep/2012:16:10:11 +0200] "GET /temps/InsaIF.ico HTTP/1.1" 200 766 "-" "Mozilla/5.0 (Windows NT 6.1) AppleWebKit/537.1 (KHTML, like Gecko) Chrome/21.0.1180.83 Safari/537.1"
192.168.0.77 - - [08/Sep/2012:16:10:13 +0200] "GET /temps/3IF39.html HTTP/1.1" 200 22495 "http://intranet-if.insa-lyon.fr/temps/3IF40.html" "Mozilla/5.0 (Windows NT 6.1) AppleWebKit/537.1 (KHTML, like Gecko) Chrome/21.0.1180.83 Safari/537.1"
192.168.0.77 - - [08/Sep/2012:16:10:15 +0200] "GET /temps/3IF38.html HTTP/1.1" 200 21722 "http://intranet-if.insa-lyon.fr/temps/3IF39.html" "Mozilla/5.0 (Windows NT 6.1) AppleWebKit/537.1 (KHTML, like Gecko) Chrome/21.0.1180.83 Safari/537.1"
192.168.0.77 - - [08/Sep/2012:16:10:18 +0200] "GET /temps/3IF37.html HTTP/1.1" 200 17269 "http://intranet-if.insa-lyon.fr/temps/3IF38.html" "Mozilla/5.0 (Windows NT 6.1) AppleWebKit/537.1 (KHTML, like Gecko) Chrome/21.0.1180.83 Safari/537.1"
192.168.0.75 - - [08/Sep/2012:16:10:22 +0200] "GET /SiteWebIF/Intranet-personnel.php HTTP/1.1" 302 478 "http://if.insa-lyon.fr/intranet-personnel-if" "Mozilla/5.0 (Windows NT 6.1; WOW64; rv:15.0) Gecko/20100101 Firefox/15.0.1"
192.168.0.75 - - [08/Sep/2012:16:10:22 +0200] "GET /SiteWebIF/Intranet-personnel.php?ticket=ST-343638-fRBTGbRyRZCRsXkicPxH-dsi-vm03 HTTP/1.1" 302 - "http://if.insa-lyon.fr/intranet-personnel-if" "Mozilla/5.0 (Windows NT 6.1; WOW64; rv:15.0) Gecko/20100101 Firefox/15.0.1"
192.168.0.75 - - [08/Sep/2012:16:10:22 +0200] "GET /SiteWebIF/Intranet-personnel.php HTTP/1.1" 200 2068 "http://if.insa-lyon.fr/intranet-personnel-if" "Mozilla/5.0 (Windows NT 6.1; WOW64; rv:15.0) Gecko/20100101 Firefox/15.0.1"
192.168.0.75 - - [08/Sep/2012:16:11:19 +0200] "GET /temps/3IF1.ics HTTP/1.1" 200 121308 "-" "Mozilla/5.0 (Windows NT 6.1; WOW64; rv:15.0) Gecko/20100101 Firefox/15.0.1"
192.168.0.11 - - [08/Sep/2012:16:12:23 +0200] "GET /notesif HTTP/1.1" 301 248 "-" "Tiny Tiny RSS/1.5.11 (http://tt-rss.org/)"
192.168.0.11 - - [08/Sep/2012:16:12:23 +0200] "GET /notesif/ HTTP/1.1" 302 - "-" "Tiny Tiny RSS/1.5.11 (http://tt-rss.org/)"
192.168.0.11 - - [08/Sep/2012:16:12:23 +0200] "GET /cas/themes/insa/media/favicon.ico;jsessionid=797EE3A1D4A3E9F1727BFF7C75542F7A.dsi-vm04 HTTP/1.1" 404 284 "-" "Tiny Tiny RSS/1.5.11 (http://tt-rss.org/)"
192.168.0.77 - - [08/Sep/2012:16:15:47 +0200] "GET /temps/4IF37.html HTTP/1.1" 200 5197 "-" "Mozilla/5.0 (Windows NT 6.1) AppleWebKit/537.1 (KHTML, like Gecko) Chrome/21.0.1180.83 Safari/537.1"
192.168.0.77 - - [08/Sep/2012:16:15:52 +0200] "GET /temps/4IF38.html HTTP/1.1" 200 15555 "http://intranet-if.insa-lyon.fr/temps/4IF37.html" "Mozilla/5.0 (Windows NT 6.1) AppleWebKit/537.1 (KHTML, like Gecko) Chrome/21.0.1180.83 Safari/537.1"
192.168.0.12 - - [08/Sep/2012:16:17:13 +0200] "GET /notesif/RSS/RSS_4IF.xml HTTP/1.1" 200 57760 "-" "Feedfetcher-Google; (+http://www.google.com/feedfetcher.html; 1 subscribers; feed-id=16457623470660127987)"
192.168.0.39 - - [08/Sep/2012:16:17:53 +0200] "GET /temps/3IF1.ics HTTP/1.1" 304 - "-" "DataAccess/1.0 (8C148)"
192.168.0.78 - - [08/Sep/2012:16:18:12 +0200] "GET /temps/4IF1.ics HTTP/1.1" 304 - "-" "iOS/5.1.1 (9B208) dataaccessd/1.0"
192.168.0.78 - - [08/Sep/2012:16:19:56 +0200] "GET /temps/4IF1.ics HTTP/1.1" 304 - "-" "iOS/5.1.1 (9B208) dataaccessd/1.0"
192.168.0.7 - - [08/Sep/2012:16:21:13 +0200] "GET /temps/4IF39.html HTTP/1.1" 200 17278 "-" "Mozilla/5.0 (compatible; Googlebot/2.1; +http://www.google.com/bot.html)"
192.168.0.10 - - [08/Sep/2012:16:24:20 +0200] "GET /notesif/RSS/RSS_4IF.xml HTTP/1.1" 200 57760 "http://intranet-if.insa-lyon.fr/notesif/RSS/RSS_4IF.xml" "Blogtrottr/2.0"
192.168.0.79 - - [08/Sep/2012:16:25:03 +0200] "GET /temps/4IF3.ics HTTP/1.1" 304 - "-" "Mozilla/5.0 (Windows NT 6.1; rv:15.0) Gecko/20120824 Thunderbird/15.0 Lightning/1.7"
192.168.0.11 - - [08/Sep/2012:16:30:54 +0200] "GET /notesif HTTP/1.1" 301 248 "-" "Tiny Tiny RSS/1.5.11 (http://tt-rss.org/)"
192.168.0.11 - - [08/Sep/2012:16:30:54 +0200] "GET /notesif/ HTTP/1.1" 302 - "-" "Tiny Tiny RSS/1.5.11 (http://tt-rss.org/)"
192.168.0.11 - - [08/Sep/2012:16:30:54 +0200] "GET /cas/themes/insa/media/favicon.ico;jsessionid=756C2E406521441AD99FC4DC1619940E.dsi-vm03 HTTP/1.1" 404 284 "-" "Tiny Tiny RSS/1.5.11 (http://tt-rss.org/)"
192.168.0.75 - - [08/Sep/2012:16:31:24 +0200] "GET /temps/3IF38.html HTTP/1.1" 200 21722 "http://intranet-if.insa-lyon.fr/temps/3IF37.html" "Mozilla/5.0 (Windows NT 6.1; WOW64; rv:15.0) Gecko/20100101 Firefox/15.0.1"
192.168.0.75 - - [08/Sep/2012:16:31:26 +0200] "GET /temps/index.html HTTP/1.1" 200 6835 "http://intranet-if.insa-lyon.fr/temps/3IF37.html" "Mozilla/5.0 (Windows NT 6.1; WOW64; rv:15.0) Gecko/20100101 Firefox/15.0.1"
192.168.0.75 - - [08/Sep/2012:16:31:40 +0200] "GET /temps/3IF39.html HTTP/1.1" 200 22495 "http://intranet-if.insa-lyon.fr/temps/3IF38.html" "Mozilla/5.0 (Windows NT 6.1; WOW64; rv:15.0) Gecko/20100101 Firefox/15.0.1"
192.168.0.75 - - [08/Sep/2012:16:32:19 +0200] "GET /temps/3IF40.html HTTP/1.1" 200 23907 "http://intranet-if.insa-lyon.fr/temps/3IF39.html" "Mozilla/5.0 (Windows NT 6.1; WOW64; rv:15.0) Gecko/20100101 Firefox/15.0.1"
192.168.0.45 - - [08/Sep/2012:16:32:53 +0200] "GET /temps/3IF1.ics HTTP/1.1" 304 - "-" "DataAccess/1.0 (8C148)"
192.168.0.12 - - [08/Sep/2012:16:35:38 +0200] "GET /notesif/RSS/RSS_3IF.xml HTTP/1.1" 200 95847 "-" "Feedfetcher-Google; (+http://www.google.com/feedfetcher.html; 2 subscribers; feed-id=16425187501328177924)"
192.168.0.22 - - [08/Sep/2012:16:38:30 +0200] "GET /temps/GO.ics HTTP/1.1" 200 10471 "-" "iCal/1395.7 CFNetwork/454.12.4 Darwin/10.8.0 (i386) (MacBookPro5%2C2)"
192.168.0.7 - - [08/Sep/2012:16:42:10 +0200] "GET /robots.txt HTTP/1.1" 404 208 "-" "Mozilla/5.0 (compatible; Googlebot/2.1; +http://www.google.com/bot.html)"
192.168.0.7 - - [08/Sep/2012:16:42:10 +0200] "GET / HTTP/1.1" 200 216 "-" "Mozilla/5.0 (iPhone; U; CPU iPhone OS 4_1 like Mac OS X; en-us) AppleWebKit/532.9 (KHTML, like Gecko) Version/4.0.5 Mobile/8B117 Safari/6531.22.7 (compatible; Googlebot-Mobile/2.1; +http://www.google.com/bot.html)"
192.168.0.80 - - [08/Sep/2012:16:42:45 +0200] "GET /temps/ HTTP/1.1" 200 6835 "-" "Mozilla/5.0 (Windows NT 6.1; WOW64) AppleWebKit/534.57.2 (KHTML, like Gecko) Version/5.1.7 Safari/534.57.2"
192.168.0.80 - - [08/Sep/2012:16:42:45 +0200] "GET /temps/style_emploi_du_temps.css HTTP/1.1" 200 1216 "http://intranet-if.insa-lyon.fr/temps/" "Mozilla/5.0 (Windows NT 6.1; WOW64) AppleWebKit/534.57.2 (KHTML, like Gecko) Version/5.1.7 Safari/534.57.2"
192.168.0.80 - - [08/Sep/2012:16:42:45 +0200] "GET /temps/FondInsa.jpg HTTP/1.1" 200 2828 "http://intranet-if.insa-lyon.fr/temps/" "Mozilla/5.0 (Windows NT 6.1; WOW64) AppleWebKit/534.57.2 (KHTML, like Gecko) Version/5.1.7 Safari/534.57.2"
192.168.0.78 - - [08/Sep/2012:16:43:29 +0200] "GET /temps/4IF1.ics HTTP/1.1" 304 - "-" "iOS/5.1.1 (9B208) dataaccessd/1.0"
192.168.0.7 - - [08/Sep/2012:16:44:47 +0200] "GET /temps/choix_3if.html HTTP/1.1" 200 5441 "-" "Mozilla/5.0 (compatible; Googlebot/2.1; +http://www.google.com/bot.html)"
192.168.0.11 - - [08/Sep/2012:16:47:24 +0200] "GET /notesif HTTP/1.1" 301 248 "-" "Tiny Tiny RSS/1.5.11 (http://tt-rss.org/)"
192.168.0.11 - - [08/Sep/2012:16:47:24 +0200] "GET /notesif/ HTTP/1.1" 302 - "-" "Tiny Tiny RSS/1.5.11 (http://tt-rss.org/)"
192.168.0.11 - - [08/Sep/2012:16:47:24 +0200] "GET /cas/themes/insa/media/favicon.ico;jsessionid=90623461DFBB17838D8CD5303DE6F5C3.dsi-vm04 HTTP/1.1" 404 284 "-" "Tiny Tiny RSS/1.5.11 (http://tt-rss.org/)"
192.168.0.58 - - [08/Sep/2012:16:47:53 +0200] "GET /temps/3IF1.ics HTTP/1.1" 304 - "-" "DataAccess/1.0 (8C148)"
192.168.0.41 - - [08/Sep/2012:16:51:58 +0200] "GET /temps/ML.ics HTTP/1.1" 304 - "-" "Mozilla/4.0 (compatible; MSIE 6.0; Windows NT 5.1; SV1; .NET CLR 1.1.4322) Zimbra/2.0"
192.168.0.80 - - [08/Sep/2012:16:53:51 +0200] "GET /temps/ HTTP/1.1" 200 6835 "-" "Mozilla/5.0 (Windows NT 6.1; WOW64) AppleWebKit/534.57.2 (KHTML, like Gecko) Version/5.1.7 Safari/534.57.2"
192.168.0.7 - - [08/Sep/2012:16:53:58 +0200] "GET /temps/3IF1.ics HTTP/1.1" 200 121308 "-" "Mozilla/5.0 (compatible; Googlebot/2.1; +http://www.google.com/bot.html)"
192.168.0.79 - - [08/Sep/2012:16:55:02 +0200] "GET /temps/4IF3.ics HTTP/1.1" 304 - "-" "Mozilla/5.0 (Windows NT 6.1; rv:15.0) Gecko/20120824 Thunderbird/15.0 Lightning/1.7"
192.168.0.65 - - [08/Sep/2012:16:55:26 +0200] "GET /temps/4IF4.ics HTTP/1.1" 200 78500 "-" "DataAccess/1.0 (8J2)"
192.168.0.80 - - [08/Sep/2012:16:59:11 +0200] "GET /temps/ HTTP/1.1" 200 6835 "-" "Mozilla/5.0 (Windows NT 6.1; WOW64) AppleWebKit/534.57.2 (KHTML, like Gecko) Version/5.1.7 Safari/534.57.2"
192.168.0.7 - - [08/Sep/2012:17:01:59 +0200] "GET /temps/WO.ics HTTP/1.1" 200 6435 "-" "Mozilla/5.0 (compatible; Googlebot/2.1; +http://www.google.com/bot.html)"
192.168.0.81 - - [08/Sep/2012:17:02:00 +0200] "GET /temps/ HTTP/1.1" 200 6835 "http://www.google.fr/url?sa=t&rct=j&q=&esrc=s&source=web&cd=1&ved=0CCMQFjAA&url=http%3A%2F%2Fintranet-if.insa-lyon.fr%2Ftemps%2F&ei=5l1LULGlG8PKhAePkICQCQ&usg=AFQjCNEWrHsRdIlhli_31qYl94w-yMCjpw&cad=rja" "Mozilla/5.0 (Windows NT 6.1; rv:15.0) Gecko/20100101 Firefox/15.0.1"
192.168.0.81 - - [08/Sep/2012:17:02:01 +0200] "GET /temps/style_emploi_du_temps.css HTTP/1.1" 200 1216 "http://intranet-if.insa-lyon.fr/temps/" "Mozilla/5.0 (Windows NT 6.1; rv:15.0) Gecko/20100101 Firefox/15.0.1"
192.168.0.81 - - [08/Sep/2012:17:02:01 +0200] "GET /temps/InsaIF.ico HTTP/1.1" 200 766 "-" "Mozilla/5.0 (Windows NT 6.1; rv:15.0) Gecko/20100101 Firefox/15.0.1"
192.168.0.81 - - [08/Sep/2012:17:02:01 +0200] "GET /temps/FondInsa.jpg HTTP/1.1" 200 2828 "http://intranet-if.insa-lyon.fr/temps/style_emploi_du_temps.css" "Mozilla/5.0 (Windows NT 6.1; rv:15.0) Gecko/20100101 Firefox/15.0.1"
192.168.0.7 - - [08/Sep/2012:17:02:03 +0200] "GET /temps/3IF3.ics HTTP/1.1" 200 121310 "-" "Mozilla/5.0 (compatible; Googlebot/2.1; +http://www.google.com/bot.html)"
192.168.0.81 - - [08/Sep/2012:17:02:06 +0200] "GET /temps/4IF37.html HTTP/1.1" 200 5197 "http://intranet-if.insa-lyon.fr/temps/" "Mozilla/5.0 (Windows NT 6.1; rv:15.0) Gecko/20100101 Firefox/15.0.1"
192.168.0.81 - - [08/Sep/2012:17:02:07 +0200] "GET /temps/precedent.gif HTTP/1.1" 200 1906 "http://intranet-if.insa-lyon.fr/temps/4IF37.html" "Mozilla/5.0 (Windows NT 6.1; rv:15.0) Gecko/20100101 Firefox/15.0.1"
192.168.0.81 - - [08/Sep/2012:17:02:07 +0200] "GET /temps/choix.gif HTTP/1.1" 200 2836 "http://intranet-if.insa-lyon.fr/temps/4IF37.html" "Mozilla/5.0 (Windows NT 6.1; rv:15.0) Gecko/20100101 Firefox/15.0.1"
192.168.0.81 - - [08/Sep/2012:17:02:07 +0200] "GET /temps/suivant.gif HTTP/1.1" 200 1634 "http://intranet-if.insa-lyon.fr/temps/4IF37.html" "Mozilla/5.0 (Windows NT 6.1; rv:15.0) Gecko/20100101 Firefox/15.0.1"
192.168.0.81 - - [08/Sep/2012:17:02:08 +0200] "GET /temps/4IF38.html HTTP/1.1" 200 15555 "http://intranet-if.insa-lyon.fr/temps/4IF37.html" "Mozilla/5.0 (Windows NT 6.1; rv:15.0) Gecko/20100101 Firefox/15.0.1"
192.168.0.81 - - [08/Sep/2012:17:02:26 +0200] "GET /temps/4IF39.html HTTP/1.1" 200 17278 "http://intranet-if.insa-lyon.fr/temps/4IF38.html" "Mozilla/5.0 (Windows NT 6.1; rv:15.0) Gecko/20100101 Firefox/15.0.1"
192.168.0.81 - - [08/Sep/2012:17:02:33 +0200] "GET /temps/4IF40.html HTTP/1.1" 200 19097 "http://intranet-if.insa-lyon.fr/temps/4IF39.html" "Mozilla/5.0 (Windows NT 6.1; rv:15.0) Gecko/20100101 Firefox/15.0.1"
192.168.0.76 - - [08/Sep/2012:17:02:53 +0200] "GET /temps/3IF1.ics HTTP/1.1" 304 - "-" "DataAccess/1.0 (8C148)"
192.168.0.81 - - [08/Sep/2012:17:03:52 +0200] "GET /temps/4IF41.html HTTP/1.1" 200 17673 "http://intranet-if.insa-lyon.fr/temps/4IF40.html" "Mozilla/5.0 (Windows NT 6.1; rv:15.0) Gecko/20100101 Firefox/15.0.1"
192.168.0.11 - - [08/Sep/2012:17:03:55 +0200] "GET /notesif HTTP/1.1" 301 248 "-" "Tiny Tiny RSS/1.5.11 (http://tt-rss.org/)"
192.168.0.11 - - [08/Sep/2012:17:03:55 +0200] "GET /notesif/ HTTP/1.1" 302 - "-" "Tiny Tiny RSS/1.5.11 (http://tt-rss.org/)"
192.168.0.11 - - [08/Sep/2012:17:03:56 +0200] "GET /cas/themes/insa/media/favicon.ico;jsessionid=F06D6102A71409B59D65155A5C492797.dsi-vm04 HTTP/1.1" 404 284 "-" "Tiny Tiny RSS/1.5.11 (http://tt-rss.org/)"
192.168.0.81 - - [08/Sep/2012:17:04:01 +0200] "GET /temps/4IF42.html HTTP/1.1" 200 18037 "http://intranet-if.insa-lyon.fr/temps/4IF41.html" "Mozilla/5.0 (Windows NT 6.1; rv:15.0) Gecko/20100101 Firefox/15.0.1"
192.168.0.81 - - [08/Sep/2012:17:04:11 +0200] "GET /temps/4IF43.html HTTP/1.1" 200 17772 "http://intranet-if.insa-lyon.fr/temps/4IF42.html" "Mozilla/5.0 (Windows NT 6.1; rv:15.0) Gecko/20100101 Firefox/15.0.1"
192.168.0.81 - - [08/Sep/2012:17:04:17 +0200] "GET /temps/4IF44.html HTTP/1.1" 200 5207 "http://intranet-if.insa-lyon.fr/temps/4IF43.html" "Mozilla/5.0 (Windows NT 6.1; rv:15.0) Gecko/20100101 Firefox/15.0.1"
192.168.0.81 - - [08/Sep/2012:17:04:19 +0200] "GET /temps/4IF45.html HTTP/1.1" 200 17701 "http://intranet-if.insa-lyon.fr/temps/4IF44.html" "Mozilla/5.0 (Windows NT 6.1; rv:15.0) Gecko/20100101 Firefox/15.0.1"
192.168.0.81 - - [08/Sep/2012:17:04:21 +0200] "GET /temps/4IF46.html HTTP/1.1" 200 16963 "http://intranet-if.insa-lyon.fr/temps/4IF45.html" "Mozilla/5.0 (Windows NT 6.1; rv:15.0) Gecko/20100101 Firefox/15.0.1"
192.168.0.81 - - [08/Sep/2012:17:04:23 +0200] "GET /temps/4IF47.html HTTP/1.1" 200 16572 "http://intranet-if.insa-lyon.fr/temps/4IF46.html" "Mozilla/5.0 (Windows NT 6.1; rv:15.0) Gecko/20100101 Firefox/15.0.1"
192.168.0.81 - - [08/Sep/2012:17:04:29 +0200] "GET /temps/4IF48.html HTTP/1.1" 200 17502 "http://intranet-if.insa-lyon.fr/temps/4IF47.html" "Mozilla/5.0 (Windows NT 6.1; rv:15.0) Gecko/20100101 Firefox/15.0.1"
192.168.0.81 - - [08/Sep/2012:17:04:31 +0200] "GET /temps/4IF49.html HTTP/1.1" 200 20073 "http://intranet-if.insa-lyon.fr/temps/4IF48.html" "Mozilla/5.0 (Windows NT 6.1; rv:15.0) Gecko/20100101 Firefox/15.0.1"
192.168.0.81 - - [08/Sep/2012:17:04:35 +0200] "GET /temps/4IF50.html HTTP/1.1" 200 20052 "http://intranet-if.insa-lyon.fr/temps/4IF49.html" "Mozilla/5.0 (Windows NT 6.1; rv:15.0) Gecko/20100101 Firefox/15.0.1"
192.168.0.81 - - [08/Sep/2012:17:04:41 +0200] "GET /temps/4IF51.html HTTP/1.1" 200 17402 "http://intranet-if.insa-lyon.fr/temps/4IF50.html" "Mozilla/5.0 (Windows NT 6.1; rv:15.0) Gecko/20100101 Firefox/15.0.1"
192.168.0.81 - - [08/Sep/2012:17:04:48 +0200] "GET /temps/4IF52.html HTTP/1.1" 200 5193 "http://intranet-if.insa-lyon.fr/temps/4IF51.html" "Mozilla/5.0 (Windows NT 6.1; rv:15.0) Gecko/20100101 Firefox/15.0.1"
192.168.0.81 - - [08/Sep/2012:17:04:54 +0200] "GET /temps/4IF1.html HTTP/1.1" 200 5211 "http://intranet-if.insa-lyon.fr/temps/4IF52.html" "Mozilla/5.0 (Windows NT 6.1; rv:15.0) Gecko/20100101 Firefox/15.0.1"
192.168.0.81 - - [08/Sep/2012:17:04:55 +0200] "GET /temps/4IF2.html HTTP/1.1" 200 19913 "http://intranet-if.insa-lyon.fr/temps/4IF1.html" "Mozilla/5.0 (Windows NT 6.1; rv:15.0) Gecko/20100101 Firefox/15.0.1"
192.168.0.81 - - [08/Sep/2012:17:05:21 +0200] "GET /temps/4IF3.html HTTP/1.1" 200 19438 "http://intranet-if.insa-lyon.fr/temps/4IF2.html" "Mozilla/5.0 (Windows NT 6.1; rv:15.0) Gecko/20100101 Firefox/15.0.1"
192.168.0.81 - - [08/Sep/2012:17:05:34 +0200] "GET /temps/index.html HTTP/1.1" 200 6835 "http://intranet-if.insa-lyon.fr/temps/4IF3.html" "Mozilla/5.0 (Windows NT 6.1; rv:15.0) Gecko/20100101 Firefox/15.0.1"
192.168.0.81 - - [08/Sep/2012:17:05:39 +0200] "GET /temps/3IF2.html HTTP/1.1" 200 22946 "http://intranet-if.insa-lyon.fr/temps/index.html" "Mozilla/5.0 (Windows NT 6.1; rv:15.0) Gecko/20100101 Firefox/15.0.1"
192.168.0.81 - - [08/Sep/2012:17:05:55 +0200] "GET /favicon.ico HTTP/1.1" 200 1700 "-" "Mozilla/5.0 (Windows NT 6.1; rv:15.0) Gecko/20100101 Firefox/15.0.1"
192.168.0.81 - - [08/Sep/2012:17:06:09 +0200] "GET /temps/4IF4.html HTTP/1.1" 200 19302 "http://intranet-if.insa-lyon.fr/temps/4IF3.html" "Mozilla/5.0 (Windows NT 6.1; rv:15.0) Gecko/20100101 Firefox/15.0.1"
192.168.0.81 - - [08/Sep/2012:17:06:19 +0200] "GET /temps/4IF5.html HTTP/1.1" 200 19424 "http://intranet-if.insa-lyon.fr/temps/4IF4.html" "Mozilla/5.0 (Windows NT 6.1; rv:15.0) Gecko/20100101 Firefox/15.0.1"
192.168.0.81 - - [08/Sep/2012:17:07:16 +0200] "GET /temps/4IF6.html HTTP/1.1" 200 20232 "http://intranet-if.insa-lyon.fr/temps/4IF5.html" "Mozilla/5.0 (Windows NT 6.1; rv:15.0) Gecko/20100101 Firefox/15.0.1"
192.168.0.81 - - [08/Sep/2012:17:07:23 +0200] "GET /temps/4IF7.html HTTP/1.1" 200 19213 "http://intranet-if.insa-lyon.fr/temps/4IF6.html" "Mozilla/5.0 (Windows NT 6.1; rv:15.0) Gecko/20100101 Firefox/15.0.1"
192.168.0.81 - - [08/Sep/2012:17:07:26 +0200] "GET /temps/4IF8.html HTTP/1.1" 200 17579 "http://intranet-if.insa-lyon.fr/temps/4IF7.html" "Mozilla/5.0 (Windows NT 6.1; rv:15.0) Gecko/20100101 Firefox/15.0.1"
192.168.0.81 - - [08/Sep/2012:17:07:33 +0200] "GET /temps/4IF9.html HTTP/1.1" 200 5196 "http://intranet-if.insa-lyon.fr/temps/4IF8.html" "Mozilla/5.0 (Windows NT 6.1; rv:15.0) Gecko/20100101 Firefox/15.0.1"
192.168.0.81 - - [08/Sep/2012:17:07:35 +0200] "GET /temps/4IF10.html HTTP/1.1" 200 16840 "http://intranet-if.insa-lyon.fr/temps/4IF9.html" "Mozilla/5.0 (Windows NT 6.1; rv:15.0) Gecko/20100101 Firefox/15.0.1"
192.168.0.81 - - [08/Sep/2012:17:07:43 +0200] "GET /temps/4IF11.html HTTP/1.1" 200 18968 "http://intranet-if.insa-lyon.fr/temps/4IF10.html" "Mozilla/5.0 (Windows NT 6.1; rv:15.0) Gecko/20100101 Firefox/15.0.1"
192.168.0.81 - - [08/Sep/2012:17:07:50 +0200] "GET /temps/4IF12.html HTTP/1.1" 200 16102 "http://intranet-if.insa-lyon.fr/temps/4IF11.html" "Mozilla/5.0 (Windows NT 6.1; rv:15.0) Gecko/20100101 Firefox/15.0.1"
192.168.0.81 - - [08/Sep/2012:17:07:57 +0200] "GET /temps/4IF13.html HTTP/1.1" 200 14137 "http://intranet-if.insa-lyon.fr/temps/4IF12.html" "Mozilla/5.0 (Windows NT 6.1; rv:15.0) Gecko/20100101 Firefox/15.0.1"
192.168.0.81 - - [08/Sep/2012:17:07:59 +0200] "GET /temps/4IF14.html HTTP/1.1" 200 16407 "http://intranet-if.insa-lyon.fr/temps/4IF13.html" "Mozilla/5.0 (Windows NT 6.1; rv:15.0) Gecko/20100101 Firefox/15.0.1"
192.168.0.81 - - [08/Sep/2012:17:08:02 +0200] "GET /temps/4IF15.html HTTP/1.1" 200 15639 "http://intranet-if.insa-lyon.fr/temps/4IF14.html" "Mozilla/5.0 (Windows NT 6.1; rv:15.0) Gecko/20100101 Firefox/15.0.1"
192.168.0.81 - - [08/Sep/2012:17:08:04 +0200] "GET /temps/4IF16.html HTTP/1.1" 200 12106 "http://intranet-if.insa-lyon.fr/temps/4IF15.html" "Mozilla/5.0 (Windows NT 6.1; rv:15.0) Gecko/20100101 Firefox/15.0.1"
192.168.0.81 - - [08/Sep/2012:17:08:07 +0200] "GET /temps/4IF17.html HTTP/1.1" 200 5189 "http://intranet-if.insa-lyon.fr/temps/4IF16.html" "Mozilla/5.0 (Windows NT 6.1; rv:15.0) Gecko/20100101 Firefox/15.0.1"
192.168.0.81 - - [08/Sep/2012:17:08:08 +0200] "GET /temps/4IF18.html HTTP/1.1" 200 5192 "http://intranet-if.insa-lyon.fr/temps/4IF17.html" "Mozilla/5.0 (Windows NT 6.1; rv:15.0) Gecko/20100101 Firefox/15.0.1"
192.168.0.81 - - [08/Sep/2012:17:08:10 +0200] "GET /temps/4IF19.html HTTP/1.1" 200 5179 "http://intranet-if.insa-lyon.fr/temps/4IF18.html" "Mozilla/5.0 (Windows NT 6.1; rv:15.0) Gecko/20100101 Firefox/15.0.1"
192.168.0.81 - - [08/Sep/2012:17:08:11 +0200] "GET /temps/4IF20.html HTTP/1.1" 200 5185 "http://intranet-if.insa-lyon.fr/temps/4IF19.html" "Mozilla/5.0 (Windows NT 6.1; rv:15.0) Gecko/20100101 Firefox/15.0.1"
192.168.0.81 - - [08/Sep/2012:17:08:11 +0200] "GET /temps/4IF21.html HTTP/1.1" 200 5185 "http://intranet-if.insa-lyon.fr/temps/4IF20.html" "Mozilla/5.0 (Windows NT 6.1; rv:15.0) Gecko/20100101 Firefox/15.0.1"
192.168.0.81 - - [08/Sep/2012:17:09:10 +0200] "GET /temps/4IF22.html HTTP/1.1" 200 5185 "http://intranet-if.insa-lyon.fr/temps/4IF21.html" "Mozilla/5.0 (Windows NT 6.1; rv:15.0) Gecko/20100101 Firefox/15.0.1"
192.168.0.81 - - [08/Sep/2012:17:09:11 +0200] "GET /temps/4IF23.html HTTP/1.1" 200 5178 "http://intranet-if.insa-lyon.fr/temps/4IF22.html" "Mozilla/5.0 (Windows NT 6.1; rv:15.0) Gecko/20100101 Firefox/15.0.1"
192.168.0.81 - - [08/Sep/2012:17:09:11 +0200] "GET /temps/4IF24.html HTTP/1.1" 200 5187 "http://intranet-if.insa-lyon.fr/temps/4IF23.html" "Mozilla/5.0 (Windows NT 6.1; rv:15.0) Gecko/20100101 Firefox/15.0.1"
192.168.0.81 - - [08/Sep/2012:17:09:12 +0200] "GET /temps/4IF25.html HTTP/1.1" 200 5187 "http://intranet-if.insa-lyon.fr/temps/4IF24.html" "Mozilla/5.0 (Windows NT 6.1; rv:15.0) Gecko/20100101 Firefox/15.0.1"
192.168.0.81 - - [08/Sep/2012:17:09:12 +0200] "GET /temps/4IF26.html HTTP/1.1" 200 5187 "http://intranet-if.insa-lyon.fr/temps/4IF25.html" "Mozilla/5.0 (Windows NT 6.1; rv:15.0) Gecko/20100101 Firefox/15.0.1"
192.168.0.81 - - [08/Sep/2012:17:09:13 +0200] "GET /temps/4IF27.html HTTP/1.1" 200 5174 "http://intranet-if.insa-lyon.fr/temps/4IF26.html" "Mozilla/5.0 (Windows NT 6.1; rv:15.0) Gecko/20100101 Firefox/15.0.1"
192.168.0.81 - - [08/Sep/2012:17:09:14 +0200] "GET /temps/.html HTTP/1.1" 403 213 "http://intranet-if.insa-lyon.fr/temps/4IF27.html" "Mozilla/5.0 (Windows NT 6.1; rv:15.0) Gecko/20100101 Firefox/15.0.1"
192.168.0.81 - - [08/Sep/2012:17:09:22 +0200] "GET /temps/3IF15.html HTTP/1.1" 200 24605 "http://intranet-if.insa-lyon.fr/temps/index.html" "Mozilla/5.0 (Windows NT 6.1; rv:15.0) Gecko/20100101 Firefox/15.0.1"
192.168.0.81 - - [08/Sep/2012:17:09:24 +0200] "GET /temps/3IF16.html HTTP/1.1" 200 24198 "http://intranet-if.insa-lyon.fr/temps/3IF15.html" "Mozilla/5.0 (Windows NT 6.1; rv:15.0) Gecko/20100101 Firefox/15.0.1"
192.168.0.81 - - [08/Sep/2012:17:09:24 +0200] "GET /temps/3IF17.html HTTP/1.1" 200 5189 "http://intranet-if.insa-lyon.fr/temps/3IF16.html" "Mozilla/5.0 (Windows NT 6.1; rv:15.0) Gecko/20100101 Firefox/15.0.1"
192.168.0.81 - - [08/Sep/2012:17:09:26 +0200] "GET /temps/3IF18.html HTTP/1.1" 200 5192 "http://intranet-if.insa-lyon.fr/temps/3IF17.html" "Mozilla/5.0 (Windows NT 6.1; rv:15.0) Gecko/20100101 Firefox/15.0.1"
192.168.0.81 - - [08/Sep/2012:17:09:27 +0200] "GET /temps/3IF19.html HTTP/1.1" 200 9043 "http://intranet-if.insa-lyon.fr/temps/3IF18.html" "Mozilla/5.0 (Windows NT 6.1; rv:15.0) Gecko/20100101 Firefox/15.0.1"
192.168.0.81 - - [08/Sep/2012:17:09:28 +0200] "GET /temps/3IF20.html HTTP/1.1" 200 23096 "http://intranet-if.insa-lyon.fr/temps/3IF19.html" "Mozilla/5.0 (Windows NT 6.1; rv:15.0) Gecko/20100101 Firefox/15.0.1"
192.168.0.82 - - [08/Sep/2012:17:12:34 +0200] "GET /SiteWebIF/Intranet-personnel.php HTTP/1.1" 302 478 "http://if.insa-lyon.fr/formation/ingenieur-if" "Mozilla/5.0 (Windows NT 6.1) AppleWebKit/537.1 (KHTML, like Gecko) Chrome/21.0.1180.89 Safari/537.1"
192.168.0.82 - - [08/Sep/2012:17:12:43 +0200] "GET /SiteWebIF/Intranet-personnel.php?ticket=ST-21194-tfMf7GYFF3gLJl2BhMlo-dsi-vm04 HTTP/1.1" 302 - "-" "Mozilla/5.0 (Windows NT 6.1) AppleWebKit/537.1 (KHTML, like Gecko) Chrome/21.0.1180.89 Safari/537.1"
192.168.0.82 - - [08/Sep/2012:17:12:44 +0200] "GET /SiteWebIF/Intranet-personnel.php HTTP/1.1" 200 5042 "-" "Mozilla/5.0 (Windows NT 6.1) AppleWebKit/537.1 (KHTML, like Gecko) Chrome/21.0.1180.89 Safari/537.1"
192.168.0.82 - - [08/Sep/2012:17:12:47 +0200] "GET /temps/ HTTP/1.1" 200 6835 "http://intranet-if.insa-lyon.fr/SiteWebIF/Intranet-personnel.php" "Mozilla/5.0 (Windows NT 6.1) AppleWebKit/537.1 (KHTML, like Gecko) Chrome/21.0.1180.89 Safari/537.1"
192.168.0.82 - - [08/Sep/2012:17:12:47 +0200] "GET /temps/style_emploi_du_temps.css HTTP/1.1" 200 1216 "http://intranet-if.insa-lyon.fr/temps/" "Mozilla/5.0 (Windows NT 6.1) AppleWebKit/537.1 (KHTML, like Gecko) Chrome/21.0.1180.89 Safari/537.1"
192.168.0.82 - - [08/Sep/2012:17:12:47 +0200] "GET /temps/FondInsa.jpg HTTP/1.1" 200 2828 "http://intranet-if.insa-lyon.fr/temps/" "Mozilla/5.0 (Windows NT 6.1) AppleWebKit/537.1 (KHTML, like Gecko) Chrome/21.0.1180.89 Safari/537.1"
192.168.0.82 - - [08/Sep/2012:17:12:56 +0200] "GET /temps/3IF44.html HTTP/1.1" 200 5207 "http://intranet-if.insa-lyon.fr/temps/" "Mozilla/5.0 (Windows NT 6.1) AppleWebKit/537.1 (KHTML, like Gecko) Chrome/21.0.1180.89 Safari/537.1"
192.168.0.82 - - [08/Sep/2012:17:12:56 +0200] "GET /temps/precedent.gif HTTP/1.1" 200 1906 "http://intranet-if.insa-lyon.fr/temps/3IF44.html" "Mozilla/5.0 (Windows NT 6.1) AppleWebKit/537.1 (KHTML, like Gecko) Chrome/21.0.1180.89 Safari/537.1"
192.168.0.82 - - [08/Sep/2012:17:12:56 +0200] "GET /temps/choix.gif HTTP/1.1" 200 2836 "http://intranet-if.insa-lyon.fr/temps/3IF44.html" "Mozilla/5.0 (Windows NT 6.1) AppleWebKit/537.1 (KHTML, like Gecko) Chrome/21.0.1180.89 Safari/537.1"
192.168.0.82 - - [08/Sep/2012:17:12:56 +0200] "GET /temps/suivant.gif HTTP/1.1" 200 1634 "http://intranet-if.insa-lyon.fr/temps/3IF44.html" "Mozilla/5.0 (Windows NT 6.1) AppleWebKit/537.1 (KHTML, like Gecko) Chrome/21.0.1180.89 Safari/537.1"
192.168.0.82 - - [08/Sep/2012:17:13:03 +0200] "GET /temps/3IF43.html HTTP/1.1" 200 22193 "http://intranet-if.insa-lyon.fr/temps/3IF44.html" "Mozilla/5.0 (Windows NT 6.1) AppleWebKit/537.1 (KHTML, like Gecko) Chrome/21.0.1180.89 Safari/537.1"
192.168.0.82 - - [08/Sep/2012:17:13:07 +0200] "GET /temps/3IF45.html HTTP/1.1" 200 23840 "http://intranet-if.insa-lyon.fr/temps/3IF44.html" "Mozilla/5.0 (Windows NT 6.1) AppleWebKit/537.1 (KHTML, like Gecko) Chrome/21.0.1180.89 Safari/537.1"
192.168.0.7 - - [08/Sep/2012:17:16:37 +0200] "GET /temps/5IF.ic HTTP/1.1" 404 210 "-" "Mozilla/5.0 (compatible; Googlebot/2.1; +http://www.google.com/bot.html)"
192.168.0.82 - - [08/Sep/2012:17:17:02 +0200] "GET /SiteWebIF/Intranet-personnel.php?ticket=ST-21217-j5yEgciXp4VYCKetxTWg-dsi-vm04 HTTP/1.1" 302 - "http://if.insa-lyon.fr/formation/ingenieur-if" "Mozilla/5.0 (Windows NT 6.1) AppleWebKit/537.1 (KHTML, like Gecko) Chrome/21.0.1180.89 Safari/537.1"
192.168.0.82 - - [08/Sep/2012:17:17:03 +0200] "GET /SiteWebIF/Intranet-personnel.php HTTP/1.1" 200 2667 "http://if.insa-lyon.fr/formation/ingenieur-if" "Mozilla/5.0 (Windows NT 6.1) AppleWebKit/537.1 (KHTML, like Gecko) Chrome/21.0.1180.89 Safari/537.1"
192.168.0.50 - - [08/Sep/2012:17:17:53 +0200] "GET /temps/3IF1.ics HTTP/1.1" 304 - "-" "DataAccess/1.0 (8C148)"
192.168.0.11 - - [08/Sep/2012:17:20:19 +0200] "GET /notesif HTTP/1.1" 301 248 "-" "Tiny Tiny RSS/1.5.11 (http://tt-rss.org/)"
192.168.0.11 - - [08/Sep/2012:17:20:19 +0200] "GET /notesif/ HTTP/1.1" 302 - "-" "Tiny Tiny RSS/1.5.11 (http://tt-rss.org/)"
192.168.0.11 - - [08/Sep/2012:17:20:19 +0200] "GET /cas/themes/insa/media/favicon.ico;jsessionid=8C5B9723A8A03C4063A3901F9EFFEFB0.dsi-vm03 HTTP/1.1" 404 284 "-" "Tiny Tiny RSS/1.5.11 (http://tt-rss.org/)"
192.168.0.80 - - [08/Sep/2012:17:22:06 +0200] "GET /temps/ HTTP/1.1" 200 6835 "http://www.google.fr/url?sa=t&rct=j&q=intranet%20if&source=web&cd=1&ved=0CCEQFjAA&url=http%3A%2F%2Fintranet-if.insa-lyon.fr%2Ftemps%2F&ei=nGJLUMX9KsW5hAf50oGICQ&usg=AFQjCNEWrHsRdIlhli_31qYl94w-yMCjpw" "Mozilla/5.0 (Windows NT 6.1; WOW64) AppleWebKit/534.57.2 (KHTML, like Gecko) Version/5.1.7 Safari/534.57.2"
192.168.0.80 - - [08/Sep/2012:17:22:09 +0200] "GET /temps/3IF37.html HTTP/1.1" 200 17269 "http://intranet-if.insa-lyon.fr/temps/" "Mozilla/5.0 (Windows NT 6.1; WOW64) AppleWebKit/534.57.2 (KHTML, like Gecko) Version/5.1.7 Safari/534.57.2"
192.168.0.80 - - [08/Sep/2012:17:22:09 +0200] "GET /temps/choix.gif HTTP/1.1" 200 2836 "http://intranet-if.insa-lyon.fr/temps/3IF37.html" "Mozilla/5.0 (Windows NT 6.1; WOW64) AppleWebKit/534.57.2 (KHTML, like Gecko) Version/5.1.7 Safari/534.57.2"
192.168.0.80 - - [08/Sep/2012:17:22:09 +0200] "GET /temps/precedent.gif HTTP/1.1" 200 1906 "http://intranet-if.insa-lyon.fr/temps/3IF37.html" "Mozilla/5.0 (Windows NT 6.1; WOW64) AppleWebKit/534.57.2 (KHTML, like Gecko) Version/5.1.7 Safari/534.57.2"
192.168.0.80 - - [08/Sep/2012:17:22:09 +0200] "GET /temps/suivant.gif HTTP/1.1" 200 1634 "http://intranet-if.insa-lyon.fr/temps/3IF37.html" "Mozilla/5.0 (Windows NT 6.1; WOW64) AppleWebKit/534.57.2 (KHTML, like Gecko) Version/5.1.7 Safari/534.57.2"
192.168.0.80 - - [08/Sep/2012:17:22:29 +0200] "GET /temps/3IF38.html HTTP/1.1" 200 21722 "http://intranet-if.insa-lyon.fr/temps/3IF37.html" "Mozilla/5.0 (Windows NT 6.1; WOW64) AppleWebKit/534.57.2 (KHTML, like Gecko) Version/5.1.7 Safari/534.57.2"
192.168.0.83 - - [08/Sep/2012:17:22:52 +0200] "GET /temps/ HTTP/1.1" 200 6835 "-" "Mozilla/5.0 (Linux; U; Android 4.0.3; fr-fr; GT-I9100 Build/IML74K) AppleWebKit/534.30 (KHTML, like Gecko) Version/4.0 Mobile Safari/534.30"
192.168.0.83 - - [08/Sep/2012:17:22:52 +0200] "GET /temps/style_emploi_du_temps.css HTTP/1.1" 200 1216 "http://intranet-if.insa-lyon.fr/temps/" "Mozilla/5.0 (Linux; U; Android 4.0.3; fr-fr; GT-I9100 Build/IML74K) AppleWebKit/534.30 (KHTML, like Gecko) Version/4.0 Mobile Safari/534.30"
192.168.0.83 - - [08/Sep/2012:17:22:52 +0200] "GET /temps/FondInsa.jpg HTTP/1.1" 200 2828 "http://intranet-if.insa-lyon.fr/temps/" "Mozilla/5.0 (Linux; U; Android 4.0.3; fr-fr; GT-I9100 Build/IML74K) AppleWebKit/534.30 (KHTML, like Gecko) Version/4.0 Mobile Safari/534.30"
192.168.0.83 - - [08/Sep/2012:17:22:52 +0200] "GET /temps/InsaIF.ico HTTP/1.1" 200 766 "http://intranet-if.insa-lyon.fr/temps/" "Mozilla/5.0 (Linux; U; Android 4.0.3; fr-fr; GT-I9100 Build/IML74K) AppleWebKit/534.30 (KHTML, like Gecko) Version/4.0 Mobile Safari/534.30"
192.168.0.80 - - [08/Sep/2012:17:22:59 +0200] "GET /temps/3IF39.html HTTP/1.1" 200 22495 "http://intranet-if.insa-lyon.fr/temps/3IF38.html" "Mozilla/5.0 (Windows NT 6.1; WOW64) AppleWebKit/534.57.2 (KHTML, like Gecko) Version/5.1.7 Safari/534.57.2"
192.168.0.84 - - [08/Sep/2012:17:23:12 +0200] "GET / HTTP/1.1" 200 216 "-" "Mozilla/5.0 (iPhone; CPU iPhone OS 5_1_1 like Mac OS X) AppleWebKit/534.46 (KHTML, like Gecko) Version/5.1 Mobile/9B206 Safari/7534.48.3"
192.168.0.84 - - [08/Sep/2012:17:23:28 +0200] "GET /SiteWebIF/Intranet-etudiant.php HTTP/1.1" 302 477 "http://if.insa-lyon.fr/" "Mozilla/5.0 (iPhone; CPU iPhone OS 5_1_1 like Mac OS X) AppleWebKit/534.46 (KHTML, like Gecko) Version/5.1 Mobile/9B206 Safari/7534.48.3"
192.168.0.84 - - [08/Sep/2012:17:23:49 +0200] "GET /SiteWebIF/Intranet-etudiant.php?ticket=ST-21248-lss3PjUhihUzf2WibbLq-dsi-vm04 HTTP/1.1" 302 - "-" "Mozilla/5.0 (iPhone; CPU iPhone OS 5_1_1 like Mac OS X) AppleWebKit/534.46 (KHTML, like Gecko) Version/5.1 Mobile/9B206 Safari/7534.48.3"
192.168.0.84 - - [08/Sep/2012:17:23:49 +0200] "GET /SiteWebIF/Intranet-etudiant.php HTTP/1.1" 200 3792 "-" "Mozilla/5.0 (iPhone; CPU iPhone OS 5_1_1 like Mac OS X) AppleWebKit/534.46 (KHTML, like Gecko) Version/5.1 Mobile/9B206 Safari/7534.48.3"
192.168.0.84 - - [08/Sep/2012:17:23:50 +0200] "GET /stages/bandeauFinal.jpg HTTP/1.1" 200 50390 "http://intranet-if.insa-lyon.fr/SiteWebIF/Intranet-etudiant.php" "Mozilla/5.0 (iPhone; CPU iPhone OS 5_1_1 like Mac OS X) AppleWebKit/534.46 (KHTML, like Gecko) Version/5.1 Mobile/9B206 Safari/7534.48.3"
192.168.0.84 - - [08/Sep/2012:17:23:54 +0200] "GET /notesif/ HTTP/1.1" 302 - "http://intranet-if.insa-lyon.fr/SiteWebIF/Intranet-etudiant.php" "Mozilla/5.0 (iPhone; CPU iPhone OS 5_1_1 like Mac OS X) AppleWebKit/534.46 (KHTML, like Gecko) Version/5.1 Mobile/9B206 Safari/7534.48.3"
192.168.0.84 - - [08/Sep/2012:17:24:10 +0200] "GET /temps/ HTTP/1.1" 200 6835 "http://intranet-if.insa-lyon.fr/SiteWebIF/Intranet-etudiant.php" "Mozilla/5.0 (iPhone; CPU iPhone OS 5_1_1 like Mac OS X) AppleWebKit/534.46 (KHTML, like Gecko) Version/5.1 Mobile/9B206 Safari/7534.48.3"
192.168.0.84 - - [08/Sep/2012:17:24:11 +0200] "GET /temps/style_emploi_du_temps.css HTTP/1.1" 200 1216 "http://intranet-if.insa-lyon.fr/temps/" "Mozilla/5.0 (iPhone; CPU iPhone OS 5_1_1 like Mac OS X) AppleWebKit/534.46 (KHTML, like Gecko) Version/5.1 Mobile/9B206 Safari/7534.48.3"
192.168.0.84 - - [08/Sep/2012:17:24:11 +0200] "GET /temps/FondInsa.jpg HTTP/1.1" 200 2828 "http://intranet-if.insa-lyon.fr/temps/" "Mozilla/5.0 (iPhone; CPU iPhone OS 5_1_1 like Mac OS X) AppleWebKit/534.46 (KHTML, like Gecko) Version/5.1 Mobile/9B206 Safari/7534.48.3"
192.168.0.84 - - [08/Sep/2012:17:24:39 +0200] "GET /temps/4IF37.html HTTP/1.1" 200 5197 "http://intranet-if.insa-lyon.fr/temps/" "Mozilla/5.0 (iPhone; CPU iPhone OS 5_1_1 like Mac OS X) AppleWebKit/534.46 (KHTML, like Gecko) Version/5.1 Mobile/9B206 Safari/7534.48.3"
192.168.0.84 - - [08/Sep/2012:17:24:39 +0200] "GET /temps/precedent.gif HTTP/1.1" 200 1906 "http://intranet-if.insa-lyon.fr/temps/4IF37.html" "Mozilla/5.0 (iPhone; CPU iPhone OS 5_1_1 like Mac OS X) AppleWebKit/534.46 (KHTML, like Gecko) Version/5.1 Mobile/9B206 Safari/7534.48.3"
192.168.0.84 - - [08/Sep/2012:17:24:39 +0200] "GET /temps/choix.gif HTTP/1.1" 200 2836 "http://intranet-if.insa-lyon.fr/temps/4IF37.html" "Mozilla/5.0 (iPhone; CPU iPhone OS 5_1_1 like Mac OS X) AppleWebKit/534.46 (KHTML, like Gecko) Version/5.1 Mobile/9B206 Safari/7534.48.3"
192.168.0.84 - - [08/Sep/2012:17:24:40 +0200] "GET /temps/suivant.gif HTTP/1.1" 200 1634 "http://intranet-if.insa-lyon.fr/temps/4IF37.html" "Mozilla/5.0 (iPhone; CPU iPhone OS 5_1_1 like Mac OS X) AppleWebKit/534.46 (KHTML, like Gecko) Version/5.1 Mobile/9B206 Safari/7534.48.3"
192.168.0.84 - - [08/Sep/2012:17:24:41 +0200] "GET /temps/4IF38.html HTTP/1.1" 200 15555 "http://intranet-if.insa-lyon.fr/temps/4IF37.html" "Mozilla/5.0 (iPhone; CPU iPhone OS 5_1_1 like Mac OS X) AppleWebKit/534.46 (KHTML, like Gecko) Version/5.1 Mobile/9B206 Safari/7534.48.3"
192.168.0.84 - - [08/Sep/2012:17:24:47 +0200] "GET /temps/4IF39.html HTTP/1.1" 200 17278 "http://intranet-if.insa-lyon.fr/temps/4IF38.html" "Mozilla/5.0 (iPhone; CPU iPhone OS 5_1_1 like Mac OS X) AppleWebKit/534.46 (KHTML, like Gecko) Version/5.1 Mobile/9B206 Safari/7534.48.3"
192.168.0.9 - - [08/Sep/2012:17:25:03 +0200] "GET /temps/4IF3.ics HTTP/1.1" 304 - "-" "Mozilla/5.0 (Windows NT 6.1; rv:15.0) Gecko/20120824 Thunderbird/15.0 Lightning/1.7"
