192.168.0.34 - - [08/Sep/2012:12:41:48 +0200] "GET /SiteWebIF/Intranet-etudiant.php?ticket=ST-19453-KUridZwB9h22Qkw6t2ph-dsi-vm04 HTTP/1.1" 302 - "http://if.insa-lyon.fr/" "Mozilla/5.0 (Windows NT 5.1; rv:12.0) Gecko/20100101 Firefox/12.0"
192.168.0.34 - - [08/Sep/2012:12:41:48 +0200] "GET /SiteWebIF/Intranet-etudiant.php HTTP/1.1" 200 1815 "http://if.insa-lyon.fr/" "Mozilla/5.0 (Windows NT 5.1; rv:12.0) Gecko/20100101 Firefox/12.0"
192.168.0.37 - - [08/Sep/2012:12:42:12 +0200] "POST /SiteWebIF/Intranet-etudiant.php HTTP/1.1" 302 477 "-" "Java/1.6.0_26"
192.168.0.37 - - [08/Sep/2012:12:42:12 +0200] "POST /SiteWebIF/Intranet-etudiant.php HTTP/1.1" 302 477 "-" "Java/1.6.0_26"
192.168.0.37 - - [08/Sep/2012:12:42:12 +0200] "POST /SiteWebIF/Intranet-etudiant.php HTTP/1.1" 302 477 "-" "Java/1.6.0_26"
192.168.0.37 - - [08/Sep/2012:12:42:12 +0200] "POST /SiteWebIF/Intranet-etudiant.php HTTP/1.1" 302 477 "-" "Java/1.6.0_26"
192.168.0.38 - - [08/Sep/2012:12:44:37 +0200] "GET /temps/3IF1.ics HTTP/1.1" 304 - "-" "DataAccess/1.0 (8C148)"
192.168.0.11 - - [08/Sep/2012:12:49:59 +0200] "GET /notesif HTTP/1.1" 301 248 "-" "Tiny Tiny RSS/1.5.11 (http://tt-rss.org/)"
192.168.0.11 - - [08/Sep/2012:12:49:59 +0200] "GET /notesif/ HTTP/1.1" 302 - "-" "Tiny Tiny RSS/1.5.11 (http://tt-rss.org/)"
192.168.0.11 - - [08/Sep/2012:12:50:00 +0200] "GET /cas/themes/insa/media/favicon.ico;jsessionid=33717D8FCDEA3ED485EAB3288E130DE3.dsi-vm04 HTTP/1.1" 404 284 "-" "Tiny Tiny RSS/1.5.11 (http://tt-rss.org/)"
192.168.0.39 - - [08/Sep/2012:12:54:02 +0200] "GET /temps/3IF1.ics HTTP/1.1" 304 - "-" "DataAccess/1.0 (8C148)"
192.168.0.9 - - [08/Sep/2012:12:55:02 +0200] "GET /temps/4IF3.ics HTTP/1.1" 304 - "-" "Mozilla/5.0 (Windows NT 6.1; rv:15.0) Gecko/20120824 Thunderbird/15.0 Lightning/1.7"
192.168.0.40 - - [08/Sep/2012:12:56:49 +0200] "GET /temps/FondInsa.jpg HTTP/1.1" 200 2828 "http://intranet-if.insa-lyon.fr/temps/" "Mozilla/5.0 (en-us) AppleWebKit/534.14 (KHTML, like Gecko; Google Wireless Transcoder) Chrome/9.0.597 Safari/534.14"
192.168.0.21 - - [08/Sep/2012:12:57:11 +0200] "GET /temps/ HTTP/1.1" 200 6835 "http://www.google.com/gwt/x?hl=fr&u=http://intranet-if.insa-lyon.fr/temps/&client=ms-samsung&q=Intranet+if&sa=X&ei=ayRLUNqhE7GM0wW-q4HgDw&ved=0CB4QFjAA" "SAMSUNG-GT-S5230/S5230NAIE3 SHP/VPP/R5 Jasmine/0.8 Nextreaming SMM-MMS/1.2.0 profile/MIDP-2.1 configuration/CLDC-1.1"
192.168.0.7 - - [08/Sep/2012:12:57:50 +0200] "GET /temps/3IF44.html HTTP/1.1" 304 - "-" "Mozilla/5.0 (compatible; Googlebot/2.1; +http://www.google.com/bot.html)"
192.168.0.41 - - [08/Sep/2012:13:01:39 +0200] "GET /temps/GL.ics HTTP/1.1" 304 - "-" "Mozilla/4.0 (compatible; MSIE 6.0; Windows NT 5.1; SV1; .NET CLR 1.1.4322) Zimbra/2.0"
192.168.0.28 - - [08/Sep/2012:13:03:20 +0200] "GET /temps/4IF4.ics HTTP/1.1" 200 78500 "-" "DataAccess/1.0 (8J2)"
192.168.0.42 - - [08/Sep/2012:13:03:39 +0200] "GET / HTTP/1.1" 200 216 "-" "Opera/9.80 (Windows NT 6.1; WOW64; U; fr) Presto/2.10.289 Version/12.02"
192.168.0.42 - - [08/Sep/2012:13:03:39 +0200] "GET /favicon.ico HTTP/1.1" 200 1700 "http://intranet-if.insa-lyon.fr/" "Opera/9.80 (Windows NT 6.1; WOW64; U; fr) Presto/2.10.289 Version/12.02"
192.168.0.42 - - [08/Sep/2012:13:03:54 +0200] "GET / HTTP/1.1" 200 216 "-" "Mozilla/5.0 (Windows NT 6.1; WOW64; rv:15.0) Gecko/20100101 Firefox/15.0"
192.168.0.42 - - [08/Sep/2012:13:03:54 +0200] "GET /favicon.ico HTTP/1.1" 200 1700 "-" "Mozilla/5.0 (Windows NT 6.1; WOW64; rv:15.0) Gecko/20100101 Firefox/15.0"
192.168.0.42 - - [08/Sep/2012:13:04:08 +0200] "GET /SiteWebIF/Intranet-etudiant.php HTTP/1.1" 302 477 "http://if.insa-lyon.fr/recherche/laboratoires-associes" "Opera/9.80 (Windows NT 6.1; WOW64; U; fr) Presto/2.10.289 Version/12.02"
192.168.0.42 - - [08/Sep/2012:13:04:19 +0200] "GET /SiteWebIF/Intranet-etudiant.php?ticket=ST-342400-BR7eop2OiRKoWEwXPEMQ-dsi-vm03 HTTP/1.1" 302 - "-" "Opera/9.80 (Windows NT 6.1; WOW64; U; fr) Presto/2.10.289 Version/12.02"
192.168.0.42 - - [08/Sep/2012:13:04:19 +0200] "GET /SiteWebIF/Intranet-etudiant.php HTTP/1.1" 200 3803 "-" "Opera/9.80 (Windows NT 6.1; WOW64; U; fr) Presto/2.10.289 Version/12.02"
192.168.0.42 - - [08/Sep/2012:13:04:19 +0200] "GET /stages/style_pfe.css HTTP/1.1" 200 895 "http://intranet-if.insa-lyon.fr/SiteWebIF/Intranet-etudiant.php" "Opera/9.80 (Windows NT 6.1; WOW64; U; fr) Presto/2.10.289 Version/12.02"
192.168.0.42 - - [08/Sep/2012:13:04:19 +0200] "GET /stages/InsaIF.ico HTTP/1.1" 200 766 "http://intranet-if.insa-lyon.fr/SiteWebIF/Intranet-etudiant.php" "Opera/9.80 (Windows NT 6.1; WOW64; U; fr) Presto/2.10.289 Version/12.02"
192.168.0.42 - - [08/Sep/2012:13:04:19 +0200] "GET /stages/bandeauFinal.jpg HTTP/1.1" 200 50390 "http://intranet-if.insa-lyon.fr/SiteWebIF/Intranet-etudiant.php" "Opera/9.80 (Windows NT 6.1; WOW64; U; fr) Presto/2.10.289 Version/12.02"
192.168.0.42 - - [08/Sep/2012:13:04:19 +0200] "GET /stages/FondInsa.jpg HTTP/1.1" 200 2828 "http://intranet-if.insa-lyon.fr/SiteWebIF/Intranet-etudiant.php" "Opera/9.80 (Windows NT 6.1; WOW64; U; fr) Presto/2.10.289 Version/12.02"
192.168.0.42 - - [08/Sep/2012:13:04:33 +0200] "GET /temps/ HTTP/1.1" 200 6835 "http://intranet-if.insa-lyon.fr/SiteWebIF/Intranet-etudiant.php" "Opera/9.80 (Windows NT 6.1; WOW64; U; fr) Presto/2.10.289 Version/12.02"
192.168.0.42 - - [08/Sep/2012:13:04:33 +0200] "GET /temps/style_emploi_du_temps.css HTTP/1.1" 200 1216 "http://intranet-if.insa-lyon.fr/temps/" "Opera/9.80 (Windows NT 6.1; WOW64; U; fr) Presto/2.10.289 Version/12.02"
192.168.0.42 - - [08/Sep/2012:13:04:33 +0200] "GET /temps/InsaIF.ico HTTP/1.1" 200 766 "http://intranet-if.insa-lyon.fr/temps/" "Opera/9.80 (Windows NT 6.1; WOW64; U; fr) Presto/2.10.289 Version/12.02"
192.168.0.42 - - [08/Sep/2012:13:04:33 +0200] "GET /temps/FondInsa.jpg HTTP/1.1" 200 2828 "http://intranet-if.insa-lyon.fr/temps/" "Opera/9.80 (Windows NT 6.1; WOW64; U; fr) Presto/2.10.289 Version/12.02"
192.168.0.42 - - [08/Sep/2012:13:04:58 +0200] "GET /temps/3IF37.html HTTP/1.1" 200 17269 "http://intranet-if.insa-lyon.fr/temps/" "Opera/9.80 (Windows NT 6.1; WOW64; U; fr) Presto/2.10.289 Version/12.02"
192.168.0.42 - - [08/Sep/2012:13:04:58 +0200] "GET /temps/precedent.gif HTTP/1.1" 200 1906 "http://intranet-if.insa-lyon.fr/temps/3IF37.html" "Opera/9.80 (Windows NT 6.1; WOW64; U; fr) Presto/2.10.289 Version/12.02"
192.168.0.42 - - [08/Sep/2012:13:04:58 +0200] "GET /temps/suivant.gif HTTP/1.1" 200 1634 "http://intranet-if.insa-lyon.fr/temps/3IF37.html" "Opera/9.80 (Windows NT 6.1; WOW64; U; fr) Presto/2.10.289 Version/12.02"
192.168.0.42 - - [08/Sep/2012:13:04:58 +0200] "GET /temps/choix.gif HTTP/1.1" 200 2836 "http://intranet-if.insa-lyon.fr/temps/3IF37.html" "Opera/9.80 (Windows NT 6.1; WOW64; U; fr) Presto/2.10.289 Version/12.02"
192.168.0.42 - - [08/Sep/2012:13:05:14 +0200] "GET /temps/3IF38.html HTTP/1.1" 200 21722 "http://intranet-if.insa-lyon.fr/temps/3IF37.html" "Opera/9.80 (Windows NT 6.1; WOW64; U; fr) Presto/2.10.289 Version/12.02"
192.168.0.42 - - [08/Sep/2012:13:05:20 +0200] "GET /temps/3IF39.html HTTP/1.1" 200 22495 "http://intranet-if.insa-lyon.fr/temps/3IF38.html" "Opera/9.80 (Windows NT 6.1; WOW64; U; fr) Presto/2.10.289 Version/12.02"
192.168.0.42 - - [08/Sep/2012:13:05:20 +0200] "GET /temps/3IF40.html HTTP/1.1" 200 23907 "http://intranet-if.insa-lyon.fr/temps/3IF39.html" "Opera/9.80 (Windows NT 6.1; WOW64; U; fr) Presto/2.10.289 Version/12.02"
192.168.0.42 - - [08/Sep/2012:13:05:21 +0200] "GET /temps/3IF41.html HTTP/1.1" 200 24037 "http://intranet-if.insa-lyon.fr/temps/3IF40.html" "Opera/9.80 (Windows NT 6.1; WOW64; U; fr) Presto/2.10.289 Version/12.02"
192.168.0.42 - - [08/Sep/2012:13:05:22 +0200] "GET /temps/3IF42.html HTTP/1.1" 200 22591 "http://intranet-if.insa-lyon.fr/temps/3IF41.html" "Opera/9.80 (Windows NT 6.1; WOW64; U; fr) Presto/2.10.289 Version/12.02"
192.168.0.42 - - [08/Sep/2012:13:05:23 +0200] "GET /temps/index.html HTTP/1.1" 200 6835 "http://intranet-if.insa-lyon.fr/temps/3IF42.html" "Opera/9.80 (Windows NT 6.1; WOW64; U; fr) Presto/2.10.289 Version/12.02"
192.168.0.42 - - [08/Sep/2012:13:05:42 +0200] "GET /temps/3IF37.html HTTP/1.1" 200 17269 "-" "Mozilla/5.0 (Windows NT 6.1; WOW64; rv:15.0) Gecko/20100101 Firefox/15.0"
192.168.0.42 - - [08/Sep/2012:13:05:42 +0200] "GET /temps/style_emploi_du_temps.css HTTP/1.1" 200 1216 "http://intranet-if.insa-lyon.fr/temps/3IF37.html" "Mozilla/5.0 (Windows NT 6.1; WOW64; rv:15.0) Gecko/20100101 Firefox/15.0"
192.168.0.42 - - [08/Sep/2012:13:05:42 +0200] "GET /temps/choix.gif HTTP/1.1" 200 2836 "http://intranet-if.insa-lyon.fr/temps/3IF37.html" "Mozilla/5.0 (Windows NT 6.1; WOW64; rv:15.0) Gecko/20100101 Firefox/15.0"
192.168.0.42 - - [08/Sep/2012:13:05:42 +0200] "GET /temps/precedent.gif HTTP/1.1" 200 1906 "http://intranet-if.insa-lyon.fr/temps/3IF37.html" "Mozilla/5.0 (Windows NT 6.1; WOW64; rv:15.0) Gecko/20100101 Firefox/15.0"
192.168.0.42 - - [08/Sep/2012:13:05:42 +0200] "GET /temps/suivant.gif HTTP/1.1" 200 1634 "http://intranet-if.insa-lyon.fr/temps/3IF37.html" "Mozilla/5.0 (Windows NT 6.1; WOW64; rv:15.0) Gecko/20100101 Firefox/15.0"
192.168.0.42 - - [08/Sep/2012:13:05:43 +0200] "GET /temps/InsaIF.ico HTTP/1.1" 200 766 "-" "Mozilla/5.0 (Windows NT 6.1; WOW64; rv:15.0) Gecko/20100101 Firefox/15.0"
192.168.0.42 - - [08/Sep/2012:13:05:43 +0200] "GET /temps/FondInsa.jpg HTTP/1.1" 200 2828 "http://intranet-if.insa-lyon.fr/temps/style_emploi_du_temps.css" "Mozilla/5.0 (Windows NT 6.1; WOW64; rv:15.0) Gecko/20100101 Firefox/15.0"
192.168.0.11 - - [08/Sep/2012:13:07:12 +0200] "GET /notesif HTTP/1.1" 301 248 "-" "Tiny Tiny RSS/1.5.11 (http://tt-rss.org/)"
192.168.0.11 - - [08/Sep/2012:13:07:12 +0200] "GET /notesif/ HTTP/1.1" 302 - "-" "Tiny Tiny RSS/1.5.11 (http://tt-rss.org/)"
192.168.0.11 - - [08/Sep/2012:13:07:13 +0200] "GET /cas/themes/insa/media/favicon.ico;jsessionid=640920203D0DDDC61BC720EC1D1ADA68.dsi-vm03 HTTP/1.1" 404 284 "-" "Tiny Tiny RSS/1.5.11 (http://tt-rss.org/)"
192.168.0.42 - - [08/Sep/2012:13:07:59 +0200] "GET /SiteWebIF/Intranet-etudiant.php HTTP/1.1" 200 1815 "http://if.insa-lyon.fr/" "Opera/9.80 (Windows NT 6.1; WOW64; U; fr) Presto/2.10.289 Version/12.02"
192.168.0.42 - - [08/Sep/2012:13:08:05 +0200] "GET /SiteWebIF/Intranet-etudiant.php HTTP/1.1" 200 1815 "-" "Opera/9.80 (Windows NT 6.1; WOW64; U; fr) Presto/2.10.289 Version/12.02"
192.168.0.43 - - [08/Sep/2012:13:09:01 +0200] "GET /temps/3IF1.ics HTTP/1.1" 304 - "-" "DataAccess/1.0 (8C148)"
192.168.0.12 - - [08/Sep/2012:13:20:03 +0200] "GET /notesif/RSS/RSS_4IF.xml HTTP/1.1" 200 57760 "-" "Feedfetcher-Google; (+http://www.google.com/feedfetcher.html; 1 subscribers; feed-id=16457623470660127987)"
192.168.0.10 - - [08/Sep/2012:13:22:12 +0200] "GET /notesif/RSS/RSS_4IF.xml HTTP/1.1" 200 57760 "http://intranet-if.insa-lyon.fr/notesif/RSS/RSS_4IF.xml" "Blogtrottr/2.0"
192.168.0.44 - - [08/Sep/2012:13:22:42 +0200] "GET /temps/5IF47.html HTTP/1.1" 200 22865 "-" "Mozilla/5.0 (Windows NT 6.1; WOW64) AppleWebKit/537.1 (KHTML, like Gecko) Chrome/21.0.1180.89 Safari/537.1"
192.168.0.44 - - [08/Sep/2012:13:22:44 +0200] "GET /temps/style_emploi_du_temps.css HTTP/1.1" 200 1216 "http://intranet-if.insa-lyon.fr/temps/5IF47.html" "Mozilla/5.0 (Windows NT 6.1; WOW64) AppleWebKit/537.1 (KHTML, like Gecko) Chrome/21.0.1180.89 Safari/537.1"
192.168.0.44 - - [08/Sep/2012:13:22:44 +0200] "GET /temps/FondInsa.jpg HTTP/1.1" 200 2828 "http://intranet-if.insa-lyon.fr/temps/5IF47.html" "Mozilla/5.0 (Windows NT 6.1; WOW64) AppleWebKit/537.1 (KHTML, like Gecko) Chrome/21.0.1180.89 Safari/537.1"
192.168.0.44 - - [08/Sep/2012:13:22:44 +0200] "GET /temps/suivant.gif HTTP/1.1" 200 1634 "http://intranet-if.insa-lyon.fr/temps/5IF47.html" "Mozilla/5.0 (Windows NT 6.1; WOW64) AppleWebKit/537.1 (KHTML, like Gecko) Chrome/21.0.1180.89 Safari/537.1"
192.168.0.44 - - [08/Sep/2012:13:22:44 +0200] "GET /temps/choix.gif HTTP/1.1" 200 2836 "http://intranet-if.insa-lyon.fr/temps/5IF47.html" "Mozilla/5.0 (Windows NT 6.1; WOW64) AppleWebKit/537.1 (KHTML, like Gecko) Chrome/21.0.1180.89 Safari/537.1"
192.168.0.44 - - [08/Sep/2012:13:22:44 +0200] "GET /temps/precedent.gif HTTP/1.1" 200 1906 "http://intranet-if.insa-lyon.fr/temps/5IF47.html" "Mozilla/5.0 (Windows NT 6.1; WOW64) AppleWebKit/537.1 (KHTML, like Gecko) Chrome/21.0.1180.89 Safari/537.1"
192.168.0.44 - - [08/Sep/2012:13:22:45 +0200] "GET /temps/InsaIF.ico HTTP/1.1" 200 766 "-" "Mozilla/5.0 (Windows NT 6.1; WOW64) AppleWebKit/537.1 (KHTML, like Gecko) Chrome/21.0.1180.89 Safari/537.1"
192.168.0.11 - - [08/Sep/2012:13:23:42 +0200] "GET /notesif HTTP/1.1" 301 248 "-" "Tiny Tiny RSS/1.5.11 (http://tt-rss.org/)"
192.168.0.11 - - [08/Sep/2012:13:23:42 +0200] "GET /notesif/ HTTP/1.1" 302 - "-" "Tiny Tiny RSS/1.5.11 (http://tt-rss.org/)"
192.168.0.11 - - [08/Sep/2012:13:23:43 +0200] "GET /cas/themes/insa/media/favicon.ico;jsessionid=2AD5D5071A22496C3495D3DF360F2E55.dsi-vm03 HTTP/1.1" 404 284 "-" "Tiny Tiny RSS/1.5.11 (http://tt-rss.org/)"
192.168.0.45 - - [08/Sep/2012:13:24:01 +0200] "GET /temps/3IF1.ics HTTP/1.1" 304 - "-" "DataAccess/1.0 (8C148)"
192.168.0.9 - - [08/Sep/2012:13:25:02 +0200] "GET /temps/4IF3.ics HTTP/1.1" 304 - "-" "Mozilla/5.0 (Windows NT 6.1; rv:15.0) Gecko/20120824 Thunderbird/15.0 Lightning/1.7"
192.168.0.46 - - [08/Sep/2012:13:26:42 +0200] "GET /temps/ HTTP/1.1" 200 6835 "http://www.google.fr/url?sa=t&rct=j&q=&esrc=s&source=web&cd=1&ved=0CCMQFjAA&url=http%3A%2F%2Fintranet-if.insa-lyon.fr%2Ftemps%2F&ei=cCtLUMzIGOW60QWFzYHoBQ&usg=AFQjCNEWrHsRdIlhli_31qYl94w-yMCjpw" "Opera/9.80 (Windows NT 6.1; WOW64; U; fr) Presto/2.10.289 Version/12.02"
192.168.0.46 - - [08/Sep/2012:13:26:42 +0200] "GET /temps/style_emploi_du_temps.css HTTP/1.1" 200 1216 "http://intranet-if.insa-lyon.fr/temps/" "Opera/9.80 (Windows NT 6.1; WOW64; U; fr) Presto/2.10.289 Version/12.02"
192.168.0.46 - - [08/Sep/2012:13:26:42 +0200] "GET /temps/InsaIF.ico HTTP/1.1" 200 766 "http://intranet-if.insa-lyon.fr/temps/" "Opera/9.80 (Windows NT 6.1; WOW64; U; fr) Presto/2.10.289 Version/12.02"
192.168.0.46 - - [08/Sep/2012:13:26:42 +0200] "GET /temps/FondInsa.jpg HTTP/1.1" 200 2828 "http://intranet-if.insa-lyon.fr/temps/" "Opera/9.80 (Windows NT 6.1; WOW64; U; fr) Presto/2.10.289 Version/12.02"
192.168.0.46 - - [08/Sep/2012:13:27:00 +0200] "GET / HTTP/1.1" 200 216 "-" "Opera/9.80 (Windows NT 6.1; WOW64; U; fr) Presto/2.10.289 Version/12.02"
192.168.0.46 - - [08/Sep/2012:13:27:00 +0200] "GET /favicon.ico HTTP/1.1" 200 1700 "http://intranet-if.insa-lyon.fr/" "Opera/9.80 (Windows NT 6.1; WOW64; U; fr) Presto/2.10.289 Version/12.02"
192.168.0.46 - - [08/Sep/2012:13:27:12 +0200] "GET /SiteWebIF/Intranet-etudiant.php HTTP/1.1" 302 477 "http://if.insa-lyon.fr/" "Opera/9.80 (Windows NT 6.1; WOW64; U; fr) Presto/2.10.289 Version/12.02"
192.168.0.46 - - [08/Sep/2012:13:27:15 +0200] "GET /SiteWebIF/Intranet-etudiant.php?ticket=ST-19678-kh2Kx4DkoFhBYkRAHAXq-dsi-vm04 HTTP/1.1" 302 - "-" "Opera/9.80 (Windows NT 6.1; WOW64; U; fr) Presto/2.10.289 Version/12.02"
192.168.0.46 - - [08/Sep/2012:13:27:15 +0200] "GET /SiteWebIF/Intranet-etudiant.php HTTP/1.1" 200 3833 "-" "Opera/9.80 (Windows NT 6.1; WOW64; U; fr) Presto/2.10.289 Version/12.02"
192.168.0.46 - - [08/Sep/2012:13:27:15 +0200] "GET /stages/style_pfe.css HTTP/1.1" 200 895 "http://intranet-if.insa-lyon.fr/SiteWebIF/Intranet-etudiant.php" "Opera/9.80 (Windows NT 6.1; WOW64; U; fr) Presto/2.10.289 Version/12.02"
192.168.0.46 - - [08/Sep/2012:13:27:15 +0200] "GET /stages/InsaIF.ico HTTP/1.1" 200 766 "http://intranet-if.insa-lyon.fr/SiteWebIF/Intranet-etudiant.php" "Opera/9.80 (Windows NT 6.1; WOW64; U; fr) Presto/2.10.289 Version/12.02"
192.168.0.46 - - [08/Sep/2012:13:27:15 +0200] "GET /stages/bandeauFinal.jpg HTTP/1.1" 200 50390 "http://intranet-if.insa-lyon.fr/SiteWebIF/Intranet-etudiant.php" "Opera/9.80 (Windows NT 6.1; WOW64; U; fr) Presto/2.10.289 Version/12.02"
192.168.0.46 - - [08/Sep/2012:13:27:15 +0200] "GET /stages/FondInsa.jpg HTTP/1.1" 200 2828 "http://intranet-if.insa-lyon.fr/SiteWebIF/Intranet-etudiant.php" "Opera/9.80 (Windows NT 6.1; WOW64; U; fr) Presto/2.10.289 Version/12.02"
192.168.0.46 - - [08/Sep/2012:13:27:22 +0200] "GET /notesif HTTP/1.1" 301 248 "http://intranet-if.insa-lyon.fr/SiteWebIF/Intranet-etudiant.php" "Opera/9.80 (Windows NT 6.1; WOW64; U; fr) Presto/2.10.289 Version/12.02"
192.168.0.46 - - [08/Sep/2012:13:27:22 +0200] "GET /notesif/ HTTP/1.1" 302 - "http://intranet-if.insa-lyon.fr/SiteWebIF/Intranet-etudiant.php" "Opera/9.80 (Windows NT 6.1; WOW64; U; fr) Presto/2.10.289 Version/12.02"
192.168.0.46 - - [08/Sep/2012:13:27:39 +0200] "GET /temps/3IF37.html HTTP/1.1" 200 17269 "http://intranet-if.insa-lyon.fr/temps/" "Opera/9.80 (Windows NT 6.1; WOW64; U; fr) Presto/2.10.289 Version/12.02"
192.168.0.46 - - [08/Sep/2012:13:27:40 +0200] "GET /temps/precedent.gif HTTP/1.1" 200 1906 "http://intranet-if.insa-lyon.fr/temps/3IF37.html" "Opera/9.80 (Windows NT 6.1; WOW64; U; fr) Presto/2.10.289 Version/12.02"
192.168.0.46 - - [08/Sep/2012:13:27:40 +0200] "GET /temps/choix.gif HTTP/1.1" 200 2836 "http://intranet-if.insa-lyon.fr/temps/3IF37.html" "Opera/9.80 (Windows NT 6.1; WOW64; U; fr) Presto/2.10.289 Version/12.02"
192.168.0.46 - - [08/Sep/2012:13:27:40 +0200] "GET /temps/suivant.gif HTTP/1.1" 200 1634 "http://intranet-if.insa-lyon.fr/temps/3IF37.html" "Opera/9.80 (Windows NT 6.1; WOW64; U; fr) Presto/2.10.289 Version/12.02"
192.168.0.46 - - [08/Sep/2012:13:30:57 +0200] "GET /temps/3IF38.html HTTP/1.1" 200 21722 "http://intranet-if.insa-lyon.fr/temps/3IF37.html" "Opera/9.80 (Windows NT 6.1; WOW64; U; fr) Presto/2.10.289 Version/12.02"
192.168.0.46 - - [08/Sep/2012:13:34:12 +0200] "GET /temps/3IF39.html HTTP/1.1" 200 22495 "http://intranet-if.insa-lyon.fr/temps/3IF38.html" "Opera/9.80 (Windows NT 6.1; WOW64; U; fr) Presto/2.10.289 Version/12.02"
192.168.0.7 - - [08/Sep/2012:13:35:33 +0200] "GET /temps/3IF4.ics HTTP/1.1" 200 121209 "-" "Mozilla/5.0 (compatible; Googlebot/2.1; +http://www.google.com/bot.html)"
192.168.0.28 - - [08/Sep/2012:13:35:45 +0200] "GET /temps/4IF4.ics HTTP/1.1" 200 78500 "-" "DataAccess/1.0 (8J2)"
192.168.0.12 - - [08/Sep/2012:13:35:48 +0200] "GET /notesif/RSS/RSS_3IF.xml HTTP/1.1" 200 95847 "-" "Feedfetcher-Google; (+http://www.google.com/feedfetcher.html; 2 subscribers; feed-id=16425187501328177924)"
192.168.0.22 - - [08/Sep/2012:13:38:29 +0200] "GET /temps/GO.ics HTTP/1.1" 200 10471 "-" "iCal/1395.7 CFNetwork/454.12.4 Darwin/10.8.0 (i386) (MacBookPro5%2C2)"
192.168.0.47 - - [08/Sep/2012:13:39:01 +0200] "GET /temps/3IF1.ics HTTP/1.1" 304 - "-" "DataAccess/1.0 (8C148)"
192.168.0.11 - - [08/Sep/2012:13:39:25 +0200] "GET /notesif HTTP/1.1" 301 248 "-" "Tiny Tiny RSS/1.5.11 (http://tt-rss.org/)"
192.168.0.11 - - [08/Sep/2012:13:39:25 +0200] "GET /notesif/ HTTP/1.1" 302 - "-" "Tiny Tiny RSS/1.5.11 (http://tt-rss.org/)"
192.168.0.11 - - [08/Sep/2012:13:39:25 +0200] "GET /cas/themes/insa/media/favicon.ico;jsessionid=6C6C08976E471D57F312CC538346500A.dsi-vm04 HTTP/1.1" 404 284 "-" "Tiny Tiny RSS/1.5.11 (http://tt-rss.org/)"
192.168.0.48 - - [08/Sep/2012:13:45:34 +0200] "GET /SiteWebIF/Intranet-etudiant.php HTTP/1.1" 302 477 "-" "Mozilla/5.0 (Windows NT 6.1; WOW64; rv:12.0) Gecko/20100101 Firefox/12.0"
192.168.0.49 - - [08/Sep/2012:13:48:19 +0200] "GET /SiteWebIF/Intranet-etudiant.php HTTP/1.1" 302 477 "http://if.insa-lyon.fr/" "Mozilla/5.0 (Windows NT 6.1; WOW64; rv:15.0) Gecko/20100101 Firefox/15.0.1"
192.168.0.49 - - [08/Sep/2012:13:48:24 +0200] "GET /SiteWebIF/Intranet-etudiant.php?ticket=ST-342623-uVkCMVoq9NTZOoIgJhJO-dsi-vm03 HTTP/1.1" 302 - "-" "Mozilla/5.0 (Windows NT 6.1; WOW64; rv:15.0) Gecko/20100101 Firefox/15.0.1"
192.168.0.49 - - [08/Sep/2012:13:48:24 +0200] "GET /SiteWebIF/Intranet-etudiant.php HTTP/1.1" 200 3833 "-" "Mozilla/5.0 (Windows NT 6.1; WOW64; rv:15.0) Gecko/20100101 Firefox/15.0.1"
192.168.0.49 - - [08/Sep/2012:13:48:24 +0200] "GET /stages/style_pfe.css HTTP/1.1" 200 895 "http://intranet-if.insa-lyon.fr/SiteWebIF/Intranet-etudiant.php" "Mozilla/5.0 (Windows NT 6.1; WOW64; rv:15.0) Gecko/20100101 Firefox/15.0.1"
192.168.0.49 - - [08/Sep/2012:13:48:24 +0200] "GET /stages/FondInsa.jpg HTTP/1.1" 200 2828 "http://intranet-if.insa-lyon.fr/stages/style_pfe.css" "Mozilla/5.0 (Windows NT 6.1; WOW64; rv:15.0) Gecko/20100101 Firefox/15.0.1"
192.168.0.49 - - [08/Sep/2012:13:48:24 +0200] "GET /stages/InsaIF.ico HTTP/1.1" 200 766 "-" "Mozilla/5.0 (Windows NT 6.1; WOW64; rv:15.0) Gecko/20100101 Firefox/15.0.1"
192.168.0.49 - - [08/Sep/2012:13:48:24 +0200] "GET /stages/bandeauFinal.jpg HTTP/1.1" 200 50390 "http://intranet-if.insa-lyon.fr/SiteWebIF/Intranet-etudiant.php" "Mozilla/5.0 (Windows NT 6.1; WOW64; rv:15.0) Gecko/20100101 Firefox/15.0.1"
192.168.0.50 - - [08/Sep/2012:13:48:26 +0200] "GET /temps/3IF1.ics HTTP/1.1" 304 - "-" "DataAccess/1.0 (8C148)"
192.168.0.49 - - [08/Sep/2012:13:48:33 +0200] "GET /temps/ HTTP/1.1" 200 6835 "http://intranet-if.insa-lyon.fr/SiteWebIF/Intranet-etudiant.php" "Mozilla/5.0 (Windows NT 6.1; WOW64; rv:15.0) Gecko/20100101 Firefox/15.0.1"
192.168.0.49 - - [08/Sep/2012:13:48:33 +0200] "GET /temps/style_emploi_du_temps.css HTTP/1.1" 200 1216 "http://intranet-if.insa-lyon.fr/temps/" "Mozilla/5.0 (Windows NT 6.1; WOW64; rv:15.0) Gecko/20100101 Firefox/15.0.1"
192.168.0.49 - - [08/Sep/2012:13:48:33 +0200] "GET /temps/InsaIF.ico HTTP/1.1" 200 766 "-" "Mozilla/5.0 (Windows NT 6.1; WOW64; rv:15.0) Gecko/20100101 Firefox/15.0.1"
192.168.0.49 - - [08/Sep/2012:13:48:33 +0200] "GET /temps/FondInsa.jpg HTTP/1.1" 200 2828 "http://intranet-if.insa-lyon.fr/temps/style_emploi_du_temps.css" "Mozilla/5.0 (Windows NT 6.1; WOW64; rv:15.0) Gecko/20100101 Firefox/15.0.1"
192.168.0.49 - - [08/Sep/2012:13:48:43 +0200] "GET /temps/3IF37.html HTTP/1.1" 200 17269 "http://intranet-if.insa-lyon.fr/temps/" "Mozilla/5.0 (Windows NT 6.1; WOW64; rv:15.0) Gecko/20100101 Firefox/15.0.1"
192.168.0.49 - - [08/Sep/2012:13:48:43 +0200] "GET /temps/precedent.gif HTTP/1.1" 200 1906 "http://intranet-if.insa-lyon.fr/temps/3IF37.html" "Mozilla/5.0 (Windows NT 6.1; WOW64; rv:15.0) Gecko/20100101 Firefox/15.0.1"
192.168.0.49 - - [08/Sep/2012:13:48:43 +0200] "GET /temps/choix.gif HTTP/1.1" 200 2836 "http://intranet-if.insa-lyon.fr/temps/3IF37.html" "Mozilla/5.0 (Windows NT 6.1; WOW64; rv:15.0) Gecko/20100101 Firefox/15.0.1"
192.168.0.49 - - [08/Sep/2012:13:48:43 +0200] "GET /temps/suivant.gif HTTP/1.1" 200 1634 "http://intranet-if.insa-lyon.fr/temps/3IF37.html" "Mozilla/5.0 (Windows NT 6.1; WOW64; rv:15.0) Gecko/20100101 Firefox/15.0.1"
192.168.0.49 - - [08/Sep/2012:13:49:04 +0200] "GET /temps/INSA.jpg HTTP/1.1" 200 184548 "http://intranet-if.insa-lyon.fr/temps/3IF37.html" "Mozilla/5.0 (Windows NT 6.1; WOW64; rv:15.0) Gecko/20100101 Firefox/15.0.1"
192.168.0.49 - - [08/Sep/2012:13:49:13 +0200] "GET /favicon.ico HTTP/1.1" 200 1700 "-" "Mozilla/5.0 (Windows NT 6.1; WOW64; rv:15.0) Gecko/20100101 Firefox/15.0.1"
192.168.0.49 - - [08/Sep/2012:13:51:11 +0200] "GET /temps/3IF38.html HTTP/1.1" 200 21722 "http://intranet-if.insa-lyon.fr/temps/3IF37.html" "Mozilla/5.0 (Windows NT 6.1; WOW64; rv:15.0) Gecko/20100101 Firefox/15.0.1"
192.168.0.51 - - [08/Sep/2012:13:51:40 +0200] "GET /temps/INSA.jpg HTTP/1.1" 200 184548 "http://intranet-if.insa-lyon.fr/temps/3IF37.html" "Mozilla/5.0 (Windows NT 6.1) AppleWebKit/537.1 (KHTML, like Gecko) Chrome/21.0.1180.89 Safari/537.1"
192.168.0.51 - - [08/Sep/2012:13:51:44 +0200] "GET /favicon.ico HTTP/1.1" 200 1700 "-" "Mozilla/5.0 (Windows NT 6.1) AppleWebKit/537.1 (KHTML, like Gecko) Chrome/21.0.1180.89 Safari/537.1"
192.168.0.52 - - [08/Sep/2012:13:55:35 +0200] "GET /temps/3IF3.ics HTTP/1.1" 304 - "-" "Mozilla/4.0 (compatible; MSIE 6.0; Windows NT 5.1; SV1; .NET CLR 1.1.4322) Zimbra/2.0"
192.168.0.11 - - [08/Sep/2012:13:55:45 +0200] "GET /notesif HTTP/1.1" 301 248 "-" "Tiny Tiny RSS/1.5.11 (http://tt-rss.org/)"
192.168.0.11 - - [08/Sep/2012:13:55:45 +0200] "GET /notesif/ HTTP/1.1" 302 - "-" "Tiny Tiny RSS/1.5.11 (http://tt-rss.org/)"
192.168.0.11 - - [08/Sep/2012:13:55:46 +0200] "GET /cas/themes/insa/media/favicon.ico;jsessionid=DD8797EB34204AC770BD56F295585520.dsi-vm04 HTTP/1.1" 404 284 "-" "Tiny Tiny RSS/1.5.11 (http://tt-rss.org/)"
192.168.0.49 - - [08/Sep/2012:13:56:52 +0200] "GET /SiteWebIF/Intranet-etudiant.php HTTP/1.1" 302 477 "-" "Mozilla/5.0 (Windows NT 6.1; WOW64; rv:15.0) Gecko/20100101 Firefox/15.0.1"
192.168.0.53 - - [08/Sep/2012:13:56:55 +0200] "GET /SiteWebIF/Intranet-etudiant.php HTTP/1.1" 200 1815 "http://if.insa-lyon.fr/" "Mozilla/5.0 (Windows NT 6.1; WOW64; rv:15.0) Gecko/20100101 Firefox/15.0"
192.168.0.53 - - [08/Sep/2012:13:56:55 +0200] "GET /stages/style_pfe.css HTTP/1.1" 200 895 "http://intranet-if.insa-lyon.fr/SiteWebIF/Intranet-etudiant.php" "Mozilla/5.0 (Windows NT 6.1; WOW64; rv:15.0) Gecko/20100101 Firefox/15.0"
192.168.0.53 - - [08/Sep/2012:13:56:55 +0200] "GET /stages/InsaIF.ico HTTP/1.1" 200 766 "-" "Mozilla/5.0 (Windows NT 6.1; WOW64; rv:15.0) Gecko/20100101 Firefox/15.0"
192.168.0.53 - - [08/Sep/2012:13:56:55 +0200] "GET /stages/FondInsa.jpg HTTP/1.1" 200 2828 "http://intranet-if.insa-lyon.fr/stages/style_pfe.css" "Mozilla/5.0 (Windows NT 6.1; WOW64; rv:15.0) Gecko/20100101 Firefox/15.0"
192.168.0.53 - - [08/Sep/2012:13:56:55 +0200] "GET /stages/bandeauFinal.jpg HTTP/1.1" 200 50390 "http://intranet-if.insa-lyon.fr/SiteWebIF/Intranet-etudiant.php" "Mozilla/5.0 (Windows NT 6.1; WOW64; rv:15.0) Gecko/20100101 Firefox/15.0"
192.168.0.53 - - [08/Sep/2012:13:56:57 +0200] "GET /notesif HTTP/1.1" 301 248 "http://intranet-if.insa-lyon.fr/SiteWebIF/Intranet-etudiant.php" "Mozilla/5.0 (Windows NT 6.1; WOW64; rv:15.0) Gecko/20100101 Firefox/15.0"
192.168.0.53 - - [08/Sep/2012:13:56:57 +0200] "GET /notesif/ HTTP/1.1" 302 - "http://intranet-if.insa-lyon.fr/SiteWebIF/Intranet-etudiant.php" "Mozilla/5.0 (Windows NT 6.1; WOW64; rv:15.0) Gecko/20100101 Firefox/15.0"
192.168.0.49 - - [08/Sep/2012:13:57:02 +0200] "GET /SiteWebIF/Intranet-etudiant.php?ticket=ST-19823-ieePC0fRHEYdDQS7vQqO-dsi-vm04 HTTP/1.1" 302 - "-" "Mozilla/5.0 (Windows NT 6.1; WOW64; rv:15.0) Gecko/20100101 Firefox/15.0.1"
192.168.0.49 - - [08/Sep/2012:13:57:02 +0200] "GET /SiteWebIF/Intranet-etudiant.php HTTP/1.1" 200 3833 "-" "Mozilla/5.0 (Windows NT 6.1; WOW64; rv:15.0) Gecko/20100101 Firefox/15.0.1"
192.168.0.53 - - [08/Sep/2012:13:57:15 +0200] "GET /temps/ HTTP/1.1" 200 6835 "http://intranet-if.insa-lyon.fr/SiteWebIF/Intranet-etudiant.php" "Mozilla/5.0 (Windows NT 6.1; WOW64; rv:15.0) Gecko/20100101 Firefox/15.0"
192.168.0.53 - - [08/Sep/2012:13:57:15 +0200] "GET /temps/style_emploi_du_temps.css HTTP/1.1" 200 1216 "http://intranet-if.insa-lyon.fr/temps/" "Mozilla/5.0 (Windows NT 6.1; WOW64; rv:15.0) Gecko/20100101 Firefox/15.0"
192.168.0.53 - - [08/Sep/2012:13:57:15 +0200] "GET /temps/InsaIF.ico HTTP/1.1" 200 766 "-" "Mozilla/5.0 (Windows NT 6.1; WOW64; rv:15.0) Gecko/20100101 Firefox/15.0"
192.168.0.53 - - [08/Sep/2012:13:57:16 +0200] "GET /temps/FondInsa.jpg HTTP/1.1" 200 2828 "http://intranet-if.insa-lyon.fr/temps/style_emploi_du_temps.css" "Mozilla/5.0 (Windows NT 6.1; WOW64; rv:15.0) Gecko/20100101 Firefox/15.0"
192.168.0.53 - - [08/Sep/2012:13:57:18 +0200] "GET /temps/4IF37.html HTTP/1.1" 200 5197 "http://intranet-if.insa-lyon.fr/temps/" "Mozilla/5.0 (Windows NT 6.1; WOW64; rv:15.0) Gecko/20100101 Firefox/15.0"
192.168.0.53 - - [08/Sep/2012:13:57:18 +0200] "GET /temps/precedent.gif HTTP/1.1" 200 1906 "http://intranet-if.insa-lyon.fr/temps/4IF37.html" "Mozilla/5.0 (Windows NT 6.1; WOW64; rv:15.0) Gecko/20100101 Firefox/15.0"
192.168.0.53 - - [08/Sep/2012:13:57:18 +0200] "GET /temps/choix.gif HTTP/1.1" 200 2836 "http://intranet-if.insa-lyon.fr/temps/4IF37.html" "Mozilla/5.0 (Windows NT 6.1; WOW64; rv:15.0) Gecko/20100101 Firefox/15.0"
192.168.0.53 - - [08/Sep/2012:13:57:18 +0200] "GET /temps/suivant.gif HTTP/1.1" 200 1634 "http://intranet-if.insa-lyon.fr/temps/4IF37.html" "Mozilla/5.0 (Windows NT 6.1; WOW64; rv:15.0) Gecko/20100101 Firefox/15.0"
192.168.0.53 - - [08/Sep/2012:13:57:20 +0200] "GET /temps/4IF38.html HTTP/1.1" 200 15555 "http://intranet-if.insa-lyon.fr/temps/4IF37.html" "Mozilla/5.0 (Windows NT 6.1; WOW64; rv:15.0) Gecko/20100101 Firefox/15.0"
192.168.0.49 - - [08/Sep/2012:13:57:22 +0200] "GET /temps/3IF39.html HTTP/1.1" 200 22495 "http://intranet-if.insa-lyon.fr/temps/3IF38.html" "Mozilla/5.0 (Windows NT 6.1; WOW64; rv:15.0) Gecko/20100101 Firefox/15.0.1"
192.168.0.53 - - [08/Sep/2012:13:58:06 +0200] "GET /temps/4IF39.html HTTP/1.1" 200 17278 "http://intranet-if.insa-lyon.fr/temps/4IF38.html" "Mozilla/5.0 (Windows NT 6.1; WOW64; rv:15.0) Gecko/20100101 Firefox/15.0"
192.168.0.54 - - [08/Sep/2012:13:58:09 +0200] "GET /temps/3IF40.html HTTP/1.1" 200 23907 "http://intranet-if.insa-lyon.fr/temps/3IF39.html" "Mozilla/5.0 (Windows NT 6.1; WOW64) AppleWebKit/537.1 (KHTML, like Gecko) Chrome/21.0.1180.89 Safari/537.1"
192.168.0.53 - - [08/Sep/2012:13:58:29 +0200] "GET /temps/4IF40.html HTTP/1.1" 200 19097 "http://intranet-if.insa-lyon.fr/temps/4IF39.html" "Mozilla/5.0 (Windows NT 6.1; WOW64; rv:15.0) Gecko/20100101 Firefox/15.0"
192.168.0.53 - - [08/Sep/2012:13:58:35 +0200] "GET /temps/4IF41.html HTTP/1.1" 200 17673 "http://intranet-if.insa-lyon.fr/temps/4IF40.html" "Mozilla/5.0 (Windows NT 6.1; WOW64; rv:15.0) Gecko/20100101 Firefox/15.0"
192.168.0.53 - - [08/Sep/2012:13:58:47 +0200] "GET /temps/4IF42.html HTTP/1.1" 200 18037 "http://intranet-if.insa-lyon.fr/temps/4IF41.html" "Mozilla/5.0 (Windows NT 6.1; WOW64; rv:15.0) Gecko/20100101 Firefox/15.0"
192.168.0.53 - - [08/Sep/2012:13:59:04 +0200] "GET /temps/4IF43.html HTTP/1.1" 200 17772 "http://intranet-if.insa-lyon.fr/temps/4IF42.html" "Mozilla/5.0 (Windows NT 6.1; WOW64; rv:15.0) Gecko/20100101 Firefox/15.0"
192.168.0.53 - - [08/Sep/2012:13:59:09 +0200] "GET /temps/4IF44.html HTTP/1.1" 200 5207 "http://intranet-if.insa-lyon.fr/temps/4IF43.html" "Mozilla/5.0 (Windows NT 6.1; WOW64; rv:15.0) Gecko/20100101 Firefox/15.0"
192.168.0.53 - - [08/Sep/2012:13:59:11 +0200] "GET /temps/4IF45.html HTTP/1.1" 200 17701 "http://intranet-if.insa-lyon.fr/temps/4IF44.html" "Mozilla/5.0 (Windows NT 6.1; WOW64; rv:15.0) Gecko/20100101 Firefox/15.0"
192.168.0.49 - - [08/Sep/2012:14:00:12 +0200] "GET /SiteWebIF/Intranet-etudiant.php HTTP/1.1" 302 477 "-" "Mozilla/5.0 (Windows NT 6.1; WOW64; rv:15.0) Gecko/20100101 Firefox/15.0.1"
192.168.0.49 - - [08/Sep/2012:14:00:21 +0200] "GET /SiteWebIF/Intranet-etudiant.php?ticket=ST-342699-X50gtfEpf5o9tdfrSnK4-dsi-vm03 HTTP/1.1" 302 - "-" "Mozilla/5.0 (Windows NT 6.1; WOW64; rv:15.0) Gecko/20100101 Firefox/15.0.1"
192.168.0.49 - - [08/Sep/2012:14:00:21 +0200] "GET /SiteWebIF/Intranet-etudiant.php HTTP/1.1" 200 3833 "-" "Mozilla/5.0 (Windows NT 6.1; WOW64; rv:15.0) Gecko/20100101 Firefox/15.0.1"
192.168.0.54 - - [08/Sep/2012:14:01:17 +0200] "GET /temps/5012S.jpg HTTP/1.1" 200 74271 "http://intranet-if.insa-lyon.fr/temps/3IF38.html" "Mozilla/5.0 (Windows NT 6.1; WOW64) AppleWebKit/537.1 (KHTML, like Gecko) Chrome/21.0.1180.89 Safari/537.1"
192.168.0.55 - - [08/Sep/2012:14:03:26 +0200] "GET /temps/3IF1.ics HTTP/1.1" 304 - "-" "DataAccess/1.0 (8C148)"
192.168.0.56 - - [08/Sep/2012:14:07:45 +0200] "GET / HTTP/1.1" 200 216 "-" "Mozilla/5.0 (Macintosh; Intel Mac OS X 10_6_8) AppleWebKit/537.1 (KHTML, like Gecko) Chrome/21.0.1180.89 Safari/537.1"
192.168.0.56 - - [08/Sep/2012:14:07:46 +0200] "GET /favicon.ico HTTP/1.1" 200 1700 "-" "Mozilla/5.0 (Macintosh; Intel Mac OS X 10_6_8) AppleWebKit/537.1 (KHTML, like Gecko) Chrome/21.0.1180.89 Safari/537.1"
192.168.0.56 - - [08/Sep/2012:14:07:56 +0200] "GET /SiteWebIF/Intranet-etudiant.php HTTP/1.1" 302 477 "http://if.insa-lyon.fr/" "Mozilla/5.0 (Macintosh; Intel Mac OS X 10_6_8) AppleWebKit/537.1 (KHTML, like Gecko) Chrome/21.0.1180.89 Safari/537.1"
192.168.0.56 - - [08/Sep/2012:14:08:15 +0200] "GET /SiteWebIF/Intranet-etudiant.php?ticket=ST-342763-eUNX90FjIfaECKlzhGcH-dsi-vm03 HTTP/1.1" 302 - "-" "Mozilla/5.0 (Macintosh; Intel Mac OS X 10_6_8) AppleWebKit/537.1 (KHTML, like Gecko) Chrome/21.0.1180.89 Safari/537.1"
192.168.0.56 - - [08/Sep/2012:14:08:16 +0200] "GET /SiteWebIF/Intranet-etudiant.php HTTP/1.1" 200 3934 "-" "Mozilla/5.0 (Macintosh; Intel Mac OS X 10_6_8) AppleWebKit/537.1 (KHTML, like Gecko) Chrome/21.0.1180.89 Safari/537.1"
192.168.0.56 - - [08/Sep/2012:14:08:17 +0200] "GET /stages/style_pfe.css HTTP/1.1" 200 895 "http://intranet-if.insa-lyon.fr/SiteWebIF/Intranet-etudiant.php" "Mozilla/5.0 (Macintosh; Intel Mac OS X 10_6_8) AppleWebKit/537.1 (KHTML, like Gecko) Chrome/21.0.1180.89 Safari/537.1"
192.168.0.56 - - [08/Sep/2012:14:08:18 +0200] "GET /stages/FondInsa.jpg HTTP/1.1" 200 2828 "http://intranet-if.insa-lyon.fr/SiteWebIF/Intranet-etudiant.php" "Mozilla/5.0 (Macintosh; Intel Mac OS X 10_6_8) AppleWebKit/537.1 (KHTML, like Gecko) Chrome/21.0.1180.89 Safari/537.1"
192.168.0.56 - - [08/Sep/2012:14:08:17 +0200] "GET /stages/bandeauFinal.jpg HTTP/1.1" 200 50390 "http://intranet-if.insa-lyon.fr/SiteWebIF/Intranet-etudiant.php" "Mozilla/5.0 (Macintosh; Intel Mac OS X 10_6_8) AppleWebKit/537.1 (KHTML, like Gecko) Chrome/21.0.1180.89 Safari/537.1"
192.168.0.56 - - [08/Sep/2012:14:08:21 +0200] "GET /stages/InsaIF.ico HTTP/1.1" 200 766 "-" "Mozilla/5.0 (Macintosh; Intel Mac OS X 10_6_8) AppleWebKit/537.1 (KHTML, like Gecko) Chrome/21.0.1180.89 Safari/537.1"
192.168.0.56 - - [08/Sep/2012:14:08:26 +0200] "GET /temps/style_pfe.css HTTP/1.1" 200 895 "http://intranet-if.insa-lyon.fr/temps/SoutenancesPFE.html" "Mozilla/5.0 (Macintosh; Intel Mac OS X 10_6_8) AppleWebKit/537.1 (KHTML, like Gecko) Chrome/21.0.1180.89 Safari/537.1"
192.168.0.56 - - [08/Sep/2012:14:08:26 +0200] "GET /temps/loupe.gif HTTP/1.1" 200 326 "http://intranet-if.insa-lyon.fr/temps/SoutenancesPFE.html" "Mozilla/5.0 (Macintosh; Intel Mac OS X 10_6_8) AppleWebKit/537.1 (KHTML, like Gecko) Chrome/21.0.1180.89 Safari/537.1"
192.168.0.56 - - [08/Sep/2012:14:08:25 +0200] "GET /temps/SoutenancesPFE.html HTTP/1.1" 200 93333 "http://intranet-if.insa-lyon.fr/SiteWebIF/Intranet-etudiant.php" "Mozilla/5.0 (Macintosh; Intel Mac OS X 10_6_8) AppleWebKit/537.1 (KHTML, like Gecko) Chrome/21.0.1180.89 Safari/537.1"
192.168.0.56 - - [08/Sep/2012:14:08:27 +0200] "GET /temps/FondInsa.jpg HTTP/1.1" 200 2828 "http://intranet-if.insa-lyon.fr/temps/SoutenancesPFE.html" "Mozilla/5.0 (Macintosh; Intel Mac OS X 10_6_8) AppleWebKit/537.1 (KHTML, like Gecko) Chrome/21.0.1180.89 Safari/537.1"
192.168.0.56 - - [08/Sep/2012:14:08:29 +0200] "GET /temps/InsaIF.ico HTTP/1.1" 200 766 "-" "Mozilla/5.0 (Macintosh; Intel Mac OS X 10_6_8) AppleWebKit/537.1 (KHTML, like Gecko) Chrome/21.0.1180.89 Safari/537.1"
192.168.0.56 - - [08/Sep/2012:14:13:03 +0200] "GET /stages/Listestage.php HTTP/1.1" 200 74705 "http://intranet-if.insa-lyon.fr/SiteWebIF/Intranet-etudiant.php" "Mozilla/5.0 (Macintosh; Intel Mac OS X 10_6_8) AppleWebKit/537.1 (KHTML, like Gecko) Chrome/21.0.1180.89 Safari/537.1"
192.168.0.57 - - [08/Sep/2012:14:13:09 +0200] "GET /temps/ HTTP/1.1" 200 6835 "-" "Mozilla/5.0 (iPhone; CPU iPhone OS 5_1_1 like Mac OS X) AppleWebKit/534.46 (KHTML, like Gecko) Version/5.1 Mobile/9B206 Safari/7534.48.3"
192.168.0.57 - - [08/Sep/2012:14:13:10 +0200] "GET /temps/style_emploi_du_temps.css HTTP/1.1" 200 1216 "http://intranet-if.insa-lyon.fr/temps/" "Mozilla/5.0 (iPhone; CPU iPhone OS 5_1_1 like Mac OS X) AppleWebKit/534.46 (KHTML, like Gecko) Version/5.1 Mobile/9B206 Safari/7534.48.3"
192.168.0.57 - - [08/Sep/2012:14:13:11 +0200] "GET /temps/FondInsa.jpg HTTP/1.1" 200 2828 "http://intranet-if.insa-lyon.fr/temps/" "Mozilla/5.0 (iPhone; CPU iPhone OS 5_1_1 like Mac OS X) AppleWebKit/534.46 (KHTML, like Gecko) Version/5.1 Mobile/9B206 Safari/7534.48.3"
192.168.0.57 - - [08/Sep/2012:14:13:14 +0200] "GET /temps/3IF37.html HTTP/1.1" 200 17269 "http://intranet-if.insa-lyon.fr/temps/" "Mozilla/5.0 (iPhone; CPU iPhone OS 5_1_1 like Mac OS X) AppleWebKit/534.46 (KHTML, like Gecko) Version/5.1 Mobile/9B206 Safari/7534.48.3"
192.168.0.57 - - [08/Sep/2012:14:13:15 +0200] "GET /temps/choix.gif HTTP/1.1" 200 2836 "http://intranet-if.insa-lyon.fr/temps/3IF37.html" "Mozilla/5.0 (iPhone; CPU iPhone OS 5_1_1 like Mac OS X) AppleWebKit/534.46 (KHTML, like Gecko) Version/5.1 Mobile/9B206 Safari/7534.48.3"
192.168.0.57 - - [08/Sep/2012:14:13:15 +0200] "GET /temps/suivant.gif HTTP/1.1" 200 1634 "http://intranet-if.insa-lyon.fr/temps/3IF37.html" "Mozilla/5.0 (iPhone; CPU iPhone OS 5_1_1 like Mac OS X) AppleWebKit/534.46 (KHTML, like Gecko) Version/5.1 Mobile/9B206 Safari/7534.48.3"
192.168.0.57 - - [08/Sep/2012:14:13:15 +0200] "GET /temps/precedent.gif HTTP/1.1" 200 1906 "http://intranet-if.insa-lyon.fr/temps/3IF37.html" "Mozilla/5.0 (iPhone; CPU iPhone OS 5_1_1 like Mac OS X) AppleWebKit/534.46 (KHTML, like Gecko) Version/5.1 Mobile/9B206 Safari/7534.48.3"
192.168.0.11 - - [08/Sep/2012:14:13:22 +0200] "GET /notesif HTTP/1.1" 301 248 "-" "Tiny Tiny RSS/1.5.11 (http://tt-rss.org/)"
192.168.0.11 - - [08/Sep/2012:14:13:22 +0200] "GET /notesif/ HTTP/1.1" 302 - "-" "Tiny Tiny RSS/1.5.11 (http://tt-rss.org/)"
192.168.0.11 - - [08/Sep/2012:14:13:23 +0200] "GET /cas/themes/insa/media/favicon.ico;jsessionid=D608B9E2E4086B111372384FC0FEB79D.dsi-vm04 HTTP/1.1" 404 284 "-" "Tiny Tiny RSS/1.5.11 (http://tt-rss.org/)"
192.168.0.57 - - [08/Sep/2012:14:13:35 +0200] "GET /temps/3IF38.html HTTP/1.1" 200 21722 "http://intranet-if.insa-lyon.fr/temps/3IF37.html" "Mozilla/5.0 (iPhone; CPU iPhone OS 5_1_1 like Mac OS X) AppleWebKit/534.46 (KHTML, like Gecko) Version/5.1 Mobile/9B206 Safari/7534.48.3"
192.168.0.58 - - [08/Sep/2012:14:18:30 +0200] "GET /temps/3IF1.ics HTTP/1.1" 304 - "-" "DataAccess/1.0 (8C148)"
192.168.0.59 - - [08/Sep/2012:14:21:55 +0200] "GET /notesif/RSS/RSS_4IF.xml HTTP/1.1" 200 57760 "http://intranet-if.insa-lyon.fr/notesif/RSS/RSS_4IF.xml" "Blogtrottr/2.0"
192.168.0.7 - - [08/Sep/2012:14:24:06 +0200] "GET /chercheurs/gcaplat/versionologie.html HTTP/1.1" 304 - "-" "Mozilla/5.0 (compatible; Googlebot/2.1; +http://www.google.com/bot.html)"
192.168.0.28 - - [08/Sep/2012:14:26:07 +0200] "GET /temps/4IF4.ics HTTP/1.1" 200 78500 "-" "DataAccess/1.0 (8J2)"
192.168.0.11 - - [08/Sep/2012:14:30:32 +0200] "GET /notesif HTTP/1.1" 301 248 "-" "Tiny Tiny RSS/1.5.11 (http://tt-rss.org/)"
192.168.0.11 - - [08/Sep/2012:14:30:32 +0200] "GET /notesif/ HTTP/1.1" 302 - "-" "Tiny Tiny RSS/1.5.11 (http://tt-rss.org/)"
192.168.0.11 - - [08/Sep/2012:14:30:33 +0200] "GET /cas/themes/insa/media/favicon.ico;jsessionid=CFB94B626C9B1E8BC4CF1F0E0D41DC4C.dsi-vm04 HTTP/1.1" 404 284 "-" "Tiny Tiny RSS/1.5.11 (http://tt-rss.org/)"
192.168.0.60 - - [08/Sep/2012:14:33:26 +0200] "GET /temps/3IF1.ics HTTP/1.1" 304 - "-" "DataAccess/1.0 (8C148)"
192.168.0.61 - - [08/Sep/2012:14:34:41 +0200] "GET /SiteWebIF/Intranet-etudiant.php HTTP/1.1" 302 477 "http://if.insa-lyon.fr/" "Mozilla/5.0 (Macintosh; Intel Mac OS X 10_7_4) AppleWebKit/536.25 (KHTML, like Gecko) Version/6.0 Safari/536.25"
192.168.0.61 - - [08/Sep/2012:14:34:50 +0200] "GET /SiteWebIF/Intranet-etudiant.php?ticket=ST-20080-hycMmVPg237ZS24go4QD-dsi-vm04 HTTP/1.1" 302 - "-" "Mozilla/5.0 (Macintosh; Intel Mac OS X 10_7_4) AppleWebKit/536.25 (KHTML, like Gecko) Version/6.0 Safari/536.25"
192.168.0.61 - - [08/Sep/2012:14:34:50 +0200] "GET /SiteWebIF/Intranet-etudiant.php HTTP/1.1" 200 3791 "-" "Mozilla/5.0 (Macintosh; Intel Mac OS X 10_7_4) AppleWebKit/536.25 (KHTML, like Gecko) Version/6.0 Safari/536.25"
192.168.0.61 - - [08/Sep/2012:14:34:51 +0200] "GET /stages/style_pfe.css HTTP/1.1" 200 895 "http://intranet-if.insa-lyon.fr/SiteWebIF/Intranet-etudiant.php" "Mozilla/5.0 (Macintosh; Intel Mac OS X 10_7_4) AppleWebKit/536.25 (KHTML, like Gecko) Version/6.0 Safari/536.25"
192.168.0.61 - - [08/Sep/2012:14:34:51 +0200] "GET /stages/FondInsa.jpg HTTP/1.1" 200 2828 "http://intranet-if.insa-lyon.fr/SiteWebIF/Intranet-etudiant.php" "Mozilla/5.0 (Macintosh; Intel Mac OS X 10_7_4) AppleWebKit/536.25 (KHTML, like Gecko) Version/6.0 Safari/536.25"
192.168.0.61 - - [08/Sep/2012:14:34:51 +0200] "GET /stages/bandeauFinal.jpg HTTP/1.1" 200 50390 "http://intranet-if.insa-lyon.fr/SiteWebIF/Intranet-etudiant.php" "Mozilla/5.0 (Macintosh; Intel Mac OS X 10_7_4) AppleWebKit/536.25 (KHTML, like Gecko) Version/6.0 Safari/536.25"
192.168.0.61 - - [08/Sep/2012:14:34:51 +0200] "GET /stages/InsaIF.ico HTTP/1.1" 200 766 "http://intranet-if.insa-lyon.fr/SiteWebIF/Intranet-etudiant.php" "Mozilla/5.0 (Macintosh; Intel Mac OS X 10_7_4) AppleWebKit/536.25 (KHTML, like Gecko) Version/6.0 Safari/536.25"
192.168.0.61 - - [08/Sep/2012:14:35:03 +0200] "GET /notesif HTTP/1.1" 301 248 "http://intranet-if.insa-lyon.fr/SiteWebIF/Intranet-etudiant.php" "Mozilla/5.0 (Macintosh; Intel Mac OS X 10_7_4) AppleWebKit/536.25 (KHTML, like Gecko) Version/6.0 Safari/536.25"
192.168.0.61 - - [08/Sep/2012:14:35:03 +0200] "GET /notesif/ HTTP/1.1" 302 - "http://intranet-if.insa-lyon.fr/SiteWebIF/Intranet-etudiant.php" "Mozilla/5.0 (Macintosh; Intel Mac OS X 10_7_4) AppleWebKit/536.25 (KHTML, like Gecko) Version/6.0 Safari/536.25"
192.168.0.61 - - [08/Sep/2012:14:35:21 +0200] "GET /stages/Listestage.php HTTP/1.1" 200 74696 "http://intranet-if.insa-lyon.fr/SiteWebIF/Intranet-etudiant.php" "Mozilla/5.0 (Macintosh; Intel Mac OS X 10_7_4) AppleWebKit/536.25 (KHTML, like Gecko) Version/6.0 Safari/536.25"
192.168.0.7 - - [08/Sep/2012:14:36:48 +0200] "GET /temps/EA.ics HTTP/1.1" 200 14137 "-" "Mozilla/5.0 (compatible; Googlebot/2.1; +http://www.google.com/bot.html)"
192.168.0.61 - - [08/Sep/2012:14:38:03 +0200] "GET /temps/ HTTP/1.1" 200 6835 "http://intranet-if.insa-lyon.fr/SiteWebIF/Intranet-etudiant.php" "Mozilla/5.0 (Macintosh; Intel Mac OS X 10_7_4) AppleWebKit/536.25 (KHTML, like Gecko) Version/6.0 Safari/536.25"
192.168.0.61 - - [08/Sep/2012:14:38:03 +0200] "GET /temps/style_emploi_du_temps.css HTTP/1.1" 200 1216 "http://intranet-if.insa-lyon.fr/temps/" "Mozilla/5.0 (Macintosh; Intel Mac OS X 10_7_4) AppleWebKit/536.25 (KHTML, like Gecko) Version/6.0 Safari/536.25"
192.168.0.61 - - [08/Sep/2012:14:38:04 +0200] "GET /temps/FondInsa.jpg HTTP/1.1" 200 2828 "http://intranet-if.insa-lyon.fr/temps/" "Mozilla/5.0 (Macintosh; Intel Mac OS X 10_7_4) AppleWebKit/536.25 (KHTML, like Gecko) Version/6.0 Safari/536.25"
192.168.0.61 - - [08/Sep/2012:14:38:04 +0200] "GET /temps/InsaIF.ico HTTP/1.1" 200 766 "http://intranet-if.insa-lyon.fr/temps/" "Mozilla/5.0 (Macintosh; Intel Mac OS X 10_7_4) AppleWebKit/536.25 (KHTML, like Gecko) Version/6.0 Safari/536.25"
192.168.0.61 - - [08/Sep/2012:14:38:09 +0200] "GET /temps/3IF37.html HTTP/1.1" 200 17269 "http://intranet-if.insa-lyon.fr/temps/" "Mozilla/5.0 (Macintosh; Intel Mac OS X 10_7_4) AppleWebKit/536.25 (KHTML, like Gecko) Version/6.0 Safari/536.25"
192.168.0.61 - - [08/Sep/2012:14:38:09 +0200] "GET /temps/precedent.gif HTTP/1.1" 200 1906 "http://intranet-if.insa-lyon.fr/temps/3IF37.html" "Mozilla/5.0 (Macintosh; Intel Mac OS X 10_7_4) AppleWebKit/536.25 (KHTML, like Gecko) Version/6.0 Safari/536.25"
192.168.0.61 - - [08/Sep/2012:14:38:09 +0200] "GET /temps/choix.gif HTTP/1.1" 200 2836 "http://intranet-if.insa-lyon.fr/temps/3IF37.html" "Mozilla/5.0 (Macintosh; Intel Mac OS X 10_7_4) AppleWebKit/536.25 (KHTML, like Gecko) Version/6.0 Safari/536.25"
192.168.0.61 - - [08/Sep/2012:14:38:09 +0200] "GET /temps/suivant.gif HTTP/1.1" 200 1634 "http://intranet-if.insa-lyon.fr/temps/3IF37.html" "Mozilla/5.0 (Macintosh; Intel Mac OS X 10_7_4) AppleWebKit/536.25 (KHTML, like Gecko) Version/6.0 Safari/536.25"
192.168.0.22 - - [08/Sep/2012:14:38:29 +0200] "GET /temps/GO.ics HTTP/1.1" 200 10471 "-" "iCal/1395.7 CFNetwork/454.12.4 Darwin/10.8.0 (i386) (MacBookPro5%2C2)"
192.168.0.61 - - [08/Sep/2012:14:39:00 +0200] "GET /SiteWebIF/Intranet-etudiant.php?ticket=ST-20120-6thEAtvZYsFiuf3A4z4d-dsi-vm04 HTTP/1.1" 302 - "http://if.insa-lyon.fr/" "Mozilla/5.0 (Macintosh; Intel Mac OS X 10_7_4) AppleWebKit/536.25 (KHTML, like Gecko) Version/6.0 Safari/536.25"
192.168.0.61 - - [08/Sep/2012:14:39:00 +0200] "GET /SiteWebIF/Intranet-etudiant.php HTTP/1.1" 200 1815 "http://if.insa-lyon.fr/" "Mozilla/5.0 (Macintosh; Intel Mac OS X 10_7_4) AppleWebKit/536.25 (KHTML, like Gecko) Version/6.0 Safari/536.25"
192.168.0.61 - - [08/Sep/2012:14:39:11 +0200] "GET /SiteWebIF/Intranet-etudiant.php HTTP/1.1" 200 1815 "http://if.insa-lyon.fr/" "Mozilla/5.0 (Macintosh; Intel Mac OS X 10_7_4) AppleWebKit/536.25 (KHTML, like Gecko) Version/6.0 Safari/536.25"
192.168.0.12 - - [08/Sep/2012:14:42:38 +0200] "GET /notesif/RSS/RSS_3IF.xml HTTP/1.1" 200 95847 "-" "Feedfetcher-Google; (+http://www.google.com/feedfetcher.html; 2 subscribers; feed-id=16425187501328177924)"
192.168.0.7 - - [08/Sep/2012:14:42:50 +0200] "GET /temps/4IF42.ics HTTP/1.1" 404 213 "-" "Mozilla/5.0 (compatible; Googlebot/2.1; +http://www.google.com/bot.html)"
192.168.0.11 - - [08/Sep/2012:14:46:28 +0200] "GET /notesif HTTP/1.1" 301 248 "-" "Tiny Tiny RSS/1.5.11 (http://tt-rss.org/)"
192.168.0.11 - - [08/Sep/2012:14:46:28 +0200] "GET /notesif/ HTTP/1.1" 302 - "-" "Tiny Tiny RSS/1.5.11 (http://tt-rss.org/)"
192.168.0.11 - - [08/Sep/2012:14:46:29 +0200] "GET /cas/themes/insa/media/favicon.ico;jsessionid=5B99C7D6EB49AA2B9AAF3DD7B7128296.dsi-vm03 HTTP/1.1" 404 284 "-" "Tiny Tiny RSS/1.5.11 (http://tt-rss.org/)"
192.168.0.62 - - [08/Sep/2012:14:48:26 +0200] "GET /temps/3IF1.ics HTTP/1.1" 304 - "-" "DataAccess/1.0 (8C148)"
192.168.0.27 - - [08/Sep/2012:14:59:33 +0200] "GET /temps/InsaIF.ico HTTP/1.1" 200 766 "-" "Mozilla/5.0 (compatible; MSIE 10.0; Windows NT 6.2; Win64; x64; Trident/6.0)"
192.168.0.63 - - [08/Sep/2012:15:03:35 +0200] "GET /temps/3IF1.ics HTTP/1.1" 304 - "-" "DataAccess/1.0 (8C148)"
192.168.0.11 - - [08/Sep/2012:15:03:59 +0200] "GET /notesif HTTP/1.1" 301 248 "-" "Tiny Tiny RSS/1.5.11 (http://tt-rss.org/)"
192.168.0.11 - - [08/Sep/2012:15:03:59 +0200] "GET /notesif/ HTTP/1.1" 302 - "-" "Tiny Tiny RSS/1.5.11 (http://tt-rss.org/)"
192.168.0.11 - - [08/Sep/2012:15:04:00 +0200] "GET /cas/themes/insa/media/favicon.ico;jsessionid=3D227DD976CCC8120204C76FCE297A5A.dsi-vm03 HTTP/1.1" 404 284 "-" "Tiny Tiny RSS/1.5.11 (http://tt-rss.org/)"
192.168.0.11 - - [08/Sep/2012:15:04:08 +0200] "GET /notesif HTTP/1.1" 301 248 "-" "Tiny Tiny RSS/1.5.11 (http://tt-rss.org/)"
192.168.0.11 - - [08/Sep/2012:15:04:08 +0200] "GET /notesif/ HTTP/1.1" 302 - "-" "Tiny Tiny RSS/1.5.11 (http://tt-rss.org/)"
192.168.0.11 - - [08/Sep/2012:15:04:09 +0200] "GET /cas/themes/insa/media/favicon.ico;jsessionid=38D3D572D3B532567D072121FE3A4F23.dsi-vm03 HTTP/1.1" 404 284 "-" "Tiny Tiny RSS/1.5.11 (http://tt-rss.org/)"
192.168.0.64 - - [08/Sep/2012:15:04:32 +0200] "GET /temps/3IF4.ics HTTP/1.1" 200 121209 "-" "Mac OS X/10.8.1 (12B19) CalendarAgent/47"
192.168.0.65 - - [08/Sep/2012:15:06:13 +0200] "GET /temps/4IF4.ics HTTP/1.1" 200 78500 "-" "DataAccess/1.0 (8J2)"
192.168.0.66 - - [08/Sep/2012:15:10:36 +0200] "GET /temps/ HTTP/1.1" 200 6835 "http://www.google.fr/url?sa=t&rct=j&q=&esrc=s&source=web&cd=1&ved=0CCgQFjAA&url=http%3A%2F%2Fintranet-if.insa-lyon.fr%2Ftemps%2F&ei=yENLUOeMA4eo0AX7tYCABA&usg=AFQjCNEWrHsRdIlhli_31qYl94w-yMCjpw" "Mozilla/5.0 (Windows NT 6.1; rv:15.0) Gecko/20100101 Firefox/15.0.1"
192.168.0.66 - - [08/Sep/2012:15:10:36 +0200] "GET /temps/style_emploi_du_temps.css HTTP/1.1" 200 1216 "http://intranet-if.insa-lyon.fr/temps/" "Mozilla/5.0 (Windows NT 6.1; rv:15.0) Gecko/20100101 Firefox/15.0.1"
192.168.0.66 - - [08/Sep/2012:15:10:36 +0200] "GET /temps/InsaIF.ico HTTP/1.1" 200 766 "-" "Mozilla/5.0 (Windows NT 6.1; rv:15.0) Gecko/20100101 Firefox/15.0.1"
192.168.0.66 - - [08/Sep/2012:15:10:36 +0200] "GET /temps/FondInsa.jpg HTTP/1.1" 200 2828 "http://intranet-if.insa-lyon.fr/temps/style_emploi_du_temps.css" "Mozilla/5.0 (Windows NT 6.1; rv:15.0) Gecko/20100101 Firefox/15.0.1"
192.168.0.66 - - [08/Sep/2012:15:10:48 +0200] "GET /temps/3IF37.html HTTP/1.1" 200 17269 "http://intranet-if.insa-lyon.fr/temps/" "Mozilla/5.0 (Windows NT 6.1; rv:15.0) Gecko/20100101 Firefox/15.0.1"
192.168.0.66 - - [08/Sep/2012:15:10:48 +0200] "GET /temps/precedent.gif HTTP/1.1" 200 1906 "http://intranet-if.insa-lyon.fr/temps/3IF37.html" "Mozilla/5.0 (Windows NT 6.1; rv:15.0) Gecko/20100101 Firefox/15.0.1"
192.168.0.66 - - [08/Sep/2012:15:10:48 +0200] "GET /temps/choix.gif HTTP/1.1" 200 2836 "http://intranet-if.insa-lyon.fr/temps/3IF37.html" "Mozilla/5.0 (Windows NT 6.1; rv:15.0) Gecko/20100101 Firefox/15.0.1"
192.168.0.66 - - [08/Sep/2012:15:10:48 +0200] "GET /temps/suivant.gif HTTP/1.1" 200 1634 "http://intranet-if.insa-lyon.fr/temps/3IF37.html" "Mozilla/5.0 (Windows NT 6.1; rv:15.0) Gecko/20100101 Firefox/15.0.1"
192.168.0.31 - - [08/Sep/2012:15:13:40 +0200] "GET /SiteWebIF/Intranet-etudiant.php HTTP/1.1" 302 477 "http://if.insa-lyon.fr/" "Mozilla/5.0 (Windows NT 6.1; WOW64; rv:15.0) Gecko/20100101 Firefox/15.0"
192.168.0.31 - - [08/Sep/2012:15:13:45 +0200] "GET /SiteWebIF/Intranet-etudiant.php?ticket=ST-20361-woDr42sSvX7JRUsbWt6e-dsi-vm04 HTTP/1.1" 302 - "-" "Mozilla/5.0 (Windows NT 6.1; WOW64; rv:15.0) Gecko/20100101 Firefox/15.0"
192.168.0.31 - - [08/Sep/2012:15:13:45 +0200] "GET /SiteWebIF/Intranet-etudiant.php HTTP/1.1" 200 3806 "-" "Mozilla/5.0 (Windows NT 6.1; WOW64; rv:15.0) Gecko/20100101 Firefox/15.0"
192.168.0.31 - - [08/Sep/2012:15:13:52 +0200] "GET /temps/4IF38.html HTTP/1.1" 200 15555 "http://intranet-if.insa-lyon.fr/temps/4IF37.html" "Mozilla/5.0 (Windows NT 6.1; WOW64; rv:15.0) Gecko/20100101 Firefox/15.0"
192.168.0.31 - - [08/Sep/2012:15:14:00 +0200] "GET /temps/4IF39.html HTTP/1.1" 200 17278 "http://intranet-if.insa-lyon.fr/temps/4IF38.html" "Mozilla/5.0 (Windows NT 6.1; WOW64; rv:15.0) Gecko/20100101 Firefox/15.0"
192.168.0.31 - - [08/Sep/2012:15:14:21 +0200] "GET /stages/Listestage.php HTTP/1.1" 200 74698 "http://intranet-if.insa-lyon.fr/SiteWebIF/Intranet-etudiant.php" "Mozilla/5.0 (Windows NT 6.1; WOW64; rv:15.0) Gecko/20100101 Firefox/15.0"
192.168.0.31 - - [08/Sep/2012:15:14:28 +0200] "GET /stages/Listestage.php HTTP/1.1" 200 74698 "http://intranet-if.insa-lyon.fr/SiteWebIF/Intranet-etudiant.php" "Mozilla/5.0 (Windows NT 6.1; WOW64; rv:15.0) Gecko/20100101 Firefox/15.0"
